[    0.000000] Linux version 6.6.0-12401-g8f6f76a6a29f (root@lweglarz) (gcc (Debian 12.2.0-14) 12.2.0, GNU ld (GNU Binutils for Debian) 2.40) #1 SMP PREEMPT_DYNAMIC Fri Nov  3 17:01:18 CET 2023
[    0.000000] Command line: BOOT_IMAGE=/vmlinuz-6.6.0-12401-g8f6f76a6a29f root=UUID=09b362a9-007e-4af4-96ab-59a7da7566f1 ro quiet
[    0.000000] BIOS-provided physical RAM map:
[    0.000000] BIOS-e820: [mem 0x0000000000000000-0x000000000009fbff] usable
[    0.000000] BIOS-e820: [mem 0x000000000009fc00-0x000000000009ffff] reserved
[    0.000000] BIOS-e820: [mem 0x00000000000f0000-0x00000000000fffff] reserved
[    0.000000] BIOS-e820: [mem 0x0000000000100000-0x00000000dffeffff] usable
[    0.000000] BIOS-e820: [mem 0x00000000dfff0000-0x00000000dfffffff] ACPI data
[    0.000000] BIOS-e820: [mem 0x00000000fec00000-0x00000000fec00fff] reserved
[    0.000000] BIOS-e820: [mem 0x00000000fee00000-0x00000000fee00fff] reserved
[    0.000000] BIOS-e820: [mem 0x00000000fffc0000-0x00000000ffffffff] reserved
[    0.000000] BIOS-e820: [mem 0x0000000100000000-0x000000011fffffff] usable
[    0.000000] NX (Execute Disable) protection: active
[    0.000000] APIC: Static calls initialized
[    0.000000] SMBIOS 2.5 present.
[    0.000000] DMI: innotek GmbH VirtualBox/VirtualBox, BIOS VirtualBox 12/01/2006
[    0.000000] Hypervisor detected: KVM
[    0.000000] kvm-clock: Using msrs 4b564d01 and 4b564d00
[    0.000001] kvm-clock: using sched offset of 6335574670809 cycles
[    0.000003] clocksource: kvm-clock: mask: 0xffffffffffffffff max_cycles: 0x1cd42e4dffb, max_idle_ns: 881590591483 ns
[    0.000005] tsc: Detected 2602.732 MHz processor
[    0.002203] e820: update [mem 0x00000000-0x00000fff] usable ==> reserved
[    0.002208] e820: remove [mem 0x000a0000-0x000fffff] usable
[    0.002212] last_pfn = 0x120000 max_arch_pfn = 0x400000000
[    0.002424] MTRRs disabled by BIOS
[    0.002505] x86/PAT: Configuration [0-7]: WB  WC  UC- UC  WB  WP  UC- WT  
[    0.002983] last_pfn = 0xdfff0 max_arch_pfn = 0x400000000
[    0.003058] found SMP MP-table at [mem 0x0009fff0-0x0009ffff]
[    0.003253] RAMDISK: [mem 0x3667b000-0x37334fff]
[    0.003258] ACPI: Early table checksum verification disabled
[    0.003261] ACPI: RSDP 0x00000000000E0000 000024 (v02 VBOX  )
[    0.003265] ACPI: XSDT 0x00000000DFFF0030 00003C (v01 VBOX   VBOXXSDT 00000001 ASL  00000061)
[    0.003269] ACPI: FACP 0x00000000DFFF00F0 0000F4 (v04 VBOX   VBOXFACP 00000001 ASL  00000061)
[    0.003274] ACPI: DSDT 0x00000000DFFF0630 002353 (v02 VBOX   VBOXBIOS 00000002 INTL 20210930)
[    0.003277] ACPI: FACS 0x00000000DFFF0200 000040
[    0.003279] ACPI: FACS 0x00000000DFFF0200 000040
[    0.003281] ACPI: APIC 0x00000000DFFF0240 00007C (v02 VBOX   VBOXAPIC 00000001 ASL  00000061)
[    0.003284] ACPI: SSDT 0x00000000DFFF02C0 00036C (v01 VBOX   VBOXCPUT 00000002 INTL 20210930)
[    0.003286] ACPI: Reserving FACP table memory at [mem 0xdfff00f0-0xdfff01e3]
[    0.003287] ACPI: Reserving DSDT table memory at [mem 0xdfff0630-0xdfff2982]
[    0.003287] ACPI: Reserving FACS table memory at [mem 0xdfff0200-0xdfff023f]
[    0.003288] ACPI: Reserving FACS table memory at [mem 0xdfff0200-0xdfff023f]
[    0.003288] ACPI: Reserving APIC table memory at [mem 0xdfff0240-0xdfff02bb]
[    0.003289] ACPI: Reserving SSDT table memory at [mem 0xdfff02c0-0xdfff062b]
[    0.004974] No NUMA configuration found
[    0.004975] Faking a node at [mem 0x0000000000000000-0x000000011fffffff]
[    0.004977] NODE_DATA(0) allocated [mem 0x11fff8000-0x11fffbfff]
[    0.004987] Zone ranges:
[    0.004988]   DMA      [mem 0x0000000000001000-0x0000000000ffffff]
[    0.004989]   DMA32    [mem 0x0000000001000000-0x00000000ffffffff]
[    0.004990]   Normal   [mem 0x0000000100000000-0x000000011fffffff]
[    0.004991] Movable zone start for each node
[    0.004992] Early memory node ranges
[    0.004992]   node   0: [mem 0x0000000000001000-0x000000000009efff]
[    0.004993]   node   0: [mem 0x0000000000100000-0x00000000dffeffff]
[    0.004994]   node   0: [mem 0x0000000100000000-0x000000011fffffff]
[    0.004995] Initmem setup node 0 [mem 0x0000000000001000-0x000000011fffffff]
[    0.004997] On node 0, zone DMA: 1 pages in unavailable ranges
[    0.005013] On node 0, zone DMA: 97 pages in unavailable ranges
[    0.010118] On node 0, zone Normal: 16 pages in unavailable ranges
[    0.013185] ACPI: PM-Timer IO Port: 0x4008
[    0.013520] IOAPIC[0]: apic_id 6, version 32, address 0xfec00000, GSI 0-23
[    0.013523] ACPI: INT_SRC_OVR (bus 0 bus_irq 0 global_irq 2 dfl dfl)
[    0.013525] ACPI: INT_SRC_OVR (bus 0 bus_irq 9 global_irq 9 low level)
[    0.013547] ACPI: Using ACPI (MADT) for SMP configuration information
[    0.013548] smpboot: Allowing 6 CPUs, 0 hotplug CPUs
[    0.013669] PM: hibernation: Registered nosave memory: [mem 0x00000000-0x00000fff]
[    0.013670] PM: hibernation: Registered nosave memory: [mem 0x0009f000-0x0009ffff]
[    0.013671] PM: hibernation: Registered nosave memory: [mem 0x000a0000-0x000effff]
[    0.013672] PM: hibernation: Registered nosave memory: [mem 0x000f0000-0x000fffff]
[    0.013672] PM: hibernation: Registered nosave memory: [mem 0xdfff0000-0xdfffffff]
[    0.013673] PM: hibernation: Registered nosave memory: [mem 0xe0000000-0xfebfffff]
[    0.013673] PM: hibernation: Registered nosave memory: [mem 0xfec00000-0xfec00fff]
[    0.013674] PM: hibernation: Registered nosave memory: [mem 0xfec01000-0xfedfffff]
[    0.013674] PM: hibernation: Registered nosave memory: [mem 0xfee00000-0xfee00fff]
[    0.013675] PM: hibernation: Registered nosave memory: [mem 0xfee01000-0xfffbffff]
[    0.013675] PM: hibernation: Registered nosave memory: [mem 0xfffc0000-0xffffffff]
[    0.013676] [mem 0xe0000000-0xfebfffff] available for PCI devices
[    0.013677] Booting paravirtualized kernel on KVM
[    0.013679] clocksource: refined-jiffies: mask: 0xffffffff max_cycles: 0xffffffff, max_idle_ns: 1910969940391419 ns
[    0.018825] setup_percpu: NR_CPUS:64 nr_cpumask_bits:6 nr_cpu_ids:6 nr_node_ids:1
[    0.019041] percpu: Embedded 54 pages/cpu s183016 r8192 d29976 u262144
[    0.019044] pcpu-alloc: s183016 r8192 d29976 u262144 alloc=1*2097152
[    0.019046] pcpu-alloc: [0] 0 1 2 3 4 5 - - 
[    0.019244] Kernel command line: BOOT_IMAGE=/vmlinuz-6.6.0-12401-g8f6f76a6a29f root=UUID=09b362a9-007e-4af4-96ab-59a7da7566f1 ro quiet
[    0.019268] Unknown kernel command line parameters "BOOT_IMAGE=/vmlinuz-6.6.0-12401-g8f6f76a6a29f", will be passed to user space.
[    0.019298] random: crng init done
[    0.019576] Dentry cache hash table entries: 524288 (order: 10, 4194304 bytes, linear)
[    0.019728] Inode-cache hash table entries: 262144 (order: 9, 2097152 bytes, linear)
[    0.019829] Fallback order for Node 0: 0 
[    0.019831] Built 1 zonelists, mobility grouping on.  Total pages: 1031920
[    0.019832] Policy zone: Normal
[    0.019833] mem auto-init: stack:all(zero), heap alloc:off, heap free:off
[    0.019836] software IO TLB: area num 8.
[    0.037007] Memory: 4001544K/4193848K available (18432K kernel code, 2738K rwdata, 6552K rodata, 2644K init, 1520K bss, 192044K reserved, 0K cma-reserved)
[    0.037032] SLUB: HWalign=64, Order=0-3, MinObjects=0, CPUs=6, Nodes=1
[    0.037039] Kernel/User page tables isolation: enabled
[    0.037835] Dynamic Preempt: voluntary
[    0.037857] rcu: Preemptible hierarchical RCU implementation.
[    0.037858] rcu: 	RCU event tracing is enabled.
[    0.037858] rcu: 	RCU restricting CPUs from NR_CPUS=64 to nr_cpu_ids=6.
[    0.037859] 	Trampoline variant of Tasks RCU enabled.
[    0.037860] rcu: RCU calculated value of scheduler-enlistment delay is 100 jiffies.
[    0.037860] rcu: Adjusting geometry for rcu_fanout_leaf=16, nr_cpu_ids=6
[    0.038927] NR_IRQS: 4352, nr_irqs: 472, preallocated irqs: 16
[    0.040100] rcu: srcu_init: Setting srcu_struct sizes based on contention.
[    0.067064] Console: colour VGA+ 80x25
[    0.067067] printk: console [tty0] enabled
[    0.067085] ACPI: Core revision 20230628
[    0.067224] APIC: Switch to symmetric I/O mode setup
[    0.074463] ..TIMER: vector=0x30 apic1=0 pin1=2 apic2=-1 pin2=-1
[    0.074625] clocksource: tsc-early: mask: 0xffffffffffffffff max_cycles: 0x258450e8048, max_idle_ns: 440795232583 ns
[    0.074632] Calibrating delay loop (skipped) preset value.. 5205.46 BogoMIPS (lpj=2602732)
[    0.076502] Last level iTLB entries: 4KB 64, 2MB 8, 4MB 8
[    0.076504] Last level dTLB entries: 4KB 64, 2MB 0, 4MB 0, 1GB 4
[    0.076520] Spectre V1 : Mitigation: usercopy/swapgs barriers and __user pointer sanitization
[    0.076522] Spectre V2 : Mitigation: Retpolines
[    0.076522] Spectre V2 : Spectre v2 / SpectreRSB mitigation: Filling RSB on context switch
[    0.076523] Spectre V2 : Spectre v2 / SpectreRSB : Filling RSB on VMEXIT
[    0.076523] RETBleed: WARNING: Spectre v2 mitigation leaves CPU vulnerable to RETBleed attacks, data leaks possible!
[    0.076630] RETBleed: Vulnerable
[    0.076631] Speculative Store Bypass: Vulnerable
[    0.076650] MDS: Mitigation: Clear CPU buffers
[    0.076651] MMIO Stale Data: Mitigation: Clear CPU buffers
[    0.076664] SRBDS: Unknown: Dependent on hypervisor status
[    0.076666] GDS: Unknown: Dependent on hypervisor status
[    0.076756] x86/fpu: Supporting XSAVE feature 0x001: 'x87 floating point registers'
[    0.076758] x86/fpu: Supporting XSAVE feature 0x002: 'SSE registers'
[    0.076758] x86/fpu: Supporting XSAVE feature 0x004: 'AVX registers'
[    0.076759] x86/fpu: xstate_offset[2]:  576, xstate_sizes[2]:  256
[    0.076760] x86/fpu: Enabled xstate features 0x7, context size is 832 bytes, using 'standard' format.
[    0.089699] Freeing SMP alternatives memory: 48K
[    0.089702] pid_max: default: 32768 minimum: 301
[    0.089716] LSM: initializing lsm=capability,selinux,integrity
[    0.089719] SELinux:  Initializing.
[    0.089737] Mount-cache hash table entries: 8192 (order: 4, 65536 bytes, linear)
[    0.089742] Mountpoint-cache hash table entries: 8192 (order: 4, 65536 bytes, linear)
[    0.190912] APIC calibration not consistent with PM-Timer: 98ms instead of 100ms
[    0.190916] APIC delta adjusted to PM-Timer: 6254426 (6142549)
[    0.191187] smpboot: CPU0: Intel(R) Core(TM) i7-9750H CPU @ 2.60GHz (family: 0x6, model: 0x9e, stepping: 0xa)
[    0.191311] RCU Tasks: Setting shift to 3 and lim to 1 rcu_task_cb_adjust=1.
[    0.191319] Performance Events: unsupported p6 CPU model 158 no PMU driver, software events only.
[    0.191367] signal: max sigframe size: 1776
[    0.191386] rcu: Hierarchical SRCU implementation.
[    0.191387] rcu: 	Max phase no-delay instances is 400.
[    0.191518] smp: Bringing up secondary CPUs ...
[    0.191585] smpboot: x86: Booting SMP configuration:
[    0.191586] .... node  #0, CPUs:      #1 #2 #3 #4 #5
[    0.198800] smp: Brought up 1 node, 6 CPUs
[    0.198806] smpboot: Max logical packages: 1
[    0.198807] smpboot: Total of 6 processors activated (31232.78 BogoMIPS)
[    0.205656] devtmpfs: initialized
[    0.206738] clocksource: jiffies: mask: 0xffffffff max_cycles: 0xffffffff, max_idle_ns: 1911260446275000 ns
[    0.206742] futex hash table entries: 2048 (order: 5, 131072 bytes, linear)
[    0.207630] PM: RTC time: 15:47:26, date: 2023-11-03
[    0.208768] NET: Registered PF_NETLINK/PF_ROUTE protocol family
[    0.208827] audit: initializing netlink subsys (disabled)
[    0.209685] audit: type=2000 audit(1699035727.837:1): state=initialized audit_enabled=0 res=1
[    0.209855] thermal_sys: Registered thermal governor 'step_wise'
[    0.209857] thermal_sys: Registered thermal governor 'user_space'
[    0.209865] cpuidle: using governor menu
[    0.210410] PCI: Using configuration type 1 for base access
[    0.210545] kprobes: kprobe jump-optimization is enabled. All kprobes are optimized if possible.
[    0.219043] HugeTLB: registered 2.00 MiB page size, pre-allocated 0 pages
[    0.219045] HugeTLB: 28 KiB vmemmap can be freed for a 2.00 MiB page
[    0.224855] ACPI: Added _OSI(Module Device)
[    0.224857] ACPI: Added _OSI(Processor Device)
[    0.224858] ACPI: Added _OSI(3.0 _SCP Extensions)
[    0.224859] ACPI: Added _OSI(Processor Aggregator Device)
[    0.225628] ACPI: 2 ACPI AML tables successfully acquired and loaded
[    0.226811] ACPI: _OSC evaluation for CPUs failed, trying _PDC
[    0.226811] ACPI: Interpreter enabled
[    0.226811] ACPI: PM: (supports S0 S5)
[    0.226811] ACPI: Using IOAPIC for interrupt routing
[    0.227048] PCI: Using host bridge windows from ACPI; if necessary, use "pci=nocrs" and report a bug
[    0.227050] PCI: Using E820 reservations for host bridge windows
[    0.227148] ACPI: Enabled 2 GPEs in block 00 to 07
[    0.230597] ACPI: PCI Root Bridge [PCI0] (domain 0000 [bus 00-ff])
[    0.230602] acpi PNP0A03:00: _OSC: OS supports [ASPM ClockPM Segments MSI HPX-Type3]
[    0.230603] acpi PNP0A03:00: _OSC: not requesting OS control; OS requires [ExtendedConfig ASPM ClockPM MSI]
[    0.230628] acpi PNP0A03:00: fail to add MMCONFIG information, can't access extended configuration space under this bridge
[    0.230628] PCI host bridge to bus 0000:00
[    0.230628] pci_bus 0000:00: root bus resource [io  0x0000-0x0cf7 window]
[    0.230628] pci_bus 0000:00: root bus resource [io  0x0d00-0xffff window]
[    0.230628] pci_bus 0000:00: root bus resource [mem 0x000a0000-0x000bffff window]
[    0.230628] pci_bus 0000:00: root bus resource [mem 0xe0000000-0xfdffffff window]
[    0.230628] pci_bus 0000:00: root bus resource [bus 00-ff]
[    0.230628] pci 0000:00:00.0: [8086:1237] type 00 class 0x060000
[    0.231628] pci 0000:00:01.0: [8086:7000] type 00 class 0x060100
[    0.232628] pci 0000:00:02.0: [15ad:0405] type 00 class 0x030000
[    0.235631] pci 0000:00:02.0: reg 0x10: [io  0xd000-0xd00f]
[    0.238631] pci 0000:00:02.0: reg 0x14: [mem 0xe0000000-0xe0ffffff pref]
[    0.240630] pci 0000:00:02.0: reg 0x18: [mem 0xf0000000-0xf01fffff]
[    0.254816] pci 0000:00:02.0: Video device with shadowed ROM at [mem 0x000c0000-0x000dffff]
[    0.256967] pci 0000:00:03.0: [8086:100e] type 00 class 0x020000
[    0.258797] pci 0000:00:03.0: reg 0x10: [mem 0xf0200000-0xf021ffff]
[    0.260788] pci 0000:00:03.0: reg 0x18: [io  0xd010-0xd017]
[    0.268891] pci 0000:00:04.0: [80ee:cafe] type 00 class 0x088000
[    0.270802] pci 0000:00:04.0: reg 0x10: [io  0xd020-0xd03f]
[    0.271798] pci 0000:00:04.0: reg 0x14: [mem 0xf0400000-0xf07fffff]
[    0.273677] pci 0000:00:04.0: reg 0x18: [mem 0xf0800000-0xf0803fff pref]
[    0.280632] pci 0000:00:06.0: [106b:003f] type 00 class 0x0c0310
[    0.282005] pci 0000:00:06.0: reg 0x10: [mem 0xf0804000-0xf0804fff]
[    0.289974] pci 0000:00:07.0: [8086:7113] type 00 class 0x068000
[    0.294834] pci 0000:00:07.0: quirk: [io  0x4000-0x403f] claimed by PIIX4 ACPI
[    0.294871] pci 0000:00:07.0: quirk: [io  0x4100-0x410f] claimed by PIIX4 SMB
[    0.297698] pci 0000:00:0b.0: [8086:265c] type 00 class 0x0c0320
[    0.299631] pci 0000:00:0b.0: reg 0x10: [mem 0xf0805000-0xf0805fff]
[    0.310868] pci 0000:00:0d.0: [8086:2829] type 00 class 0x010601
[    0.313729] pci 0000:00:0d.0: reg 0x10: [io  0xd040-0xd047]
[    0.314791] pci 0000:00:0d.0: reg 0x14: [io  0xd048-0xd04b]
[    0.315825] pci 0000:00:0d.0: reg 0x18: [io  0xd050-0xd057]
[    0.316809] pci 0000:00:0d.0: reg 0x1c: [io  0xd058-0xd05b]
[    0.317802] pci 0000:00:0d.0: reg 0x20: [io  0xd060-0xd06f]
[    0.318841] pci 0000:00:0d.0: reg 0x24: [mem 0xf0806000-0xf0807fff]
[    0.328796] ACPI: PCI: Interrupt link LNKA configured for IRQ 11
[    0.329936] ACPI: PCI: Interrupt link LNKB configured for IRQ 10
[    0.330693] ACPI: PCI: Interrupt link LNKC configured for IRQ 9
[    0.330859] ACPI: PCI: Interrupt link LNKD configured for IRQ 11
[    0.331004] iommu: Default domain type: Translated
[    0.331006] iommu: DMA domain TLB invalidation policy: lazy mode
[    0.331643] SCSI subsystem initialized
[    0.331746] libata version 3.00 loaded.
[    0.331762] ACPI: bus type USB registered
[    0.331775] usbcore: registered new interface driver usbfs
[    0.331780] usbcore: registered new interface driver hub
[    0.331786] usbcore: registered new device driver usb
[    0.331799] pps_core: LinuxPPS API ver. 1 registered
[    0.331800] pps_core: Software ver. 5.3.6 - Copyright 2005-2007 Rodolfo Giometti <giometti@linux.it>
[    0.331803] PTP clock support registered
[    0.333723] Advanced Linux Sound Architecture Driver Initialized.
[    0.333918] NetLabel: Initializing
[    0.333920] NetLabel:  domain hash size = 128
[    0.333921] NetLabel:  protocols = UNLABELED CIPSOv4 CALIPSO
[    0.333933] NetLabel:  unlabeled traffic allowed by default
[    0.335667] PCI: Using ACPI for IRQ routing
[    0.335668] PCI: pci_cache_line_size set to 64 bytes
[    0.336961] e820: reserve RAM buffer [mem 0x0009fc00-0x0009ffff]
[    0.336963] e820: reserve RAM buffer [mem 0xdfff0000-0xdfffffff]
[    0.337676] pci 0000:00:02.0: vgaarb: setting as boot VGA device
[    0.337678] pci 0000:00:02.0: vgaarb: bridge control possible
[    0.337679] pci 0000:00:02.0: vgaarb: VGA device added: decodes=io+mem,owns=io+mem,locks=none
[    0.337682] vgaarb: loaded
[    0.342412] clocksource: Switched to clocksource kvm-clock
[    0.342486] VFS: Disk quotas dquot_6.6.0
[    0.342492] VFS: Dquot-cache hash table entries: 512 (order 0, 4096 bytes)
[    0.342531] pnp: PnP ACPI init
[    0.345355] pnp: PnP ACPI: found 2 devices
[    0.408330] clocksource: acpi_pm: mask: 0xffffff max_cycles: 0xffffff, max_idle_ns: 2085701024 ns
[    0.408356] NET: Registered PF_INET protocol family
[    0.408409] IP idents hash table entries: 65536 (order: 7, 524288 bytes, linear)
[    0.409360] tcp_listen_portaddr_hash hash table entries: 2048 (order: 3, 32768 bytes, linear)
[    0.409365] Table-perturb hash table entries: 65536 (order: 6, 262144 bytes, linear)
[    0.409367] TCP established hash table entries: 32768 (order: 6, 262144 bytes, linear)
[    0.409396] TCP bind hash table entries: 32768 (order: 8, 1048576 bytes, linear)
[    0.409549] TCP: Hash tables configured (established 32768 bind 32768)
[    0.409584] UDP hash table entries: 2048 (order: 4, 65536 bytes, linear)
[    0.409591] UDP-Lite hash table entries: 2048 (order: 4, 65536 bytes, linear)
[    0.409619] NET: Registered PF_UNIX/PF_LOCAL protocol family
[    0.412036] RPC: Registered named UNIX socket transport module.
[    0.412038] RPC: Registered udp transport module.
[    0.412045] RPC: Registered tcp transport module.
[    0.412046] RPC: Registered tcp-with-tls transport module.
[    0.412046] RPC: Registered tcp NFSv4.1 backchannel transport module.
[    0.413439] pci_bus 0000:00: resource 4 [io  0x0000-0x0cf7 window]
[    0.413442] pci_bus 0000:00: resource 5 [io  0x0d00-0xffff window]
[    0.413444] pci_bus 0000:00: resource 6 [mem 0x000a0000-0x000bffff window]
[    0.413445] pci_bus 0000:00: resource 7 [mem 0xe0000000-0xfdffffff window]
[    0.413503] pci 0000:00:00.0: Limiting direct PCI/PCI transfers
[    0.417161] PCI: CLS 0 bytes, default 64
[    0.417168] PCI-DMA: Using software bounce buffering for IO (SWIOTLB)
[    0.417169] software IO TLB: mapped [mem 0x00000000dbff0000-0x00000000dfff0000] (64MB)
[    0.417736] Unpacking initramfs...
[    0.421518] RAPL PMU: API unit is 2^-32 Joules, 0 fixed counters, 10737418240 ms ovfl timer
[    0.421564] clocksource: tsc: mask: 0xffffffffffffffff max_cycles: 0x258450e8048, max_idle_ns: 440795232583 ns
[    0.423209] clocksource: Switched to clocksource tsc
[    0.423226] platform rtc_cmos: registered platform RTC device (no PNP device found)
[    0.431809] Initialise system trusted keyrings
[    0.432233] workingset: timestamp_bits=56 max_order=20 bucket_order=0
[    0.433717] NFS: Registering the id_resolver key type
[    0.433722] Key type id_resolver registered
[    0.433723] Key type id_legacy registered
[    0.434032] 9p: Installing v9fs 9p2000 file system support
[    0.452644] Key type asymmetric registered
[    0.452654] Asymmetric key parser 'x509' registered
[    0.452670] Block layer SCSI generic (bsg) driver version 0.4 loaded (major 251)
[    0.452684] io scheduler mq-deadline registered
[    0.452685] io scheduler kyber registered
[    0.457149] ACPI: AC: AC Adapter [AC] (off-line)
[    0.457346] input: Power Button as /devices/LNXSYSTM:00/LNXPWRBN:00/input/input0
[    0.457445] ACPI: button: Power Button [PWRF]
[    0.457468] input: Sleep Button as /devices/LNXSYSTM:00/LNXSLPBN:00/input/input1
[    0.457551] ACPI: button: Sleep Button [SLPF]
[    0.457586] ACPI: video: Video Device [GFX0] (multi-head: yes  rom: no  post: no)
[    0.457622] input: Video Bus as /devices/LNXSYSTM:00/LNXSYBUS:00/PNP0A03:00/LNXVIDEO:00/input/input2
[    0.459623] Serial: 8250/16550 driver, 4 ports, IRQ sharing enabled
[    0.460823] ACPI: battery: Slot [BAT0] (battery present)
[    0.464462] Non-volatile memory driver v1.3
[    0.464464] Linux agpgart interface v0.103
[    0.464552] ACPI: bus type drm_connector registered
[    0.472941] loop: module loaded
[    0.472986] ahci 0000:00:0d.0: version 3.0
[    0.474086] ahci 0000:00:0d.0: SSS flag set, parallel bus scan disabled
[    0.474899] ahci 0000:00:0d.0: AHCI 0001.0100 32 slots 2 ports 3 Gbps 0x3 impl SATA mode
[    0.474902] ahci 0000:00:0d.0: flags: 64bit ncq stag only ccc 
[    0.477082] scsi host0: ahci
[    0.477790] Freeing initrd memory: 13032K
[    0.478594] scsi host1: ahci
[    0.478667] ata1: SATA max UDMA/133 abar m8192@0xf0806000 port 0xf0806100 irq 21 lpm-pol 0
[    0.478695] ata2: SATA max UDMA/133 abar m8192@0xf0806000 port 0xf0806180 irq 21 lpm-pol 0
[    0.478848] e100: Intel(R) PRO/100 Network Driver
[    0.478849] e100: Copyright(c) 1999-2006 Intel Corporation
[    0.478854] e1000: Intel(R) PRO/1000 Network Driver
[    0.478854] e1000: Copyright (c) 1999-2006 Intel Corporation.
[    0.819652] ata1: SATA link up 3.0 Gbps (SStatus 123 SControl 300)
[    0.820183] ata1.00: ATA-6: VBOX HARDDISK, 1.0, max UDMA/133
[    0.820186] ata1.00: 52428800 sectors, multi 128: LBA48 NCQ (depth 32)
[    0.821126] ata1.00: configured for UDMA/133
[    0.821688] scsi 0:0:0:0: Direct-Access     ATA      VBOX HARDDISK    1.0  PQ: 0 ANSI: 5
[    0.821929] scsi 0:0:0:0: Attached scsi generic sg0 type 0
[    0.822168] sd 0:0:0:0: [sda] 52428800 512-byte logical blocks: (26.8 GB/25.0 GiB)
[    0.822379] sd 0:0:0:0: [sda] Write Protect is off
[    0.822381] sd 0:0:0:0: [sda] Mode Sense: 00 3a 00 00
[    0.822400] sd 0:0:0:0: [sda] Write cache: enabled, read cache: enabled, doesn't support DPO or FUA
[    0.822439] sd 0:0:0:0: [sda] Preferred minimum I/O size 512 bytes
[    0.836087]  sda: sda1 sda2 sda3
[    0.836205] sd 0:0:0:0: [sda] Attached SCSI disk
[    1.022618] e1000 0000:00:03.0 eth0: (PCI:33MHz:32-bit) 08:00:27:ab:76:b3
[    1.022628] e1000 0000:00:03.0 eth0: Intel(R) PRO/1000 Network Connection
[    1.022648] e1000e: Intel(R) PRO/1000 Network Driver
[    1.022649] e1000e: Copyright(c) 1999 - 2015 Intel Corporation.
[    1.022658] sky2: driver version 1.30
[    1.024299] ohci-pci 0000:00:06.0: OHCI PCI host controller
[    1.025365] ohci-pci 0000:00:06.0: new USB bus registered, assigned bus number 1
[    1.025413] ohci-pci 0000:00:06.0: irq 22, io mem 0xf0804000
[    1.079550] usb usb1: New USB device found, idVendor=1d6b, idProduct=0001, bcdDevice= 6.06
[    1.079553] usb usb1: New USB device strings: Mfr=3, Product=2, SerialNumber=1
[    1.079555] usb usb1: Product: OHCI PCI host controller
[    1.079556] usb usb1: Manufacturer: Linux 6.6.0-12401-g8f6f76a6a29f ohci_hcd
[    1.079557] usb usb1: SerialNumber: 0000:00:06.0
[    1.079983] hub 1-0:1.0: USB hub found
[    1.080022] hub 1-0:1.0: 12 ports detected
[    1.080671] usbcore: registered new interface driver usblp
[    1.080676] usbcore: registered new interface driver usb-storage
[    1.080697] i8042: PNP: PS/2 Controller [PNP0303:PS2K,PNP0f03:PS2M] at 0x60,0x64 irq 1,12
[    1.080850] ehci-pci 0000:00:0b.0: EHCI Host Controller
[    1.080905] ehci-pci 0000:00:0b.0: new USB bus registered, assigned bus number 2
[    1.081602] ehci-pci 0000:00:0b.0: irq 19, io mem 0xf0805000
[    1.083897] serio: i8042 KBD port at 0x60,0x64 irq 1
[    1.083901] serio: i8042 AUX port at 0x60,0x64 irq 12
[    1.088513] ehci-pci 0000:00:0b.0: USB 2.0 started, EHCI 1.00
[    1.088552] usb usb2: New USB device found, idVendor=1d6b, idProduct=0002, bcdDevice= 6.06
[    1.088554] usb usb2: New USB device strings: Mfr=3, Product=2, SerialNumber=1
[    1.088555] usb usb2: Product: EHCI Host Controller
[    1.088556] usb usb2: Manufacturer: Linux 6.6.0-12401-g8f6f76a6a29f ehci_hcd
[    1.088557] usb usb2: SerialNumber: 0000:00:0b.0
[    1.088558] input: AT Translated Set 2 keyboard as /devices/platform/i8042/serio0/input/input3
[    1.088621] hub 2-0:1.0: USB hub found
[    1.088631] hub 2-0:1.0: 12 ports detected
[    1.088705] rtc_cmos rtc_cmos: registered as rtc0
[    1.088866] rtc_cmos rtc_cmos: alarms up to one day, 114 bytes nvram
[    1.088902] fail to initialize ptp_kvm
[    1.089225] device-mapper: ioctl: 4.48.0-ioctl (2023-03-01) initialised: dm-devel@redhat.com
[    1.091127] intel_pstate: CPU model not supported
[    1.091168] hid: raw HID events driver (C) Jiri Kosina
[    1.091440] usbcore: registered new interface driver usbhid
[    1.091442] usbhid: USB HID core driver
[    1.092985] Initializing XFRM netlink socket
[    1.093006] NET: Registered PF_INET6 protocol family
[    1.094962] Segment Routing with IPv6
[    1.094977] In-situ OAM (IOAM) with IPv6
[    1.095025] sit: IPv6, IPv4 and MPLS over IPv4 tunneling driver
[    1.095161] NET: Registered PF_PACKET protocol family
[    1.095182] 9pnet: Installing 9P2000 support
[    1.095202] Key type dns_resolver registered
[    1.098428] IPI shorthand broadcast: enabled
[    1.101704] sched_clock: Marking stable (1068027429, 33262861)->(1164108690, -62818400)
[    1.102829] registered taskstats version 1
[    1.102831] Loading compiled-in X.509 certificates
[    1.106037] PM:   Magic number: 15:83:790
[    1.106113] printk: console [netcon0] enabled
[    1.106115] netconsole: network logging started
[    1.106166] cfg80211: Loading compiled-in X.509 certificates for regulatory database
[    1.108957] modprobe (86) used greatest stack depth: 13616 bytes left
[    1.112188] modprobe (87) used greatest stack depth: 13416 bytes left
[    1.112938] Loaded X.509 cert 'sforshee: 00b28ddf47aef9cea7'
[    1.112958] platform regulatory.0: Direct firmware load for regulatory.db failed with error -2
[    1.112961] cfg80211: failed to load regulatory.db
[    1.113031] ALSA device list:
[    1.113033]   No soundcards found.
[    1.148206] ata2: SATA link up 3.0 Gbps (SStatus 123 SControl 300)
[    1.148907] ata2.00: ATAPI: VBOX CD-ROM, 1.0, max UDMA/133
[    1.148911] ata2.00: applying bridge limits
[    1.149512] ata2.00: configured for UDMA/100
[    1.151193] scsi 1:0:0:0: CD-ROM            VBOX     CD-ROM           1.0  PQ: 0 ANSI: 5
[    1.177603] sr 1:0:0:0: [sr0] scsi-1 drive
[    1.177607] cdrom: Uniform CD-ROM driver Revision: 3.20
[    1.184371] sr 1:0:0:0: Attached scsi CD-ROM sr0
[    1.185746] sr 1:0:0:0: Attached scsi generic sg1 type 5
[    1.187190] Freeing unused kernel image (initmem) memory: 2644K
[    1.187623] Write protecting the kernel read-only data: 26624k
[    1.189381] Freeing unused kernel image (rodata/data gap) memory: 1640K
[    1.236199] x86/mm: Checked W+X mappings: passed, no W+X pages found.
[    1.236201] x86/mm: Checking user space page tables
[    1.278053] x86/mm: Checked W+X mappings: passed, no W+X pages found.
[    1.278058] Run /init as init process
[    1.278060]   with arguments:
[    1.278060]     /init
[    1.278061]   with environment:
[    1.278061]     HOME=/
[    1.278062]     TERM=linux
[    1.278062]     BOOT_IMAGE=/vmlinuz-6.6.0-12401-g8f6f76a6a29f
[    1.350807] input: ImExPS/2 Generic Explorer Mouse as /devices/platform/i8042/serio1/input/input5
[    1.372260] usb 1-1: new full-speed USB device number 2 using ohci-pci
[    1.429687] e1000 0000:00:03.0 enp0s3: renamed from eth0
[    1.624008] usb 1-1: New USB device found, idVendor=80ee, idProduct=0021, bcdDevice= 1.00
[    1.624013] usb 1-1: New USB device strings: Mfr=1, Product=3, SerialNumber=0
[    1.624015] usb 1-1: Product: USB Tablet
[    1.624016] usb 1-1: Manufacturer: VirtualBox
[    1.636772] input: VirtualBox USB Tablet as /devices/pci0000:00/0000:00:06.0/usb1/1-1/1-1:1.0/0003:80EE:0021.0001/input/input6
[    1.638790] hid-generic 0003:80EE:0021.0001: input,hidraw0: USB HID v1.10 Mouse [VirtualBox USB Tablet] on usb-0000:00:06.0-1/input0
[    1.753131] EXT4-fs (sda3): mounted filesystem 09b362a9-007e-4af4-96ab-59a7da7566f1 ro with ordered data mode. Quota mode: none.
[    1.754476] mount (167) used greatest stack depth: 13288 bytes left
[    1.771510] (udev-worker) (117) used greatest stack depth: 12832 bytes left
[    1.915219] systemd[1]: systemd 252.12-1~deb12u1 running in system mode (+PAM +AUDIT +SELINUX +APPARMOR +IMA +SMACK +SECCOMP +GCRYPT -GNUTLS +OPENSSL +ACL +BLKID +CURL +ELFUTILS +FIDO2 +IDN2 -IDN +IPTC +KMOD +LIBCRYPTSETUP +LIBFDISK +PCRE2 -PWQUALITY +P11KIT +QRENCODE +TPM2 +BZIP2 +LZ4 +XZ +ZLIB +ZSTD -BPF_FRAMEWORK -XKBCOMMON +UTMP +SYSVINIT default-hierarchy=unified)
[    1.915226] systemd[1]: Detected virtualization oracle.
[    1.915230] systemd[1]: Detected architecture x86-64.
[    1.917672] systemd[1]: Hostname set to <lweglarz>.
[    2.190067] systemd[1]: Queued start job for default target graphical.target.
[    2.204709] systemd[1]: Created slice system-getty.slice - Slice /system/getty.
[    2.204871] systemd[1]: Created slice system-modprobe.slice - Slice /system/modprobe.
[    2.204998] systemd[1]: Created slice system-systemd\x2dfsck.slice - Slice /system/systemd-fsck.
[    2.205114] systemd[1]: Created slice user.slice - User and Session Slice.
[    2.205163] systemd[1]: Started systemd-ask-password-console.path - Dispatch Password Requests to Console Directory Watch.
[    2.205464] systemd[1]: Started systemd-ask-password-wall.path - Forward Password Requests to Wall Directory Watch.
[    2.205615] systemd[1]: Set up automount proc-sys-fs-binfmt_misc.automount - Arbitrary Executable File Formats File System Automount Point.
[    2.205647] systemd[1]: Reached target cryptsetup.target - Local Encrypted Volumes.
[    2.205664] systemd[1]: Reached target integritysetup.target - Local Integrity Protected Volumes.
[    2.205680] systemd[1]: Reached target paths.target - Path Units.
[    2.205692] systemd[1]: Reached target remote-fs.target - Remote File Systems.
[    2.205703] systemd[1]: Reached target slices.target - Slice Units.
[    2.205720] systemd[1]: Reached target time-set.target - System Time Set.
[    2.205742] systemd[1]: Reached target veritysetup.target - Local Verity Protected Volumes.
[    2.205824] systemd[1]: Listening on systemd-fsckd.socket - fsck to fsckd communication Socket.
[    2.205870] systemd[1]: Listening on systemd-initctl.socket - initctl Compatibility Named Pipe.
[    2.206937] systemd[1]: Listening on systemd-journald-audit.socket - Journal Audit Socket.
[    2.207039] systemd[1]: Listening on systemd-journald-dev-log.socket - Journal Socket (/dev/log).
[    2.207126] systemd[1]: Listening on systemd-journald.socket - Journal Socket.
[    2.209824] systemd[1]: Listening on systemd-udevd-control.socket - udev Control Socket.
[    2.209906] systemd[1]: Listening on systemd-udevd-kernel.socket - udev Kernel Socket.
[    2.210832] systemd[1]: Mounting dev-hugepages.mount - Huge Pages File System...
[    2.211805] systemd[1]: Mounting dev-mqueue.mount - POSIX Message Queue File System...
[    2.214509] systemd[1]: Mounting sys-kernel-debug.mount - Kernel Debug File System...
[    2.216144] systemd[1]: Mounting sys-kernel-tracing.mount - Kernel Trace File System...
[    2.220490] systemd[1]: Starting keyboard-setup.service - Set the console keyboard layout...
[    2.220544] systemd[1]: kmod-static-nodes.service - Create List of Static Device Nodes was skipped because of an unmet condition check (ConditionFileNotEmpty=/lib/modules/6.6.0-12401-g8f6f76a6a29f/modules.devname).
[    2.223088] systemd[1]: Starting modprobe@configfs.service - Load Kernel Module configfs...
[    2.227003] systemd[1]: Starting modprobe@dm_mod.service - Load Kernel Module dm_mod...
[    2.230038] systemd[1]: Starting modprobe@drm.service - Load Kernel Module drm...
[    2.232579] systemd[1]: Starting modprobe@efi_pstore.service - Load Kernel Module efi_pstore...
[    2.233865] systemd[1]: Starting modprobe@fuse.service - Load Kernel Module fuse...
[    2.237571] systemd[1]: Starting modprobe@loop.service - Load Kernel Module loop...
[    2.237773] systemd[1]: systemd-fsck-root.service - File System Check on Root Device was skipped because of an unmet condition check (ConditionPathExists=!/run/initramfs/fsck-root).
[    2.238075] systemd[1]: systemd-journald.service: unit configures an IP firewall, but the local system does not support BPF/cgroup firewalling.
[    2.238136] systemd[1]: (This warning is only shown for the first unit using IP firewalling.)
[    2.240823] systemd[1]: Starting systemd-journald.service - Journal Service...
[    2.246354] systemd[1]: Starting systemd-modules-load.service - Load Kernel Modules...
[    2.249875] systemd[1]: Starting systemd-remount-fs.service - Remount Root and Kernel File Systems...
[    2.252218] systemd[1]: Starting systemd-udev-trigger.service - Coldplug All udev Devices...
[    2.260090] systemd[1]: modprobe@configfs.service: Deactivated successfully.
[    2.260274] systemd[1]: Finished modprobe@configfs.service - Load Kernel Module configfs.
[    2.261696] systemd[1]: modprobe@dm_mod.service: Deactivated successfully.
[    2.261961] systemd[1]: Finished modprobe@dm_mod.service - Load Kernel Module dm_mod.
[    2.262471] systemd[1]: modprobe@drm.service: Deactivated successfully.
[    2.262997] systemd[1]: Finished modprobe@drm.service - Load Kernel Module drm.
[    2.263230] systemd[1]: modprobe@efi_pstore.service: Deactivated successfully.
[    2.263310] systemd[1]: Finished modprobe@efi_pstore.service - Load Kernel Module efi_pstore.
[    2.263692] systemd[1]: modprobe@fuse.service: Deactivated successfully.
[    2.263807] systemd[1]: Finished modprobe@fuse.service - Load Kernel Module fuse.
[    2.264117] systemd[1]: modprobe@loop.service: Deactivated successfully.
[    2.264294] systemd[1]: Finished modprobe@loop.service - Load Kernel Module loop.
[    2.264558] systemd[1]: sys-fs-fuse-connections.mount - FUSE Control File System was skipped because of an unmet condition check (ConditionPathExists=/sys/fs/fuse/connections).
[    2.264638] systemd[1]: sys-kernel-config.mount - Kernel Configuration File System was skipped because of an unmet condition check (ConditionPathExists=/sys/kernel/config).
[    2.264675] systemd[1]: systemd-repart.service - Repartition Root Disk was skipped because no trigger condition checks were met.
[    2.272947] systemd[1]: Finished systemd-modules-load.service - Load Kernel Modules.
[    2.291038] systemd[1]: Starting systemd-sysctl.service - Apply Kernel Variables...
[    2.299667] systemd[1]: Mounted dev-hugepages.mount - Huge Pages File System.
[    2.299808] systemd[1]: Mounted dev-mqueue.mount - POSIX Message Queue File System.
[    2.299906] systemd[1]: Mounted sys-kernel-debug.mount - Kernel Debug File System.
[    2.299997] systemd[1]: Mounted sys-kernel-tracing.mount - Kernel Trace File System.
[    2.308126] EXT4-fs (sda3): re-mounted 09b362a9-007e-4af4-96ab-59a7da7566f1 r/w. Quota mode: none.
[    2.310991] systemd[1]: Finished systemd-remount-fs.service - Remount Root and Kernel File Systems.
[    2.311625] systemd[1]: systemd-firstboot.service - First Boot Wizard was skipped because of an unmet condition check (ConditionFirstBoot=yes).
[    2.311652] systemd[1]: systemd-pstore.service - Platform Persistent Storage Archival was skipped because of an unmet condition check (ConditionDirectoryNotEmpty=/sys/fs/pstore).
[    2.321837] systemd[1]: Starting systemd-random-seed.service - Load/Save Random Seed...
[    2.323391] systemd[1]: Starting systemd-sysusers.service - Create System Users...
[    2.323656] systemd[1]: Finished systemd-sysctl.service - Apply Kernel Variables.
[    2.355991] systemd[1]: Finished systemd-random-seed.service - Load/Save Random Seed.
[    2.356121] systemd[1]: first-boot-complete.target - First Boot Complete was skipped because of an unmet condition check (ConditionFirstBoot=yes).
[    2.366942] systemd[1]: Finished systemd-sysusers.service - Create System Users.
[    2.374892] systemd[1]: Starting systemd-tmpfiles-setup-dev.service - Create Static Device Nodes in /dev...
[    2.375041] systemd[1]: Started systemd-journald.service - Journal Service.
[    2.394453] systemd-journald[207]: Received client request to flush runtime journal.
[    2.808412] Adding 4395004k swap on /dev/sda2.  Priority:-2 extents:1 across:4395004k 
[    3.275963] EXT4-fs (sda1): mounted filesystem fc13ecec-9a09-4d11-b7a9-77005ce04565 r/w with ordered data mode. Quota mode: none.
[    3.363007] e1000: enp0s3 NIC Link is Up 1000 Mbps Full Duplex, Flow Control: RX
[    3.701959] e2scrub_all (345) used greatest stack depth: 12760 bytes left
