[    0.000000] Linux version 6.6.0-thor_kernel-ge750af16159a (root@lweglarz) (gcc (Debian 12.2.0-14) 12.2.0, GNU ld (GNU Binutils for Debian) 2.40) #1 SMP PREEMPT_DYNAMIC Fri Nov  3 19:32:12 CET 2023
[    0.000000] Command line: BOOT_IMAGE=/vmlinuz-6.6.0-thor_kernel-ge750af16159a root=UUID=09b362a9-007e-4af4-96ab-59a7da7566f1 ro quiet
[    0.000000] BIOS-provided physical RAM map:
[    0.000000] BIOS-e820: [mem 0x0000000000000000-0x000000000009fbff] usable
[    0.000000] BIOS-e820: [mem 0x000000000009fc00-0x000000000009ffff] reserved
[    0.000000] BIOS-e820: [mem 0x00000000000f0000-0x00000000000fffff] reserved
[    0.000000] BIOS-e820: [mem 0x0000000000100000-0x00000000dffeffff] usable
[    0.000000] BIOS-e820: [mem 0x00000000dfff0000-0x00000000dfffffff] ACPI data
[    0.000000] BIOS-e820: [mem 0x00000000fec00000-0x00000000fec00fff] reserved
[    0.000000] BIOS-e820: [mem 0x00000000fee00000-0x00000000fee00fff] reserved
[    0.000000] BIOS-e820: [mem 0x00000000fffc0000-0x00000000ffffffff] reserved
[    0.000000] BIOS-e820: [mem 0x0000000100000000-0x000000011fffffff] usable
[    0.000000] NX (Execute Disable) protection: active
[    0.000000] APIC: Static calls initialized
[    0.000000] SMBIOS 2.5 present.
[    0.000000] DMI: innotek GmbH VirtualBox/VirtualBox, BIOS VirtualBox 12/01/2006
[    0.000000] Hypervisor detected: KVM
[    0.000000] kvm-clock: Using msrs 4b564d01 and 4b564d00
[    0.000016] kvm-clock: using sched offset of 5094017398945 cycles
[    0.000018] clocksource: kvm-clock: mask: 0xffffffffffffffff max_cycles: 0x1cd42e4dffb, max_idle_ns: 881590591483 ns
[    0.000020] tsc: Detected 2590.328 MHz processor
[    0.001807] e820: update [mem 0x00000000-0x00000fff] usable ==> reserved
[    0.001810] e820: remove [mem 0x000a0000-0x000fffff] usable
[    0.001814] last_pfn = 0x120000 max_arch_pfn = 0x400000000
[    0.001854] MTRRs disabled by BIOS
[    0.001868] x86/PAT: Configuration [0-7]: WB  WC  UC- UC  WB  WP  UC- WT  
[    0.002000] last_pfn = 0xdfff0 max_arch_pfn = 0x400000000
[    0.002042] found SMP MP-table at [mem 0x0009fff0-0x0009ffff]
[    0.002163] RAMDISK: [mem 0x3667b000-0x37334fff]
[    0.002168] ACPI: Early table checksum verification disabled
[    0.002170] ACPI: RSDP 0x00000000000E0000 000024 (v02 VBOX  )
[    0.002174] ACPI: XSDT 0x00000000DFFF0030 00003C (v01 VBOX   VBOXXSDT 00000001 ASL  00000061)
[    0.002178] ACPI: FACP 0x00000000DFFF00F0 0000F4 (v04 VBOX   VBOXFACP 00000001 ASL  00000061)
[    0.002183] ACPI: DSDT 0x00000000DFFF0630 002353 (v02 VBOX   VBOXBIOS 00000002 INTL 20210930)
[    0.002186] ACPI: FACS 0x00000000DFFF0200 000040
[    0.002188] ACPI: FACS 0x00000000DFFF0200 000040
[    0.002190] ACPI: APIC 0x00000000DFFF0240 00007C (v02 VBOX   VBOXAPIC 00000001 ASL  00000061)
[    0.002193] ACPI: SSDT 0x00000000DFFF02C0 00036C (v01 VBOX   VBOXCPUT 00000002 INTL 20210930)
[    0.002195] ACPI: Reserving FACP table memory at [mem 0xdfff00f0-0xdfff01e3]
[    0.002196] ACPI: Reserving DSDT table memory at [mem 0xdfff0630-0xdfff2982]
[    0.002197] ACPI: Reserving FACS table memory at [mem 0xdfff0200-0xdfff023f]
[    0.002197] ACPI: Reserving FACS table memory at [mem 0xdfff0200-0xdfff023f]
[    0.002198] ACPI: Reserving APIC table memory at [mem 0xdfff0240-0xdfff02bb]
[    0.002198] ACPI: Reserving SSDT table memory at [mem 0xdfff02c0-0xdfff062b]
[    0.003097] No NUMA configuration found
[    0.003098] Faking a node at [mem 0x0000000000000000-0x000000011fffffff]
[    0.003100] NODE_DATA(0) allocated [mem 0x11fff8000-0x11fffbfff]
[    0.003139] Zone ranges:
[    0.003139]   DMA      [mem 0x0000000000001000-0x0000000000ffffff]
[    0.003141]   DMA32    [mem 0x0000000001000000-0x00000000ffffffff]
[    0.003142]   Normal   [mem 0x0000000100000000-0x000000011fffffff]
[    0.003143] Movable zone start for each node
[    0.003143] Early memory node ranges
[    0.003143]   node   0: [mem 0x0000000000001000-0x000000000009efff]
[    0.003144]   node   0: [mem 0x0000000000100000-0x00000000dffeffff]
[    0.003145]   node   0: [mem 0x0000000100000000-0x000000011fffffff]
[    0.003146] Initmem setup node 0 [mem 0x0000000000001000-0x000000011fffffff]
[    0.003149] On node 0, zone DMA: 1 pages in unavailable ranges
[    0.003165] On node 0, zone DMA: 97 pages in unavailable ranges
[    0.009986] On node 0, zone Normal: 16 pages in unavailable ranges
[    0.012836] ACPI: PM-Timer IO Port: 0x4008
[    0.013001] IOAPIC[0]: apic_id 6, version 32, address 0xfec00000, GSI 0-23
[    0.013005] ACPI: INT_SRC_OVR (bus 0 bus_irq 0 global_irq 2 dfl dfl)
[    0.013006] ACPI: INT_SRC_OVR (bus 0 bus_irq 9 global_irq 9 low level)
[    0.013010] ACPI: Using ACPI (MADT) for SMP configuration information
[    0.013011] smpboot: Allowing 6 CPUs, 0 hotplug CPUs
[    0.013098] PM: hibernation: Registered nosave memory: [mem 0x00000000-0x00000fff]
[    0.013100] PM: hibernation: Registered nosave memory: [mem 0x0009f000-0x0009ffff]
[    0.013100] PM: hibernation: Registered nosave memory: [mem 0x000a0000-0x000effff]
[    0.013101] PM: hibernation: Registered nosave memory: [mem 0x000f0000-0x000fffff]
[    0.013102] PM: hibernation: Registered nosave memory: [mem 0xdfff0000-0xdfffffff]
[    0.013102] PM: hibernation: Registered nosave memory: [mem 0xe0000000-0xfebfffff]
[    0.013103] PM: hibernation: Registered nosave memory: [mem 0xfec00000-0xfec00fff]
[    0.013103] PM: hibernation: Registered nosave memory: [mem 0xfec01000-0xfedfffff]
[    0.013103] PM: hibernation: Registered nosave memory: [mem 0xfee00000-0xfee00fff]
[    0.013104] PM: hibernation: Registered nosave memory: [mem 0xfee01000-0xfffbffff]
[    0.013104] PM: hibernation: Registered nosave memory: [mem 0xfffc0000-0xffffffff]
[    0.013105] [mem 0xe0000000-0xfebfffff] available for PCI devices
[    0.013106] Booting paravirtualized kernel on KVM
[    0.013108] clocksource: refined-jiffies: mask: 0xffffffff max_cycles: 0xffffffff, max_idle_ns: 1910969940391419 ns
[    0.018641] setup_percpu: NR_CPUS:64 nr_cpumask_bits:6 nr_cpu_ids:6 nr_node_ids:1
[    0.018857] percpu: Embedded 54 pages/cpu s183016 r8192 d29976 u262144
[    0.018861] pcpu-alloc: s183016 r8192 d29976 u262144 alloc=1*2097152
[    0.018863] pcpu-alloc: [0] 0 1 2 3 4 5 - - 
[    0.019030] Kernel command line: BOOT_IMAGE=/vmlinuz-6.6.0-thor_kernel-ge750af16159a root=UUID=09b362a9-007e-4af4-96ab-59a7da7566f1 ro quiet
[    0.019070] Unknown kernel command line parameters "BOOT_IMAGE=/vmlinuz-6.6.0-thor_kernel-ge750af16159a", will be passed to user space.
[    0.019102] random: crng init done
[    0.019477] Dentry cache hash table entries: 524288 (order: 10, 4194304 bytes, linear)
[    0.019637] Inode-cache hash table entries: 262144 (order: 9, 2097152 bytes, linear)
[    0.019800] Fallback order for Node 0: 0 
[    0.019803] Built 1 zonelists, mobility grouping on.  Total pages: 1031920
[    0.019804] Policy zone: Normal
[    0.019805] mem auto-init: stack:all(zero), heap alloc:off, heap free:off
[    0.019809] software IO TLB: area num 8.
[    0.040004] Memory: 4001540K/4193848K available (18432K kernel code, 2738K rwdata, 6552K rodata, 2644K init, 1520K bss, 192048K reserved, 0K cma-reserved)
[    0.040030] SLUB: HWalign=64, Order=0-3, MinObjects=0, CPUs=6, Nodes=1
[    0.040036] Kernel/User page tables isolation: enabled
[    0.040897] Dynamic Preempt: voluntary
[    0.040921] rcu: Preemptible hierarchical RCU implementation.
[    0.040921] rcu: 	RCU event tracing is enabled.
[    0.040922] rcu: 	RCU restricting CPUs from NR_CPUS=64 to nr_cpu_ids=6.
[    0.040923] 	Trampoline variant of Tasks RCU enabled.
[    0.040923] rcu: RCU calculated value of scheduler-enlistment delay is 100 jiffies.
[    0.040924] rcu: Adjusting geometry for rcu_fanout_leaf=16, nr_cpu_ids=6
[    0.042014] NR_IRQS: 4352, nr_irqs: 472, preallocated irqs: 16
[    0.043152] rcu: srcu_init: Setting srcu_struct sizes based on contention.
[    0.072351] Console: colour VGA+ 80x25
[    0.072354] printk: console [tty0] enabled
[    0.072374] ACPI: Core revision 20230628
[    0.072520] APIC: Switch to symmetric I/O mode setup
[    0.080418] ..TIMER: vector=0x30 apic1=0 pin1=2 apic2=-1 pin2=-1
[    0.080587] clocksource: tsc-early: mask: 0xffffffffffffffff max_cycles: 0x25568b82f44, max_idle_ns: 440795283416 ns
[    0.080594] Calibrating delay loop (skipped) preset value.. 5180.65 BogoMIPS (lpj=2590328)
[    0.082824] Last level iTLB entries: 4KB 64, 2MB 8, 4MB 8
[    0.082826] Last level dTLB entries: 4KB 64, 2MB 0, 4MB 0, 1GB 4
[    0.082842] Spectre V1 : Mitigation: usercopy/swapgs barriers and __user pointer sanitization
[    0.082843] Spectre V2 : Mitigation: Retpolines
[    0.082844] Spectre V2 : Spectre v2 / SpectreRSB mitigation: Filling RSB on context switch
[    0.082844] Spectre V2 : Spectre v2 / SpectreRSB : Filling RSB on VMEXIT
[    0.082845] RETBleed: WARNING: Spectre v2 mitigation leaves CPU vulnerable to RETBleed attacks, data leaks possible!
[    0.083594] RETBleed: Vulnerable
[    0.083596] Speculative Store Bypass: Vulnerable
[    0.083617] MDS: Mitigation: Clear CPU buffers
[    0.083618] MMIO Stale Data: Mitigation: Clear CPU buffers
[    0.083631] SRBDS: Unknown: Dependent on hypervisor status
[    0.083632] GDS: Unknown: Dependent on hypervisor status
[    0.083723] x86/fpu: Supporting XSAVE feature 0x001: 'x87 floating point registers'
[    0.083725] x86/fpu: Supporting XSAVE feature 0x002: 'SSE registers'
[    0.083726] x86/fpu: Supporting XSAVE feature 0x004: 'AVX registers'
[    0.083727] x86/fpu: xstate_offset[2]:  576, xstate_sizes[2]:  256
[    0.083728] x86/fpu: Enabled xstate features 0x7, context size is 832 bytes, using 'standard' format.
[    0.099449] Freeing SMP alternatives memory: 48K
[    0.099453] pid_max: default: 32768 minimum: 301
[    0.099501] LSM: initializing lsm=capability,selinux,integrity
[    0.099505] SELinux:  Initializing.
[    0.099582] Mount-cache hash table entries: 8192 (order: 4, 65536 bytes, linear)
[    0.099594] Mountpoint-cache hash table entries: 8192 (order: 4, 65536 bytes, linear)
[    0.198706] APIC calibration not consistent with PM-Timer: 96ms instead of 100ms
[    0.198709] APIC delta adjusted to PM-Timer: 6249877 (6007288)
[    0.198973] smpboot: CPU0: Intel(R) Core(TM) i7-9750H CPU @ 2.60GHz (family: 0x6, model: 0x9e, stepping: 0xa)
[    0.199089] RCU Tasks: Setting shift to 3 and lim to 1 rcu_task_cb_adjust=1.
[    0.199097] Performance Events: unsupported p6 CPU model 158 no PMU driver, software events only.
[    0.199131] signal: max sigframe size: 1776
[    0.199177] rcu: Hierarchical SRCU implementation.
[    0.199178] rcu: 	Max phase no-delay instances is 400.
[    0.199312] smp: Bringing up secondary CPUs ...
[    0.199384] smpboot: x86: Booting SMP configuration:
[    0.199385] .... node  #0, CPUs:      #1 #2 #3 #4 #5
[    0.210179] smp: Brought up 1 node, 6 CPUs
[    0.210182] smpboot: Max logical packages: 1
[    0.210183] smpboot: Total of 6 processors activated (31083.93 BogoMIPS)
[    0.211844] devtmpfs: initialized
[    0.211844] clocksource: jiffies: mask: 0xffffffff max_cycles: 0xffffffff, max_idle_ns: 1911260446275000 ns
[    0.211844] futex hash table entries: 2048 (order: 5, 131072 bytes, linear)
[    0.212592] PM: RTC time: 18:11:57, date: 2023-11-03
[    0.213044] NET: Registered PF_NETLINK/PF_ROUTE protocol family
[    0.213645] audit: initializing netlink subsys (disabled)
[    0.213721] audit: type=2000 audit(1699042096.880:1): state=initialized audit_enabled=0 res=1
[    0.213724] thermal_sys: Registered thermal governor 'step_wise'
[    0.213725] thermal_sys: Registered thermal governor 'user_space'
[    0.213732] cpuidle: using governor menu
[    0.214048] PCI: Using configuration type 1 for base access
[    0.214171] kprobes: kprobe jump-optimization is enabled. All kprobes are optimized if possible.
[    0.219594] HugeTLB: registered 2.00 MiB page size, pre-allocated 0 pages
[    0.219595] HugeTLB: 28 KiB vmemmap can be freed for a 2.00 MiB page
[    0.220674] ACPI: Added _OSI(Module Device)
[    0.220675] ACPI: Added _OSI(Processor Device)
[    0.220676] ACPI: Added _OSI(3.0 _SCP Extensions)
[    0.220677] ACPI: Added _OSI(Processor Aggregator Device)
[    0.222682] ACPI: 2 ACPI AML tables successfully acquired and loaded
[    0.242629] ACPI: _OSC evaluation for CPUs failed, trying _PDC
[    0.242690] ACPI: Interpreter enabled
[    0.242695] ACPI: PM: (supports S0 S5)
[    0.242696] ACPI: Using IOAPIC for interrupt routing
[    0.244159] PCI: Using host bridge windows from ACPI; if necessary, use "pci=nocrs" and report a bug
[    0.244160] PCI: Using E820 reservations for host bridge windows
[    0.244533] ACPI: Enabled 2 GPEs in block 00 to 07
[    0.248560] ACPI: PCI Root Bridge [PCI0] (domain 0000 [bus 00-ff])
[    0.248565] acpi PNP0A03:00: _OSC: OS supports [ASPM ClockPM Segments MSI HPX-Type3]
[    0.248567] acpi PNP0A03:00: _OSC: not requesting OS control; OS requires [ExtendedConfig ASPM ClockPM MSI]
[    0.248590] acpi PNP0A03:00: fail to add MMCONFIG information, can't access extended configuration space under this bridge
[    0.248590] PCI host bridge to bus 0000:00
[    0.248590] pci_bus 0000:00: root bus resource [io  0x0000-0x0cf7 window]
[    0.248590] pci_bus 0000:00: root bus resource [io  0x0d00-0xffff window]
[    0.248590] pci_bus 0000:00: root bus resource [mem 0x000a0000-0x000bffff window]
[    0.248590] pci_bus 0000:00: root bus resource [mem 0xe0000000-0xfdffffff window]
[    0.248590] pci_bus 0000:00: root bus resource [bus 00-ff]
[    0.248839] pci 0000:00:00.0: [8086:1237] type 00 class 0x060000
[    0.249590] pci 0000:00:01.0: [8086:7000] type 00 class 0x060100
[    0.251590] pci 0000:00:02.0: [15ad:0405] type 00 class 0x030000
[    0.253758] pci 0000:00:02.0: reg 0x10: [io  0xd000-0xd00f]
[    0.256595] pci 0000:00:02.0: reg 0x14: [mem 0xe0000000-0xe0ffffff pref]
[    0.258590] pci 0000:00:02.0: reg 0x18: [mem 0xf0000000-0xf01fffff]
[    0.271749] pci 0000:00:02.0: Video device with shadowed ROM at [mem 0x000c0000-0x000dffff]
[    0.273677] pci 0000:00:03.0: [8086:100e] type 00 class 0x020000
[    0.275659] pci 0000:00:03.0: reg 0x10: [mem 0xf0200000-0xf021ffff]
[    0.280902] pci 0000:00:03.0: reg 0x18: [io  0xd010-0xd017]
[    0.295925] pci 0000:00:04.0: [80ee:cafe] type 00 class 0x088000
[    0.299696] pci 0000:00:04.0: reg 0x10: [io  0xd020-0xd03f]
[    0.300765] pci 0000:00:04.0: reg 0x14: [mem 0xf0400000-0xf07fffff]
[    0.301765] pci 0000:00:04.0: reg 0x18: [mem 0xf0800000-0xf0803fff pref]
[    0.309890] pci 0000:00:06.0: [106b:003f] type 00 class 0x0c0310
[    0.312714] pci 0000:00:06.0: reg 0x10: [mem 0xf0804000-0xf0804fff]
[    0.326623] pci 0000:00:07.0: [8086:7113] type 00 class 0x068000
[    0.331845] pci 0000:00:07.0: quirk: [io  0x4000-0x403f] claimed by PIIX4 ACPI
[    0.331878] pci 0000:00:07.0: quirk: [io  0x4100-0x410f] claimed by PIIX4 SMB
[    0.336818] pci 0000:00:0b.0: [8086:265c] type 00 class 0x0c0320
[    0.338753] pci 0000:00:0b.0: reg 0x10: [mem 0xf0805000-0xf0805fff]
[    0.353678] pci 0000:00:0d.0: [8086:2829] type 00 class 0x010601
[    0.354772] pci 0000:00:0d.0: reg 0x10: [io  0xd040-0xd047]
[    0.355747] pci 0000:00:0d.0: reg 0x14: [io  0xd048-0xd04b]
[    0.356754] pci 0000:00:0d.0: reg 0x18: [io  0xd050-0xd057]
[    0.358593] pci 0000:00:0d.0: reg 0x1c: [io  0xd058-0xd05b]
[    0.359593] pci 0000:00:0d.0: reg 0x20: [io  0xd060-0xd06f]
[    0.361590] pci 0000:00:0d.0: reg 0x24: [mem 0xf0806000-0xf0807fff]
[    0.373715] ACPI: PCI: Interrupt link LNKA configured for IRQ 11
[    0.375682] ACPI: PCI: Interrupt link LNKB configured for IRQ 10
[    0.375839] ACPI: PCI: Interrupt link LNKC configured for IRQ 9
[    0.376642] ACPI: PCI: Interrupt link LNKD configured for IRQ 11
[    0.376798] iommu: Default domain type: Translated
[    0.376799] iommu: DMA domain TLB invalidation policy: lazy mode
[    0.376840] SCSI subsystem initialized
[    0.378620] libata version 3.00 loaded.
[    0.378660] ACPI: bus type USB registered
[    0.379612] usbcore: registered new interface driver usbfs
[    0.379641] usbcore: registered new interface driver hub
[    0.379649] usbcore: registered new device driver usb
[    0.379670] pps_core: LinuxPPS API ver. 1 registered
[    0.379671] pps_core: Software ver. 5.3.6 - Copyright 2005-2007 Rodolfo Giometti <giometti@linux.it>
[    0.379674] PTP clock support registered
[    0.382697] Advanced Linux Sound Architecture Driver Initialized.
[    0.382797] NetLabel: Initializing
[    0.382798] NetLabel:  domain hash size = 128
[    0.382799] NetLabel:  protocols = UNLABELED CIPSOv4 CALIPSO
[    0.382810] NetLabel:  unlabeled traffic allowed by default
[    0.383618] PCI: Using ACPI for IRQ routing
[    0.383619] PCI: pci_cache_line_size set to 64 bytes
[    0.385623] e820: reserve RAM buffer [mem 0x0009fc00-0x0009ffff]
[    0.385626] e820: reserve RAM buffer [mem 0xdfff0000-0xdfffffff]
[    0.385693] pci 0000:00:02.0: vgaarb: setting as boot VGA device
[    0.385693] pci 0000:00:02.0: vgaarb: bridge control possible
[    0.385693] pci 0000:00:02.0: vgaarb: VGA device added: decodes=io+mem,owns=io+mem,locks=none
[    0.385693] vgaarb: loaded
[    0.390798] clocksource: Switched to clocksource kvm-clock
[    0.390888] VFS: Disk quotas dquot_6.6.0
[    0.390894] VFS: Dquot-cache hash table entries: 512 (order 0, 4096 bytes)
[    0.390939] pnp: PnP ACPI init
[    0.399369] pnp: PnP ACPI: found 2 devices
[    0.446235] clocksource: acpi_pm: mask: 0xffffff max_cycles: 0xffffff, max_idle_ns: 2085701024 ns
[    0.446263] NET: Registered PF_INET protocol family
[    0.446309] IP idents hash table entries: 65536 (order: 7, 524288 bytes, linear)
[    0.447407] tcp_listen_portaddr_hash hash table entries: 2048 (order: 3, 32768 bytes, linear)
[    0.447413] Table-perturb hash table entries: 65536 (order: 6, 262144 bytes, linear)
[    0.447416] TCP established hash table entries: 32768 (order: 6, 262144 bytes, linear)
[    0.447437] TCP bind hash table entries: 32768 (order: 8, 1048576 bytes, linear)
[    0.447541] TCP: Hash tables configured (established 32768 bind 32768)
[    0.447559] UDP hash table entries: 2048 (order: 4, 65536 bytes, linear)
[    0.447566] UDP-Lite hash table entries: 2048 (order: 4, 65536 bytes, linear)
[    0.447595] NET: Registered PF_UNIX/PF_LOCAL protocol family
[    0.450010] RPC: Registered named UNIX socket transport module.
[    0.450011] RPC: Registered udp transport module.
[    0.450012] RPC: Registered tcp transport module.
[    0.450013] RPC: Registered tcp-with-tls transport module.
[    0.450013] RPC: Registered tcp NFSv4.1 backchannel transport module.
[    0.450949] pci_bus 0000:00: resource 4 [io  0x0000-0x0cf7 window]
[    0.450952] pci_bus 0000:00: resource 5 [io  0x0d00-0xffff window]
[    0.450954] pci_bus 0000:00: resource 6 [mem 0x000a0000-0x000bffff window]
[    0.450955] pci_bus 0000:00: resource 7 [mem 0xe0000000-0xfdffffff window]
[    0.451012] pci 0000:00:00.0: Limiting direct PCI/PCI transfers
[    0.455454] PCI: CLS 0 bytes, default 64
[    0.455464] PCI-DMA: Using software bounce buffering for IO (SWIOTLB)
[    0.455465] software IO TLB: mapped [mem 0x00000000dbff0000-0x00000000dfff0000] (64MB)
[    0.455614] Unpacking initramfs...
[    0.460165] RAPL PMU: API unit is 2^-32 Joules, 0 fixed counters, 10737418240 ms ovfl timer
[    0.460399] clocksource: tsc: mask: 0xffffffffffffffff max_cycles: 0x25568b82f44, max_idle_ns: 440795283416 ns
[    0.461088] clocksource: Switched to clocksource tsc
[    0.461118] platform rtc_cmos: registered platform RTC device (no PNP device found)
[    0.472960] Initialise system trusted keyrings
[    0.474625] workingset: timestamp_bits=56 max_order=20 bucket_order=0
[    0.475758] NFS: Registering the id_resolver key type
[    0.475762] Key type id_resolver registered
[    0.475763] Key type id_legacy registered
[    0.476278] 9p: Installing v9fs 9p2000 file system support
[    0.481254] Key type asymmetric registered
[    0.481254] Asymmetric key parser 'x509' registered
[    0.481254] Block layer SCSI generic (bsg) driver version 0.4 loaded (major 251)
[    0.481254] io scheduler mq-deadline registered
[    0.481254] io scheduler kyber registered
[    0.496800] ACPI: AC: AC Adapter [AC] (on-line)
[    0.496872] input: Power Button as /devices/LNXSYSTM:00/LNXPWRBN:00/input/input0
[    0.497926] ACPI: button: Power Button [PWRF]
[    0.497953] input: Sleep Button as /devices/LNXSYSTM:00/LNXSLPBN:00/input/input1
[    0.498038] ACPI: button: Sleep Button [SLPF]
[    0.498075] ACPI: video: Video Device [GFX0] (multi-head: yes  rom: no  post: no)
[    0.498111] input: Video Bus as /devices/LNXSYSTM:00/LNXSYBUS:00/PNP0A03:00/LNXVIDEO:00/input/input2
[    0.499079] Serial: 8250/16550 driver, 4 ports, IRQ sharing enabled
[    0.501930] ACPI: battery: Slot [BAT0] (battery present)
[    0.505595] Non-volatile memory driver v1.3
[    0.505597] Linux agpgart interface v0.103
[    0.505675] ACPI: bus type drm_connector registered
[    0.512673] Freeing initrd memory: 13032K
[    0.515518] loop: module loaded
[    0.515568] ahci 0000:00:0d.0: version 3.0
[    0.516737] ahci 0000:00:0d.0: SSS flag set, parallel bus scan disabled
[    0.517608] ahci 0000:00:0d.0: AHCI 0001.0100 32 slots 2 ports 3 Gbps 0x3 impl SATA mode
[    0.517611] ahci 0000:00:0d.0: flags: 64bit ncq stag only ccc 
[    0.519857] scsi host0: ahci
[    0.521623] scsi host1: ahci
[    0.521682] ata1: SATA max UDMA/133 abar m8192@0xf0806000 port 0xf0806100 irq 21 lpm-pol 0
[    0.521714] ata2: SATA max UDMA/133 abar m8192@0xf0806000 port 0xf0806180 irq 21 lpm-pol 0
[    0.521897] e100: Intel(R) PRO/100 Network Driver
[    0.521898] e100: Copyright(c) 1999-2006 Intel Corporation
[    0.521903] e1000: Intel(R) PRO/1000 Network Driver
[    0.521904] e1000: Copyright (c) 1999-2006 Intel Corporation.
[    0.860878] ata1: SATA link up 3.0 Gbps (SStatus 123 SControl 300)
[    0.861557] ata1.00: ATA-6: VBOX HARDDISK, 1.0, max UDMA/133
[    0.861560] ata1.00: 52428800 sectors, multi 128: LBA48 NCQ (depth 32)
[    0.862719] ata1.00: configured for UDMA/133
[    0.863819] scsi 0:0:0:0: Direct-Access     ATA      VBOX HARDDISK    1.0  PQ: 0 ANSI: 5
[    0.864903] sd 0:0:0:0: Attached scsi generic sg0 type 0
[    0.865390] sd 0:0:0:0: [sda] 52428800 512-byte logical blocks: (26.8 GB/25.0 GiB)
[    0.865396] sd 0:0:0:0: [sda] Write Protect is off
[    0.865397] sd 0:0:0:0: [sda] Mode Sense: 00 3a 00 00
[    0.865404] sd 0:0:0:0: [sda] Write cache: enabled, read cache: enabled, doesn't support DPO or FUA
[    0.865411] sd 0:0:0:0: [sda] Preferred minimum I/O size 512 bytes
[    0.868500]  sda: sda1 sda2 sda3
[    0.871834] sd 0:0:0:0: [sda] Attached SCSI disk
[    1.077179] e1000 0000:00:03.0 eth0: (PCI:33MHz:32-bit) 08:00:27:ab:76:b3
[    1.077186] e1000 0000:00:03.0 eth0: Intel(R) PRO/1000 Network Connection
[    1.077202] e1000e: Intel(R) PRO/1000 Network Driver
[    1.077202] e1000e: Copyright(c) 1999 - 2015 Intel Corporation.
[    1.077211] sky2: driver version 1.30
[    1.078848] ohci-pci 0000:00:06.0: OHCI PCI host controller
[    1.079388] ohci-pci 0000:00:06.0: new USB bus registered, assigned bus number 1
[    1.079694] ohci-pci 0000:00:06.0: irq 22, io mem 0xf0804000
[    1.135142] usb usb1: New USB device found, idVendor=1d6b, idProduct=0001, bcdDevice= 6.06
[    1.135162] usb usb1: New USB device strings: Mfr=3, Product=2, SerialNumber=1
[    1.135163] usb usb1: Product: OHCI PCI host controller
[    1.135164] usb usb1: Manufacturer: Linux 6.6.0-thor_kernel-ge750af16159a ohci_hcd
[    1.135165] usb usb1: SerialNumber: 0000:00:06.0
[    1.135549] hub 1-0:1.0: USB hub found
[    1.135588] hub 1-0:1.0: 12 ports detected
[    1.136352] usbcore: registered new interface driver usblp
[    1.136359] usbcore: registered new interface driver usb-storage
[    1.136542] ehci-pci 0000:00:0b.0: EHCI Host Controller
[    1.136621] i8042: PNP: PS/2 Controller [PNP0303:PS2K,PNP0f03:PS2M] at 0x60,0x64 irq 1,12
[    1.137095] ehci-pci 0000:00:0b.0: new USB bus registered, assigned bus number 2
[    1.137279] ehci-pci 0000:00:0b.0: irq 19, io mem 0xf0805000
[    1.141327] serio: i8042 KBD port at 0x60,0x64 irq 1
[    1.141332] serio: i8042 AUX port at 0x60,0x64 irq 12
[    1.143623] input: AT Translated Set 2 keyboard as /devices/platform/i8042/serio0/input/input3
[    1.145389] ehci-pci 0000:00:0b.0: USB 2.0 started, EHCI 1.00
[    1.145471] usb usb2: New USB device found, idVendor=1d6b, idProduct=0002, bcdDevice= 6.06
[    1.145474] usb usb2: New USB device strings: Mfr=3, Product=2, SerialNumber=1
[    1.145486] usb usb2: Product: EHCI Host Controller
[    1.145487] usb usb2: Manufacturer: Linux 6.6.0-thor_kernel-ge750af16159a ehci_hcd
[    1.145488] usb usb2: SerialNumber: 0000:00:0b.0
[    1.146010] hub 2-0:1.0: USB hub found
[    1.146021] hub 2-0:1.0: 12 ports detected
[    1.147938] rtc_cmos rtc_cmos: registered as rtc0
[    1.148123] rtc_cmos rtc_cmos: alarms up to one day, 114 bytes nvram
[    1.148175] fail to initialize ptp_kvm
[    1.148559] device-mapper: ioctl: 4.48.0-ioctl (2023-03-01) initialised: dm-devel@redhat.com
[    1.149817] intel_pstate: CPU model not supported
[    1.149842] hid: raw HID events driver (C) Jiri Kosina
[    1.149911] usbcore: registered new interface driver usbhid
[    1.149912] usbhid: USB HID core driver
[    1.150711] Initializing XFRM netlink socket
[    1.150720] NET: Registered PF_INET6 protocol family
[    1.152605] Segment Routing with IPv6
[    1.152616] In-situ OAM (IOAM) with IPv6
[    1.152723] sit: IPv6, IPv4 and MPLS over IPv4 tunneling driver
[    1.152921] NET: Registered PF_PACKET protocol family
[    1.152955] 9pnet: Installing 9P2000 support
[    1.152966] Key type dns_resolver registered
[    1.155972] IPI shorthand broadcast: enabled
[    1.159604] sched_clock: Marking stable (1123060886, 36145284)->(1220359722, -61153552)
[    1.161800] registered taskstats version 1
[    1.161802] Loading compiled-in X.509 certificates
[    1.163960] PM:   Magic number: 15:780:189
[    1.164016] printk: console [netcon0] enabled
[    1.164017] netconsole: network logging started
[    1.164067] cfg80211: Loading compiled-in X.509 certificates for regulatory database
[    1.167008] modprobe (82) used greatest stack depth: 13616 bytes left
[    1.170856] Loaded X.509 cert 'sforshee: 00b28ddf47aef9cea7'
[    1.170918] ALSA device list:
[    1.170920]   No soundcards found.
[    1.170962] platform regulatory.0: Direct firmware load for regulatory.db failed with error -2
[    1.170965] cfg80211: failed to load regulatory.db
[    1.176419] ata2: SATA link up 3.0 Gbps (SStatus 123 SControl 300)
[    1.176805] ata2.00: ATAPI: VBOX CD-ROM, 1.0, max UDMA/133
[    1.176809] ata2.00: applying bridge limits
[    1.177156] ata2.00: configured for UDMA/100
[    1.178508] scsi 1:0:0:0: CD-ROM            VBOX     CD-ROM           1.0  PQ: 0 ANSI: 5
[    1.223868] sr 1:0:0:0: [sr0] scsi-1 drive
[    1.223872] cdrom: Uniform CD-ROM driver Revision: 3.20
[    1.235644] sr 1:0:0:0: Attached scsi CD-ROM sr0
[    1.236112] sr 1:0:0:0: Attached scsi generic sg1 type 5
[    1.237638] Freeing unused kernel image (initmem) memory: 2644K
[    1.237765] Write protecting the kernel read-only data: 26624k
[    1.240608] Freeing unused kernel image (rodata/data gap) memory: 1640K
[    1.295851] x86/mm: Checked W+X mappings: passed, no W+X pages found.
[    1.295855] x86/mm: Checking user space page tables
[    1.346551] x86/mm: Checked W+X mappings: passed, no W+X pages found.
[    1.346560] Run /init as init process
[    1.346561]   with arguments:
[    1.346561]     /init
[    1.346562]   with environment:
[    1.346563]     HOME=/
[    1.346563]     TERM=linux
[    1.346564]     BOOT_IMAGE=/vmlinuz-6.6.0-thor_kernel-ge750af16159a
[    1.421007] input: ImExPS/2 Generic Explorer Mouse as /devices/platform/i8042/serio1/input/input5
[    1.422438] usb 1-1: new full-speed USB device number 2 using ohci-pci
[    1.457366] systemd-udevd (110) used greatest stack depth: 13416 bytes left
[    1.587547] e1000 0000:00:03.0 enp0s3: renamed from eth0
[    1.717838] usb 1-1: New USB device found, idVendor=80ee, idProduct=0021, bcdDevice= 1.00
[    1.717843] usb 1-1: New USB device strings: Mfr=1, Product=3, SerialNumber=0
[    1.717850] usb 1-1: Product: USB Tablet
[    1.717858] usb 1-1: Manufacturer: VirtualBox
[    1.761743] input: VirtualBox USB Tablet as /devices/pci0000:00/0000:00:06.0/usb1/1-1/1-1:1.0/0003:80EE:0021.0001/input/input6
[    1.762958] hid-generic 0003:80EE:0021.0001: input,hidraw0: USB HID v1.10 Mouse [VirtualBox USB Tablet] on usb-0000:00:06.0-1/input0
[    1.923239] udevadm (152) used greatest stack depth: 13256 bytes left
[    2.006138] EXT4-fs (sda3): mounted filesystem 09b362a9-007e-4af4-96ab-59a7da7566f1 ro with ordered data mode. Quota mode: none.
[    2.026086] (udev-worker) (115) used greatest stack depth: 12744 bytes left
[    2.227704] systemd[1]: systemd 252.12-1~deb12u1 running in system mode (+PAM +AUDIT +SELINUX +APPARMOR +IMA +SMACK +SECCOMP +GCRYPT -GNUTLS +OPENSSL +ACL +BLKID +CURL +ELFUTILS +FIDO2 +IDN2 -IDN +IPTC +KMOD +LIBCRYPTSETUP +LIBFDISK +PCRE2 -PWQUALITY +P11KIT +QRENCODE +TPM2 +BZIP2 +LZ4 +XZ +ZLIB +ZSTD -BPF_FRAMEWORK -XKBCOMMON +UTMP +SYSVINIT default-hierarchy=unified)
[    2.227710] systemd[1]: Detected virtualization oracle.
[    2.227713] systemd[1]: Detected architecture x86-64.
[    2.231646] systemd[1]: Hostname set to <lweglarz>.
[    2.520248] systemd[1]: Queued start job for default target graphical.target.
[    2.528743] systemd[1]: Created slice system-getty.slice - Slice /system/getty.
[    2.528920] systemd[1]: Created slice system-modprobe.slice - Slice /system/modprobe.
[    2.529292] systemd[1]: Created slice system-systemd\x2dfsck.slice - Slice /system/systemd-fsck.
[    2.529496] systemd[1]: Created slice user.slice - User and Session Slice.
[    2.529552] systemd[1]: Started systemd-ask-password-console.path - Dispatch Password Requests to Console Directory Watch.
[    2.529616] systemd[1]: Started systemd-ask-password-wall.path - Forward Password Requests to Wall Directory Watch.
[    2.529739] systemd[1]: Set up automount proc-sys-fs-binfmt_misc.automount - Arbitrary Executable File Formats File System Automount Point.
[    2.529770] systemd[1]: Reached target cryptsetup.target - Local Encrypted Volumes.
[    2.529790] systemd[1]: Reached target integritysetup.target - Local Integrity Protected Volumes.
[    2.529808] systemd[1]: Reached target paths.target - Path Units.
[    2.529821] systemd[1]: Reached target remote-fs.target - Remote File Systems.
[    2.529831] systemd[1]: Reached target slices.target - Slice Units.
[    2.529848] systemd[1]: Reached target time-set.target - System Time Set.
[    2.529872] systemd[1]: Reached target veritysetup.target - Local Verity Protected Volumes.
[    2.529962] systemd[1]: Listening on systemd-fsckd.socket - fsck to fsckd communication Socket.
[    2.530011] systemd[1]: Listening on systemd-initctl.socket - initctl Compatibility Named Pipe.
[    2.530758] systemd[1]: Listening on systemd-journald-audit.socket - Journal Audit Socket.
[    2.530887] systemd[1]: Listening on systemd-journald-dev-log.socket - Journal Socket (/dev/log).
[    2.531009] systemd[1]: Listening on systemd-journald.socket - Journal Socket.
[    2.533381] systemd[1]: Listening on systemd-udevd-control.socket - udev Control Socket.
[    2.533469] systemd[1]: Listening on systemd-udevd-kernel.socket - udev Kernel Socket.
[    2.549143] systemd[1]: Mounting dev-hugepages.mount - Huge Pages File System...
[    2.553689] systemd[1]: Mounting dev-mqueue.mount - POSIX Message Queue File System...
[    2.554969] systemd[1]: Mounting sys-kernel-debug.mount - Kernel Debug File System...
[    2.557152] systemd[1]: Mounting sys-kernel-tracing.mount - Kernel Trace File System...
[    2.561619] systemd[1]: Starting keyboard-setup.service - Set the console keyboard layout...
[    2.561659] systemd[1]: kmod-static-nodes.service - Create List of Static Device Nodes was skipped because of an unmet condition check (ConditionFileNotEmpty=/lib/modules/6.6.0-thor_kernel-ge750af16159a/modules.devname).
[    2.573054] systemd[1]: Starting modprobe@configfs.service - Load Kernel Module configfs...
[    2.576579] systemd[1]: Starting modprobe@dm_mod.service - Load Kernel Module dm_mod...
[    2.577982] systemd[1]: Starting modprobe@drm.service - Load Kernel Module drm...
[    2.588517] systemd[1]: Starting modprobe@efi_pstore.service - Load Kernel Module efi_pstore...
[    2.589771] systemd[1]: Starting modprobe@fuse.service - Load Kernel Module fuse...
[    2.593280] systemd[1]: Starting modprobe@loop.service - Load Kernel Module loop...
[    2.593901] systemd[1]: systemd-fsck-root.service - File System Check on Root Device was skipped because of an unmet condition check (ConditionPathExists=!/run/initramfs/fsck-root).
[    2.594841] systemd[1]: systemd-journald.service: unit configures an IP firewall, but the local system does not support BPF/cgroup firewalling.
[    2.594845] systemd[1]: (This warning is only shown for the first unit using IP firewalling.)
[    2.599975] systemd[1]: Starting systemd-journald.service - Journal Service...
[    2.616614] systemd[1]: Starting systemd-modules-load.service - Load Kernel Modules...
[    2.618963] systemd[1]: Starting systemd-remount-fs.service - Remount Root and Kernel File Systems...
[    2.621125] systemd[1]: Starting systemd-udev-trigger.service - Coldplug All udev Devices...
[    2.625543] systemd[1]: modprobe@configfs.service: Deactivated successfully.
[    2.626290] systemd[1]: Finished modprobe@configfs.service - Load Kernel Module configfs.
[    2.626564] systemd[1]: modprobe@dm_mod.service: Deactivated successfully.
[    2.628071] systemd[1]: Finished modprobe@dm_mod.service - Load Kernel Module dm_mod.
[    2.628281] systemd[1]: modprobe@drm.service: Deactivated successfully.
[    2.628683] systemd[1]: Finished modprobe@drm.service - Load Kernel Module drm.
[    2.629264] systemd[1]: modprobe@efi_pstore.service: Deactivated successfully.
[    2.629360] systemd[1]: Finished modprobe@efi_pstore.service - Load Kernel Module efi_pstore.
[    2.629724] systemd[1]: modprobe@fuse.service: Deactivated successfully.
[    2.629831] systemd[1]: Finished modprobe@fuse.service - Load Kernel Module fuse.
[    2.631026] systemd[1]: sys-fs-fuse-connections.mount - FUSE Control File System was skipped because of an unmet condition check (ConditionPathExists=/sys/fs/fuse/connections).
[    2.631111] systemd[1]: sys-kernel-config.mount - Kernel Configuration File System was skipped because of an unmet condition check (ConditionPathExists=/sys/kernel/config).
[    2.642933] systemd[1]: modprobe@loop.service: Deactivated successfully.
[    2.644073] systemd[1]: Finished modprobe@loop.service - Load Kernel Module loop.
[    2.644468] systemd[1]: systemd-repart.service - Repartition Root Disk was skipped because no trigger condition checks were met.
[    2.657594] systemd[1]: Finished systemd-modules-load.service - Load Kernel Modules.
[    2.680748] systemd[1]: Starting systemd-sysctl.service - Apply Kernel Variables...
[    2.691571] systemd[1]: Mounted dev-hugepages.mount - Huge Pages File System.
[    2.691647] systemd[1]: Mounted dev-mqueue.mount - POSIX Message Queue File System.
[    2.691702] systemd[1]: Mounted sys-kernel-debug.mount - Kernel Debug File System.
[    2.691754] systemd[1]: Mounted sys-kernel-tracing.mount - Kernel Trace File System.
[    2.723882] EXT4-fs (sda3): re-mounted 09b362a9-007e-4af4-96ab-59a7da7566f1 r/w. Quota mode: none.
[    2.726334] systemd[1]: Finished systemd-remount-fs.service - Remount Root and Kernel File Systems.
[    2.726860] systemd[1]: systemd-firstboot.service - First Boot Wizard was skipped because of an unmet condition check (ConditionFirstBoot=yes).
[    2.728005] systemd[1]: systemd-pstore.service - Platform Persistent Storage Archival was skipped because of an unmet condition check (ConditionDirectoryNotEmpty=/sys/fs/pstore).
[    2.741314] systemd[1]: Starting systemd-random-seed.service - Load/Save Random Seed...
[    2.743340] systemd[1]: Starting systemd-sysusers.service - Create System Users...
[    2.746605] systemd[1]: Finished systemd-sysctl.service - Apply Kernel Variables.
[    2.754867] systemd[1]: Started systemd-journald.service - Journal Service.
[    2.810343] systemd-journald[204]: Received client request to flush runtime journal.
[    3.633176] Adding 4395004k swap on /dev/sda2.  Priority:-2 extents:1 across:4395004k 
[    3.952914] hrtimer: interrupt took 12562339 ns
[    4.087189] EXT4-fs (sda1): mounted filesystem fc13ecec-9a09-4d11-b7a9-77005ce04565 r/w with ordered data mode. Quota mode: none.
[    4.328928] e1000: enp0s3 NIC Link is Up 1000 Mbps Full Duplex, Flow Control: RX
