[    0.000000] Linux version 6.1.52-thor_kernel (root@lweglarz) (gcc (Debian 12.2.0-14) 12.2.0, GNU ld (GNU Binutils for Debian) 2.40) #3 SMP PREEMPT_DYNAMIC Sat Sep 30 00:22:49 CEST 2023
[    0.000000] Command line: BOOT_IMAGE=/vmlinuz-6.1.52-thor_kernel root=UUID=09b362a9-007e-4af4-96ab-59a7da7566f1 ro quiet
[    0.000000] BIOS-provided physical RAM map:
[    0.000000] BIOS-e820: [mem 0x0000000000000000-0x000000000009fbff] usable
[    0.000000] BIOS-e820: [mem 0x000000000009fc00-0x000000000009ffff] reserved
[    0.000000] BIOS-e820: [mem 0x00000000000f0000-0x00000000000fffff] reserved
[    0.000000] BIOS-e820: [mem 0x0000000000100000-0x00000000dffeffff] usable
[    0.000000] BIOS-e820: [mem 0x00000000dfff0000-0x00000000dfffffff] ACPI data
[    0.000000] BIOS-e820: [mem 0x00000000fec00000-0x00000000fec00fff] reserved
[    0.000000] BIOS-e820: [mem 0x00000000fee00000-0x00000000fee00fff] reserved
[    0.000000] BIOS-e820: [mem 0x00000000fffc0000-0x00000000ffffffff] reserved
[    0.000000] BIOS-e820: [mem 0x0000000100000000-0x000000011fffffff] usable
[    0.000000] NX (Execute Disable) protection: active
[    0.000000] SMBIOS 2.5 present.
[    0.000000] DMI: innotek GmbH VirtualBox/VirtualBox, BIOS VirtualBox 12/01/2006
[    0.000000] Hypervisor detected: KVM
[    0.000000] kvm-clock: Using msrs 4b564d01 and 4b564d00
[    0.000001] kvm-clock: using sched offset of 2218275329513 cycles
[    0.000003] clocksource: kvm-clock: mask: 0xffffffffffffffff max_cycles: 0x1cd42e4dffb, max_idle_ns: 881590591483 ns
[    0.000006] tsc: Detected 2597.392 MHz processor
[    0.002163] e820: update [mem 0x00000000-0x00000fff] usable ==> reserved
[    0.002166] e820: remove [mem 0x000a0000-0x000fffff] usable
[    0.002170] last_pfn = 0x120000 max_arch_pfn = 0x400000000
[    0.002250] Disabled
[    0.002252] x86/PAT: MTRRs disabled, skipping PAT initialization too.
[    0.002268] CPU MTRRs all blank - virtualized system.
[    0.002285] x86/PAT: Configuration [0-7]: WB  WT  UC- UC  WB  WT  UC- UC  
[    0.002307] last_pfn = 0xdfff0 max_arch_pfn = 0x400000000
[    0.002359] found SMP MP-table at [mem 0x0009fff0-0x0009ffff]
[    0.002507] RAMDISK: [mem 0x3667b000-0x37334fff]
[    0.002514] ACPI: Early table checksum verification disabled
[    0.002517] ACPI: RSDP 0x00000000000E0000 000024 (v02 VBOX  )
[    0.002522] ACPI: XSDT 0x00000000DFFF0030 00003C (v01 VBOX   VBOXXSDT 00000001 ASL  00000061)
[    0.002527] ACPI: FACP 0x00000000DFFF00F0 0000F4 (v04 VBOX   VBOXFACP 00000001 ASL  00000061)
[    0.002532] ACPI: DSDT 0x00000000DFFF0630 002353 (v02 VBOX   VBOXBIOS 00000002 INTL 20210930)
[    0.002535] ACPI: FACS 0x00000000DFFF0200 000040
[    0.002538] ACPI: FACS 0x00000000DFFF0200 000040
[    0.002541] ACPI: APIC 0x00000000DFFF0240 00007C (v02 VBOX   VBOXAPIC 00000001 ASL  00000061)
[    0.002544] ACPI: SSDT 0x00000000DFFF02C0 00036C (v01 VBOX   VBOXCPUT 00000002 INTL 20210930)
[    0.002546] ACPI: Reserving FACP table memory at [mem 0xdfff00f0-0xdfff01e3]
[    0.002548] ACPI: Reserving DSDT table memory at [mem 0xdfff0630-0xdfff2982]
[    0.002548] ACPI: Reserving FACS table memory at [mem 0xdfff0200-0xdfff023f]
[    0.002549] ACPI: Reserving FACS table memory at [mem 0xdfff0200-0xdfff023f]
[    0.002550] ACPI: Reserving APIC table memory at [mem 0xdfff0240-0xdfff02bb]
[    0.002550] ACPI: Reserving SSDT table memory at [mem 0xdfff02c0-0xdfff062b]
[    0.003633] No NUMA configuration found
[    0.003635] Faking a node at [mem 0x0000000000000000-0x000000011fffffff]
[    0.003638] NODE_DATA(0) allocated [mem 0x11fffc000-0x11fffffff]
[    0.003650] Zone ranges:
[    0.003651]   DMA      [mem 0x0000000000001000-0x0000000000ffffff]
[    0.003653]   DMA32    [mem 0x0000000001000000-0x00000000ffffffff]
[    0.003654]   Normal   [mem 0x0000000100000000-0x000000011fffffff]
[    0.003655] Movable zone start for each node
[    0.003656] Early memory node ranges
[    0.003656]   node   0: [mem 0x0000000000001000-0x000000000009efff]
[    0.003657]   node   0: [mem 0x0000000000100000-0x00000000dffeffff]
[    0.003658]   node   0: [mem 0x0000000100000000-0x000000011fffffff]
[    0.003659] Initmem setup node 0 [mem 0x0000000000001000-0x000000011fffffff]
[    0.003663] On node 0, zone DMA: 1 pages in unavailable ranges
[    0.003685] On node 0, zone DMA: 97 pages in unavailable ranges
[    0.012902] On node 0, zone Normal: 16 pages in unavailable ranges
[    0.015375] ACPI: PM-Timer IO Port: 0x4008
[    0.015570] IOAPIC[0]: apic_id 6, version 32, address 0xfec00000, GSI 0-23
[    0.015574] ACPI: INT_SRC_OVR (bus 0 bus_irq 0 global_irq 2 dfl dfl)
[    0.015576] ACPI: INT_SRC_OVR (bus 0 bus_irq 9 global_irq 9 low level)
[    0.015581] ACPI: Using ACPI (MADT) for SMP configuration information
[    0.015602] smpboot: Allowing 6 CPUs, 0 hotplug CPUs
[    0.015706] PM: hibernation: Registered nosave memory: [mem 0x00000000-0x00000fff]
[    0.015707] PM: hibernation: Registered nosave memory: [mem 0x0009f000-0x0009ffff]
[    0.015708] PM: hibernation: Registered nosave memory: [mem 0x000a0000-0x000effff]
[    0.015709] PM: hibernation: Registered nosave memory: [mem 0x000f0000-0x000fffff]
[    0.015710] PM: hibernation: Registered nosave memory: [mem 0xdfff0000-0xdfffffff]
[    0.015711] PM: hibernation: Registered nosave memory: [mem 0xe0000000-0xfebfffff]
[    0.015711] PM: hibernation: Registered nosave memory: [mem 0xfec00000-0xfec00fff]
[    0.015712] PM: hibernation: Registered nosave memory: [mem 0xfec01000-0xfedfffff]
[    0.015712] PM: hibernation: Registered nosave memory: [mem 0xfee00000-0xfee00fff]
[    0.015713] PM: hibernation: Registered nosave memory: [mem 0xfee01000-0xfffbffff]
[    0.015713] PM: hibernation: Registered nosave memory: [mem 0xfffc0000-0xffffffff]
[    0.015715] [mem 0xe0000000-0xfebfffff] available for PCI devices
[    0.015716] Booting paravirtualized kernel on KVM
[    0.015717] clocksource: refined-jiffies: mask: 0xffffffff max_cycles: 0xffffffff, max_idle_ns: 1910969940391419 ns
[    0.020724] setup_percpu: NR_CPUS:64 nr_cpumask_bits:6 nr_cpu_ids:6 nr_node_ids:1
[    0.020846] percpu: Embedded 53 pages/cpu s176296 r8192 d32600 u262144
[    0.020850] pcpu-alloc: s176296 r8192 d32600 u262144 alloc=1*2097152
[    0.020852] pcpu-alloc: [0] 0 1 2 3 4 5 - - 
[    0.021003] Fallback order for Node 0: 0 
[    0.021006] Built 1 zonelists, mobility grouping on.  Total pages: 1031920
[    0.021007] Policy zone: Normal
[    0.021008] Kernel command line: BOOT_IMAGE=/vmlinuz-6.1.52-thor_kernel root=UUID=09b362a9-007e-4af4-96ab-59a7da7566f1 ro quiet
[    0.021034] Unknown kernel command line parameters "BOOT_IMAGE=/vmlinuz-6.1.52-thor_kernel", will be passed to user space.
[    0.021070] random: crng init done
[    0.021214] Dentry cache hash table entries: 524288 (order: 10, 4194304 bytes, linear)
[    0.021290] Inode-cache hash table entries: 262144 (order: 9, 2097152 bytes, linear)
[    0.021383] mem auto-init: stack:all(zero), heap alloc:off, heap free:off
[    0.021387] software IO TLB: area num 8.
[    0.038016] Memory: 3999576K/4193848K available (16397K kernel code, 2733K rwdata, 9112K rodata, 1504K init, 2864K bss, 194012K reserved, 0K cma-reserved)
[    0.038053] SLUB: HWalign=64, Order=0-3, MinObjects=0, CPUs=6, Nodes=1
[    0.038064] Kernel/User page tables isolation: enabled
[    0.039124] Dynamic Preempt: voluntary
[    0.039150] rcu: Preemptible hierarchical RCU implementation.
[    0.039151] rcu: 	RCU event tracing is enabled.
[    0.039152] rcu: 	RCU restricting CPUs from NR_CPUS=64 to nr_cpu_ids=6.
[    0.039153] 	Trampoline variant of Tasks RCU enabled.
[    0.039154] rcu: RCU calculated value of scheduler-enlistment delay is 100 jiffies.
[    0.039155] rcu: Adjusting geometry for rcu_fanout_leaf=16, nr_cpu_ids=6
[    0.040633] NR_IRQS: 4352, nr_irqs: 472, preallocated irqs: 16
[    0.041437] rcu: srcu_init: Setting srcu_struct sizes based on contention.
[    0.075711] Console: colour VGA+ 80x25
[    0.075725] printk: console [tty0] enabled
[    0.075749] ACPI: Core revision 20220331
[    0.075966] APIC: Switch to symmetric I/O mode setup
[    0.084315] ..TIMER: vector=0x30 apic1=0 pin1=2 apic2=-1 pin2=-1
[    0.084501] clocksource: tsc-early: mask: 0xffffffffffffffff max_cycles: 0x25709c1d772, max_idle_ns: 440795209034 ns
[    0.084508] Calibrating delay loop (skipped) preset value.. 5194.78 BogoMIPS (lpj=2597392)
[    0.086846] Last level iTLB entries: 4KB 64, 2MB 8, 4MB 8
[    0.086848] Last level dTLB entries: 4KB 64, 2MB 0, 4MB 0, 1GB 4
[    0.086866] Spectre V1 : Mitigation: usercopy/swapgs barriers and __user pointer sanitization
[    0.086868] Spectre V2 : Mitigation: Retpolines
[    0.086868] Spectre V2 : Spectre v2 / SpectreRSB mitigation: Filling RSB on context switch
[    0.086869] Spectre V2 : Spectre v2 / SpectreRSB : Filling RSB on VMEXIT
[    0.086869] RETBleed: WARNING: Spectre v2 mitigation leaves CPU vulnerable to RETBleed attacks, data leaks possible!
[    0.087507] RETBleed: Vulnerable
[    0.087508] Speculative Store Bypass: Vulnerable
[    0.087531] MDS: Mitigation: Clear CPU buffers
[    0.087532] MMIO Stale Data: Mitigation: Clear CPU buffers
[    0.087546] SRBDS: Unknown: Dependent on hypervisor status
[    0.087548] GDS: Unknown: Dependent on hypervisor status
[    0.087645] x86/fpu: Supporting XSAVE feature 0x001: 'x87 floating point registers'
[    0.087646] x86/fpu: Supporting XSAVE feature 0x002: 'SSE registers'
[    0.087647] x86/fpu: Supporting XSAVE feature 0x004: 'AVX registers'
[    0.087648] x86/fpu: xstate_offset[2]:  576, xstate_sizes[2]:  256
[    0.087649] x86/fpu: Enabled xstate features 0x7, context size is 832 bytes, using 'standard' format.
[    0.100187] Freeing SMP alternatives memory: 48K
[    0.100192] pid_max: default: 32768 minimum: 301
[    0.100209] LSM: Security Framework initializing
[    0.100228] AppArmor: AppArmor initialized
[    0.100247] Mount-cache hash table entries: 8192 (order: 4, 65536 bytes, linear)
[    0.100253] Mountpoint-cache hash table entries: 8192 (order: 4, 65536 bytes, linear)
[    0.200506] APIC calibration not consistent with PM-Timer: 97ms instead of 100ms
[    0.200509] APIC delta adjusted to PM-Timer: 6254289 (6097895)
[    0.200750] smpboot: CPU0: Intel(R) Core(TM) i7-9750H CPU @ 2.60GHz (family: 0x6, model: 0x9e, stepping: 0xa)
[    0.200843] cblist_init_generic: Setting adjustable number of callback queues.
[    0.200844] cblist_init_generic: Setting shift to 3 and lim to 1.
[    0.200852] Performance Events: unsupported p6 CPU model 158 no PMU driver, software events only.
[    0.200878] signal: max sigframe size: 1776
[    0.200896] rcu: Hierarchical SRCU implementation.
[    0.200897] rcu: 	Max phase no-delay instances is 400.
[    0.201007] smp: Bringing up secondary CPUs ...
[    0.201052] x86: Booting SMP configuration:
[    0.201053] .... node  #0, CPUs:      #1 #2 #3 #4 #5
[    0.216863] smp: Brought up 1 node, 6 CPUs
[    0.216866] smpboot: Max logical packages: 1
[    0.216867] smpboot: Total of 6 processors activated (31168.70 BogoMIPS)
[    0.217145] devtmpfs: initialized
[    0.217145] clocksource: jiffies: mask: 0xffffffff max_cycles: 0xffffffff, max_idle_ns: 1911260446275000 ns
[    0.217145] futex hash table entries: 2048 (order: 5, 131072 bytes, linear)
[    0.217145] PM: RTC time: 22:25:22, date: 2023-09-29
[    0.217627] NET: Registered PF_NETLINK/PF_ROUTE protocol family
[    0.217688] audit: initializing netlink subsys (disabled)
[    0.217760] audit: type=2000 audit(1696028572.261:1): state=initialized audit_enabled=0 res=1
[    0.217760] thermal_sys: Registered thermal governor 'step_wise'
[    0.217760] thermal_sys: Registered thermal governor 'user_space'
[    0.217760] cpuidle: using governor menu
[    0.217814] PCI: Using configuration type 1 for base access
[    0.219397] kprobes: kprobe jump-optimization is enabled. All kprobes are optimized if possible.
[    0.223651] HugeTLB: registered 2.00 MiB page size, pre-allocated 0 pages
[    0.223651] HugeTLB: 28 KiB vmemmap can be freed for a 2.00 MiB page
[    0.224465] ACPI: Added _OSI(Module Device)
[    0.224465] ACPI: Added _OSI(Processor Device)
[    0.224465] ACPI: Added _OSI(3.0 _SCP Extensions)
[    0.224465] ACPI: Added _OSI(Processor Aggregator Device)
[    0.224500] ACPI: 2 ACPI AML tables successfully acquired and loaded
[    0.318225] ACPI: Interpreter enabled
[    0.318225] ACPI: PM: (supports S0 S5)
[    0.318225] ACPI: Using IOAPIC for interrupt routing
[    0.318225] PCI: Using host bridge windows from ACPI; if necessary, use "pci=nocrs" and report a bug
[    0.318225] PCI: Using E820 reservations for host bridge windows
[    0.318225] ACPI: Enabled 2 GPEs in block 00 to 07
[    0.319504] ACPI: PCI Root Bridge [PCI0] (domain 0000 [bus 00-ff])
[    0.319504] acpi PNP0A03:00: _OSC: OS supports [ASPM ClockPM Segments MSI HPX-Type3]
[    0.319504] acpi PNP0A03:00: _OSC: not requesting OS control; OS requires [ExtendedConfig ASPM ClockPM MSI]
[    0.319504] acpi PNP0A03:00: fail to add MMCONFIG information, can't access extended PCI configuration space under this bridge.
[    0.319504] PCI host bridge to bus 0000:00
[    0.319504] pci_bus 0000:00: root bus resource [io  0x0000-0x0cf7 window]
[    0.319504] pci_bus 0000:00: root bus resource [io  0x0d00-0xffff window]
[    0.319504] pci_bus 0000:00: root bus resource [mem 0x000a0000-0x000bffff window]
[    0.319504] pci_bus 0000:00: root bus resource [mem 0xe0000000-0xfdffffff window]
[    0.319504] pci_bus 0000:00: root bus resource [bus 00-ff]
[    0.319504] pci 0000:00:00.0: [8086:1237] type 00 class 0x060000
[    0.320504] pci 0000:00:01.0: [8086:7000] type 00 class 0x060100
[    0.320745] pci 0000:00:02.0: [15ad:0405] type 00 class 0x030000
[    0.322504] pci 0000:00:02.0: reg 0x10: [io  0xd000-0xd00f]
[    0.324504] pci 0000:00:02.0: reg 0x14: [mem 0xe0000000-0xe0ffffff pref]
[    0.325506] pci 0000:00:02.0: reg 0x18: [mem 0xf0000000-0xf01fffff]
[    0.334112] pci 0000:00:02.0: Video device with shadowed ROM at [mem 0x000c0000-0x000dffff]
[    0.335563] pci 0000:00:03.0: [8086:100e] type 00 class 0x020000
[    0.337579] pci 0000:00:03.0: reg 0x10: [mem 0xf0200000-0xf021ffff]
[    0.339761] pci 0000:00:03.0: reg 0x18: [io  0xd010-0xd017]
[    0.347702] pci 0000:00:04.0: [80ee:cafe] type 00 class 0x088000
[    0.349619] pci 0000:00:04.0: reg 0x10: [io  0xd020-0xd03f]
[    0.350689] pci 0000:00:04.0: reg 0x14: [mem 0xf0400000-0xf07fffff]
[    0.352016] pci 0000:00:04.0: reg 0x18: [mem 0xf0800000-0xf0803fff pref]
[    0.357538] pci 0000:00:06.0: [106b:003f] type 00 class 0x0c0310
[    0.358714] pci 0000:00:06.0: reg 0x10: [mem 0xf0804000-0xf0804fff]
[    0.367620] pci 0000:00:07.0: [8086:7113] type 00 class 0x068000
[    0.371547] pci 0000:00:07.0: quirk: [io  0x4000-0x403f] claimed by PIIX4 ACPI
[    0.371589] pci 0000:00:07.0: quirk: [io  0x4100-0x410f] claimed by PIIX4 SMB
[    0.373864] pci 0000:00:0b.0: [8086:265c] type 00 class 0x0c0320
[    0.375667] pci 0000:00:0b.0: reg 0x10: [mem 0xf0805000-0xf0805fff]
[    0.384750] pci 0000:00:0d.0: [8086:2829] type 00 class 0x010601
[    0.386696] pci 0000:00:0d.0: reg 0x10: [io  0xd040-0xd047]
[    0.387676] pci 0000:00:0d.0: reg 0x14: [io  0xd048-0xd04b]
[    0.387688] pci 0000:00:0d.0: reg 0x18: [io  0xd050-0xd057]
[    0.389972] pci 0000:00:0d.0: reg 0x1c: [io  0xd058-0xd05b]
[    0.390685] pci 0000:00:0d.0: reg 0x20: [io  0xd060-0xd06f]
[    0.392606] pci 0000:00:0d.0: reg 0x24: [mem 0xf0806000-0xf0807fff]
[    0.407837] ACPI: PCI: Interrupt link LNKA configured for IRQ 11
[    0.409516] ACPI: PCI: Interrupt link LNKB configured for IRQ 10
[    0.409687] ACPI: PCI: Interrupt link LNKC configured for IRQ 9
[    0.409860] ACPI: PCI: Interrupt link LNKD configured for IRQ 11
[    0.410644] iommu: Default domain type: Translated 
[    0.410645] iommu: DMA domain TLB invalidation policy: lazy mode 
[    0.410694] SCSI subsystem initialized
[    0.411619] libata version 3.00 loaded.
[    0.411655] ACPI: bus type USB registered
[    0.411677] usbcore: registered new interface driver usbfs
[    0.411683] usbcore: registered new interface driver hub
[    0.411688] usbcore: registered new device driver usb
[    0.411703] pps_core: LinuxPPS API ver. 1 registered
[    0.411704] pps_core: Software ver. 5.3.6 - Copyright 2005-2007 Rodolfo Giometti <giometti@linux.it>
[    0.411707] PTP clock support registered
[    0.413539] Advanced Linux Sound Architecture Driver Initialized.
[    0.413678] NetLabel: Initializing
[    0.413679] NetLabel:  domain hash size = 128
[    0.413680] NetLabel:  protocols = UNLABELED CIPSOv4 CALIPSO
[    0.413694] NetLabel:  unlabeled traffic allowed by default
[    0.415526] PCI: Using ACPI for IRQ routing
[    0.415526] PCI: pci_cache_line_size set to 64 bytes
[    0.417740] e820: reserve RAM buffer [mem 0x0009fc00-0x0009ffff]
[    0.417743] e820: reserve RAM buffer [mem 0xdfff0000-0xdfffffff]
[    0.418594] pci 0000:00:02.0: vgaarb: setting as boot VGA device
[    0.418597] pci 0000:00:02.0: vgaarb: bridge control possible
[    0.418598] pci 0000:00:02.0: vgaarb: VGA device added: decodes=io+mem,owns=io+mem,locks=none
[    0.418601] vgaarb: loaded
[    0.424504] clocksource: Switched to clocksource kvm-clock
[    0.434157] VFS: Disk quotas dquot_6.6.0
[    0.434157] VFS: Dquot-cache hash table entries: 512 (order 0, 4096 bytes)
[    0.436341] AppArmor: AppArmor Filesystem Enabled
[    0.436363] pnp: PnP ACPI init
[    0.438321] pnp: PnP ACPI: found 2 devices
[    0.485929] clocksource: acpi_pm: mask: 0xffffff max_cycles: 0xffffff, max_idle_ns: 2085701024 ns
[    0.485953] NET: Registered PF_INET protocol family
[    0.485996] IP idents hash table entries: 65536 (order: 7, 524288 bytes, linear)
[    0.486695] tcp_listen_portaddr_hash hash table entries: 2048 (order: 3, 32768 bytes, linear)
[    0.486700] Table-perturb hash table entries: 65536 (order: 6, 262144 bytes, linear)
[    0.486703] TCP established hash table entries: 32768 (order: 6, 262144 bytes, linear)
[    0.486738] TCP bind hash table entries: 32768 (order: 8, 1048576 bytes, linear)
[    0.486999] TCP: Hash tables configured (established 32768 bind 32768)
[    0.487071] UDP hash table entries: 2048 (order: 4, 65536 bytes, linear)
[    0.487079] UDP-Lite hash table entries: 2048 (order: 4, 65536 bytes, linear)
[    0.487103] NET: Registered PF_UNIX/PF_LOCAL protocol family
[    0.489375] RPC: Registered named UNIX socket transport module.
[    0.489376] RPC: Registered udp transport module.
[    0.489377] RPC: Registered tcp transport module.
[    0.489377] RPC: Registered tcp NFSv4.1 backchannel transport module.
[    0.490539] pci_bus 0000:00: resource 4 [io  0x0000-0x0cf7 window]
[    0.490541] pci_bus 0000:00: resource 5 [io  0x0d00-0xffff window]
[    0.490543] pci_bus 0000:00: resource 6 [mem 0x000a0000-0x000bffff window]
[    0.490544] pci_bus 0000:00: resource 7 [mem 0xe0000000-0xfdffffff window]
[    0.490604] pci 0000:00:00.0: Limiting direct PCI/PCI transfers
[    0.494928] PCI: CLS 0 bytes, default 64
[    0.494992] PCI-DMA: Using software bounce buffering for IO (SWIOTLB)
[    0.494993] software IO TLB: mapped [mem 0x00000000dbff0000-0x00000000dfff0000] (64MB)
[    0.495204] Unpacking initramfs...
[    0.497861] RAPL PMU: API unit is 2^-32 Joules, 0 fixed counters, 10737418240 ms ovfl timer
[    0.497903] clocksource: tsc: mask: 0xffffffffffffffff max_cycles: 0x25709c1d772, max_idle_ns: 440795209034 ns
[    0.498722] clocksource: Switched to clocksource tsc
[    0.498750] platform rtc_cmos: registered platform RTC device (no PNP device found)
[    0.506756] Initialise system trusted keyrings
[    0.508161] workingset: timestamp_bits=56 max_order=20 bucket_order=0
[    0.509982] NFS: Registering the id_resolver key type
[    0.509988] Key type id_resolver registered
[    0.509989] Key type id_legacy registered
[    0.510432] fuse: init (API version 7.37)
[    0.511167] 9p: Installing v9fs 9p2000 file system support
[    0.514022] Key type asymmetric registered
[    0.514022] Asymmetric key parser 'x509' registered
[    0.514022] Block layer SCSI generic (bsg) driver version 0.4 loaded (major 251)
[    0.514022] io scheduler mq-deadline registered
[    0.514022] io scheduler kyber registered
[    0.522875] ACPI: AC: AC Adapter [AC] (on-line)
[    0.522910] input: Power Button as /devices/LNXSYSTM:00/LNXPWRBN:00/input/input0
[    0.523349] ACPI: button: Power Button [PWRF]
[    0.523436] input: Sleep Button as /devices/LNXSYSTM:00/LNXSLPBN:00/input/input1
[    0.523450] ACPI: button: Sleep Button [SLPF]
[    0.523549] ACPI: video: Video Device [GFX0] (multi-head: yes  rom: no  post: no)
[    0.523584] input: Video Bus as /devices/LNXSYSTM:00/LNXSYBUS:00/PNP0A03:00/LNXVIDEO:00/input/input2
[    0.524485] Serial: 8250/16550 driver, 4 ports, IRQ sharing enabled
[    0.527899] Non-volatile memory driver v1.3
[    0.527902] Linux agpgart interface v0.103
[    0.528045] ACPI: battery: Slot [BAT0] (battery present)
[    0.528046] ACPI: bus type drm_connector registered
[    0.538608] loop: module loaded
[    0.538701] ahci 0000:00:0d.0: version 3.0
[    0.540657] ahci 0000:00:0d.0: SSS flag set, parallel bus scan disabled
[    0.541007] ahci 0000:00:0d.0: AHCI 0001.0100 32 slots 2 ports 3 Gbps 0x3 impl SATA mode
[    0.541007] ahci 0000:00:0d.0: flags: 64bit ncq stag only ccc 
[    0.545371] scsi host0: ahci
[    0.546693] scsi host1: ahci
[    0.546818] ata1: SATA max UDMA/133 abar m8192@0xf0806000 port 0xf0806100 irq 21
[    0.546845] ata2: SATA max UDMA/133 abar m8192@0xf0806000 port 0xf0806180 irq 21
[    0.547663] e100: Intel(R) PRO/100 Network Driver
[    0.547666] e100: Copyright(c) 1999-2006 Intel Corporation
[    0.547678] e1000: Intel(R) PRO/1000 Network Driver
[    0.547679] e1000: Copyright (c) 1999-2006 Intel Corporation.
[    0.564031] Freeing initrd memory: 13032K
[    0.859060] ata1: SATA link up 3.0 Gbps (SStatus 123 SControl 300)
[    0.859506] ata1.00: ATA-6: VBOX HARDDISK, 1.0, max UDMA/133
[    0.859508] ata1.00: 52428800 sectors, multi 128: LBA48 NCQ (depth 32)
[    0.861226] ata1.00: configured for UDMA/133
[    0.861785] scsi 0:0:0:0: Direct-Access     ATA      VBOX HARDDISK    1.0  PQ: 0 ANSI: 5
[    0.863158] sd 0:0:0:0: [sda] 52428800 512-byte logical blocks: (26.8 GB/25.0 GiB)
[    0.863610] sd 0:0:0:0: [sda] Write Protect is off
[    0.863625] sd 0:0:0:0: [sda] Mode Sense: 00 3a 00 00
[    0.863652] sd 0:0:0:0: Attached scsi generic sg0 type 0
[    0.863662] sd 0:0:0:0: [sda] Write cache: enabled, read cache: enabled, doesn't support DPO or FUA
[    0.863671] sd 0:0:0:0: [sda] Preferred minimum I/O size 512 bytes
[    0.867125]  sda: sda1 sda2 sda3
[    0.868455] sd 0:0:0:0: [sda] Attached SCSI disk
[    1.100877] e1000 0000:00:03.0 eth0: (PCI:33MHz:32-bit) 08:00:27:ab:76:b3
[    1.100885] e1000 0000:00:03.0 eth0: Intel(R) PRO/1000 Network Connection
[    1.100911] e1000e: Intel(R) PRO/1000 Network Driver
[    1.100912] e1000e: Copyright(c) 1999 - 2015 Intel Corporation.
[    1.100923] sky2: driver version 1.30
[    1.103158] ehci-pci 0000:00:0b.0: EHCI Host Controller
[    1.103730] ehci-pci 0000:00:0b.0: new USB bus registered, assigned bus number 1
[    1.104633] ehci-pci 0000:00:0b.0: irq 19, io mem 0xf0805000
[    1.111280] ehci-pci 0000:00:0b.0: USB 2.0 started, EHCI 1.00
[    1.111328] usb usb1: New USB device found, idVendor=1d6b, idProduct=0002, bcdDevice= 6.01
[    1.111331] usb usb1: New USB device strings: Mfr=3, Product=2, SerialNumber=1
[    1.111332] usb usb1: Product: EHCI Host Controller
[    1.111333] usb usb1: Manufacturer: Linux 6.1.52-thor_kernel ehci_hcd
[    1.111335] usb usb1: SerialNumber: 0000:00:0b.0
[    1.112197] hub 1-0:1.0: USB hub found
[    1.112203] hub 1-0:1.0: 12 ports detected
[    1.113582] ohci-pci 0000:00:06.0: OHCI PCI host controller
[    1.113903] ohci-pci 0000:00:06.0: new USB bus registered, assigned bus number 2
[    1.114289] ohci-pci 0000:00:06.0: irq 22, io mem 0xf0804000
[    1.168357] usb usb2: New USB device found, idVendor=1d6b, idProduct=0001, bcdDevice= 6.01
[    1.168361] usb usb2: New USB device strings: Mfr=3, Product=2, SerialNumber=1
[    1.168362] usb usb2: Product: OHCI PCI host controller
[    1.168364] usb usb2: Manufacturer: Linux 6.1.52-thor_kernel ohci_hcd
[    1.168365] usb usb2: SerialNumber: 0000:00:06.0
[    1.169405] hub 2-0:1.0: USB hub found
[    1.169445] hub 2-0:1.0: 12 ports detected
[    1.170697] usbcore: registered new interface driver usblp
[    1.170705] usbcore: registered new interface driver usb-storage
[    1.170727] i8042: PNP: PS/2 Controller [PNP0303:PS2K,PNP0f03:PS2M] at 0x60,0x64 irq 1,12
[    1.173305] serio: i8042 KBD port at 0x60,0x64 irq 1
[    1.173310] serio: i8042 AUX port at 0x60,0x64 irq 12
[    1.179358] input: AT Translated Set 2 keyboard as /devices/platform/i8042/serio0/input/input3
[    1.179493] rtc_cmos rtc_cmos: registered as rtc0
[    1.179639] rtc_cmos rtc_cmos: alarms up to one day, 114 bytes nvram
[    1.179824] fail to initialize ptp_kvm
[    1.181038] device-mapper: ioctl: 4.47.0-ioctl (2022-07-28) initialised: dm-devel@redhat.com
[    1.182713] intel_pstate: CPU model not supported
[    1.182755] hid: raw HID events driver (C) Jiri Kosina
[    1.183141] usbcore: registered new interface driver usbhid
[    1.183143] usbhid: USB HID core driver
[    1.183855] Initializing XFRM netlink socket
[    1.184127] NET: Registered PF_INET6 protocol family
[    1.186245] Segment Routing with IPv6
[    1.186257] In-situ OAM (IOAM) with IPv6
[    1.186316] sit: IPv6, IPv4 and MPLS over IPv4 tunneling driver
[    1.186475] NET: Registered PF_PACKET protocol family
[    1.186532] 9pnet: Installing 9P2000 support
[    1.186550] Key type dns_resolver registered
[    1.189331] IPI shorthand broadcast: enabled
[    1.189373] sched_clock: Marking stable (1147374236, 41878413)->(1270770043, -81517394)
[    1.190709] registered taskstats version 1
[    1.190711] Loading compiled-in X.509 certificates
[    1.191805] cryptomgr_test (75) used greatest stack depth: 15104 bytes left
[    1.191827] AppArmor: AppArmor sha1 policy hashing enabled
[    1.208840] ata2: SATA link up 3.0 Gbps (SStatus 123 SControl 300)
[    1.209279] ata2.00: ATAPI: VBOX CD-ROM, 1.0, max UDMA/133
[    1.209290] ata2.00: applying bridge limits
[    1.210066] ata2.00: configured for UDMA/100
[    1.211076] scsi 1:0:0:0: CD-ROM            VBOX     CD-ROM           1.0  PQ: 0 ANSI: 5
[    1.224299] PM:   Magic number: 7:907:452
[    1.224346] printk: console [netcon0] enabled
[    1.224348] netconsole: network logging started
[    1.225912] cfg80211: Loading compiled-in X.509 certificates for regulatory database
[    1.233327] modprobe (100) used greatest stack depth: 13480 bytes left
[    1.241759] cfg80211: Loaded X.509 cert 'sforshee: 00b28ddf47aef9cea7'
[    1.242153] platform regulatory.0: Direct firmware load for regulatory.db failed with error -2
[    1.242163] cfg80211: failed to load regulatory.db
[    1.242197] ALSA device list:
[    1.242204]   No soundcards found.
[    1.252561] sr 1:0:0:0: [sr0] scsi-1 drive
[    1.252564] cdrom: Uniform CD-ROM driver Revision: 3.20
[    1.271719] sr 1:0:0:0: Attached scsi CD-ROM sr0
[    1.273200] sr 1:0:0:0: Attached scsi generic sg1 type 5
[    1.274550] Freeing unused kernel image (initmem) memory: 1504K
[    1.274654] Write protecting the kernel read-only data: 28672k
[    1.276752] Freeing unused kernel image (text/rodata gap) memory: 2032K
[    1.277983] Freeing unused kernel image (rodata/data gap) memory: 1128K
[    1.328573] x86/mm: Checked W+X mappings: passed, no W+X pages found.
[    1.328576] x86/mm: Checking user space page tables
[    1.376522] x86/mm: Checked W+X mappings: passed, no W+X pages found.
[    1.376527] Run /init as init process
[    1.376528]   with arguments:
[    1.376528]     /init
[    1.376529]   with environment:
[    1.376530]     HOME=/
[    1.376530]     TERM=linux
[    1.376531]     BOOT_IMAGE=/vmlinuz-6.1.52-thor_kernel
[    1.432763] input: ImExPS/2 Generic Explorer Mouse as /devices/platform/i8042/serio1/input/input5
[    1.452969] usb 2-1: new full-speed USB device number 2 using ohci-pci
[    1.459150] systemd-udevd (127) used greatest stack depth: 13384 bytes left
[    1.556797] e1000 0000:00:03.0 enp0s3: renamed from eth0
[    1.684901] usb 2-1: New USB device found, idVendor=80ee, idProduct=0021, bcdDevice= 1.00
[    1.684906] usb 2-1: New USB device strings: Mfr=1, Product=3, SerialNumber=0
[    1.684908] usb 2-1: Product: USB Tablet
[    1.684909] usb 2-1: Manufacturer: VirtualBox
[    1.697082] input: VirtualBox USB Tablet as /devices/pci0000:00/0000:00:06.0/usb2/2-1/2-1:1.0/0003:80EE:0021.0001/input/input6
[    1.698086] hid-generic 0003:80EE:0021.0001: input,hidraw0: USB HID v1.10 Mouse [VirtualBox USB Tablet] on usb-0000:00:06.0-1/input0
[    1.812838] EXT4-fs (sda3): mounted filesystem with ordered data mode. Quota mode: none.
[    1.824501] (udev-worker) (148) used greatest stack depth: 12960 bytes left
[    1.985266] systemd[1]: systemd 252.12-1~deb12u1 running in system mode (+PAM +AUDIT +SELINUX +APPARMOR +IMA +SMACK +SECCOMP +GCRYPT -GNUTLS +OPENSSL +ACL +BLKID +CURL +ELFUTILS +FIDO2 +IDN2 -IDN +IPTC +KMOD +LIBCRYPTSETUP +LIBFDISK +PCRE2 -PWQUALITY +P11KIT +QRENCODE +TPM2 +BZIP2 +LZ4 +XZ +ZLIB +ZSTD -BPF_FRAMEWORK -XKBCOMMON +UTMP +SYSVINIT default-hierarchy=unified)
[    1.985271] systemd[1]: Detected virtualization oracle.
[    1.985275] systemd[1]: Detected architecture x86-64.
[    2.226646] systemd[1]: Queued start job for default target graphical.target.
[    2.237347] systemd[1]: Created slice system-getty.slice - Slice /system/getty.
[    2.237493] systemd[1]: Created slice system-modprobe.slice - Slice /system/modprobe.
[    2.237610] systemd[1]: Created slice system-systemd\x2dfsck.slice - Slice /system/systemd-fsck.
[    2.237695] systemd[1]: Created slice user.slice - User and Session Slice.
[    2.237738] systemd[1]: Started systemd-ask-password-console.path - Dispatch Password Requests to Console Directory Watch.
[    2.237773] systemd[1]: Started systemd-ask-password-wall.path - Forward Password Requests to Wall Directory Watch.
[    2.238133] systemd[1]: Set up automount proc-sys-fs-binfmt_misc.automount - Arbitrary Executable File Formats File System Automount Point.
[    2.238164] systemd[1]: Reached target cryptsetup.target - Local Encrypted Volumes.
[    2.238189] systemd[1]: Reached target integritysetup.target - Local Integrity Protected Volumes.
[    2.238205] systemd[1]: Reached target paths.target - Path Units.
[    2.238216] systemd[1]: Reached target remote-fs.target - Remote File Systems.
[    2.238238] systemd[1]: Reached target slices.target - Slice Units.
[    2.238256] systemd[1]: Reached target time-set.target - System Time Set.
[    2.238274] systemd[1]: Reached target veritysetup.target - Local Verity Protected Volumes.
[    2.238385] systemd[1]: Listening on systemd-fsckd.socket - fsck to fsckd communication Socket.
[    2.238429] systemd[1]: Listening on systemd-initctl.socket - initctl Compatibility Named Pipe.
[    2.240376] systemd[1]: Listening on systemd-journald-audit.socket - Journal Audit Socket.
[    2.240513] systemd[1]: Listening on systemd-journald-dev-log.socket - Journal Socket (/dev/log).
[    2.240598] systemd[1]: Listening on systemd-journald.socket - Journal Socket.
[    2.242420] systemd[1]: Listening on systemd-udevd-control.socket - udev Control Socket.
[    2.242560] systemd[1]: Listening on systemd-udevd-kernel.socket - udev Kernel Socket.
[    2.243470] systemd[1]: Mounting dev-hugepages.mount - Huge Pages File System...
[    2.244470] systemd[1]: Mounting dev-mqueue.mount - POSIX Message Queue File System...
[    2.246286] systemd[1]: Mounting sys-kernel-debug.mount - Kernel Debug File System...
[    2.247676] systemd[1]: Mounting sys-kernel-tracing.mount - Kernel Trace File System...
[    2.251390] systemd[1]: Starting keyboard-setup.service - Set the console keyboard layout...
[    2.251443] systemd[1]: kmod-static-nodes.service - Create List of Static Device Nodes was skipped because of an unmet condition check (ConditionFileNotEmpty=/lib/modules/6.1.52-thor_kernel/modules.devname).
[    2.253467] systemd[1]: Starting modprobe@configfs.service - Load Kernel Module configfs...
[    2.256369] systemd[1]: Starting modprobe@dm_mod.service - Load Kernel Module dm_mod...
[    2.259389] systemd[1]: Starting modprobe@drm.service - Load Kernel Module drm...
[    2.261761] systemd[1]: Starting modprobe@efi_pstore.service - Load Kernel Module efi_pstore...
[    2.264539] systemd[1]: Starting modprobe@fuse.service - Load Kernel Module fuse...
[    2.266127] systemd[1]: Starting modprobe@loop.service - Load Kernel Module loop...
[    2.266248] systemd[1]: systemd-fsck-root.service - File System Check on Root Device was skipped because of an unmet condition check (ConditionPathExists=!/run/initramfs/fsck-root).
[    2.266417] systemd[1]: systemd-journald.service: unit configures an IP firewall, but the local system does not support BPF/cgroup firewalling.
[    2.266420] systemd[1]: (This warning is only shown for the first unit using IP firewalling.)
[    2.267081] systemd[1]: Starting systemd-journald.service - Journal Service...
[    2.275914] systemd[1]: Starting systemd-modules-load.service - Load Kernel Modules...
[    2.277675] systemd[1]: Starting systemd-remount-fs.service - Remount Root and Kernel File Systems...
[    2.282641] systemd[1]: Starting systemd-udev-trigger.service - Coldplug All udev Devices...
[    2.285681] systemd[1]: modprobe@configfs.service: Deactivated successfully.
[    2.285899] systemd[1]: Finished modprobe@configfs.service - Load Kernel Module configfs.
[    2.286575] systemd[1]: modprobe@dm_mod.service: Deactivated successfully.
[    2.286716] systemd[1]: Finished modprobe@dm_mod.service - Load Kernel Module dm_mod.
[    2.287655] systemd[1]: modprobe@drm.service: Deactivated successfully.
[    2.287832] systemd[1]: Finished modprobe@drm.service - Load Kernel Module drm.
[    2.288159] systemd[1]: modprobe@efi_pstore.service: Deactivated successfully.
[    2.288390] systemd[1]: Finished modprobe@efi_pstore.service - Load Kernel Module efi_pstore.
[    2.289758] systemd[1]: modprobe@fuse.service: Deactivated successfully.
[    2.289913] systemd[1]: Finished modprobe@fuse.service - Load Kernel Module fuse.
[    2.290501] systemd[1]: modprobe@loop.service: Deactivated successfully.
[    2.290749] systemd[1]: Finished modprobe@loop.service - Load Kernel Module loop.
[    2.293620] systemd[1]: Mounting sys-fs-fuse-connections.mount - FUSE Control File System...
[    2.293752] systemd[1]: sys-kernel-config.mount - Kernel Configuration File System was skipped because of an unmet condition check (ConditionPathExists=/sys/kernel/config).
[    2.293946] systemd[1]: systemd-repart.service - Repartition Root Disk was skipped because no trigger condition checks were met.
[    2.296500] systemd[1]: Finished systemd-modules-load.service - Load Kernel Modules.
[    2.298065] systemd[1]: Starting systemd-sysctl.service - Apply Kernel Variables...
[    2.318287] systemd[1]: Mounted dev-hugepages.mount - Huge Pages File System.
[    2.318569] systemd[1]: Mounted dev-mqueue.mount - POSIX Message Queue File System.
[    2.318712] systemd[1]: Mounted sys-kernel-debug.mount - Kernel Debug File System.
[    2.318840] systemd[1]: Mounted sys-kernel-tracing.mount - Kernel Trace File System.
[    2.318881] EXT4-fs (sda3): re-mounted. Quota mode: none.
[    2.320249] systemd[1]: Mounted sys-fs-fuse-connections.mount - FUSE Control File System.
[    2.320641] systemd[1]: Finished systemd-remount-fs.service - Remount Root and Kernel File Systems.
[    2.321413] systemd[1]: systemd-firstboot.service - First Boot Wizard was skipped because of an unmet condition check (ConditionFirstBoot=yes).
[    2.321444] systemd[1]: systemd-pstore.service - Platform Persistent Storage Archival was skipped because of an unmet condition check (ConditionDirectoryNotEmpty=/sys/fs/pstore).
[    2.337383] systemd[1]: Starting systemd-random-seed.service - Load/Save Random Seed...
[    2.338617] systemd[1]: Starting systemd-sysusers.service - Create System Users...
[    2.339045] systemd[1]: Finished systemd-sysctl.service - Apply Kernel Variables.
[    2.368252] systemd[1]: Finished systemd-random-seed.service - Load/Save Random Seed.
[    2.368409] systemd[1]: first-boot-complete.target - First Boot Complete was skipped because of an unmet condition check (ConditionFirstBoot=yes).
[    2.383430] systemd[1]: Finished systemd-sysusers.service - Create System Users.
[    2.395048] systemd[1]: Starting systemd-tmpfiles-setup-dev.service - Create Static Device Nodes in /dev...
[    2.396290] systemd[1]: Started systemd-journald.service - Journal Service.
[    2.409670] systemd-journald[217]: Received client request to flush runtime journal.
[    2.892799] Adding 4395004k swap on /dev/sda2.  Priority:-2 extents:1 across:4395004k 
[    3.302183] EXT4-fs (sda1): mounted filesystem with ordered data mode. Quota mode: none.
[    3.393050] audit: type=1400 audit(1696028575.434:2): apparmor="STATUS" operation="profile_load" profile="unconfined" name="nvidia_modprobe" pid=326 comm="apparmor_parser"
[    3.393056] audit: type=1400 audit(1696028575.434:3): apparmor="STATUS" operation="profile_load" profile="unconfined" name="nvidia_modprobe//kmod" pid=326 comm="apparmor_parser"
[    3.394533] audit: type=1400 audit(1696028575.434:4): apparmor="STATUS" operation="profile_load" profile="unconfined" name="/usr/bin/man" pid=328 comm="apparmor_parser"
[    3.394538] audit: type=1400 audit(1696028575.434:5): apparmor="STATUS" operation="profile_load" profile="unconfined" name="man_filter" pid=328 comm="apparmor_parser"
[    3.394540] audit: type=1400 audit(1696028575.434:6): apparmor="STATUS" operation="profile_load" profile="unconfined" name="man_groff" pid=328 comm="apparmor_parser"
[    3.394842] audit: type=1400 audit(1696028575.437:7): apparmor="STATUS" operation="profile_load" profile="unconfined" name="lsb_release" pid=325 comm="apparmor_parser"
[    3.408751] audit: type=1400 audit(1696028575.451:8): apparmor="STATUS" operation="profile_load" profile="unconfined" name="/usr/lib/NetworkManager/nm-dhcp-client.action" pid=327 comm="apparmor_parser"
[    3.408756] audit: type=1400 audit(1696028575.451:9): apparmor="STATUS" operation="profile_load" profile="unconfined" name="/usr/lib/NetworkManager/nm-dhcp-helper" pid=327 comm="apparmor_parser"
[    3.408758] audit: type=1400 audit(1696028575.451:10): apparmor="STATUS" operation="profile_load" profile="unconfined" name="/usr/lib/connman/scripts/dhclient-script" pid=327 comm="apparmor_parser"
[    3.537095] e1000: enp0s3 NIC Link is Up 1000 Mbps Full Duplex, Flow Control: RX
[    3.548297] IPv6: ADDRCONF(NETDEV_CHANGE): enp0s3: link becomes ready
