[    0.000000] Linux version 6.1.52-lweglarz (root@lweglarz) (gcc (Debian 12.2.0-14) 12.2.0, GNU ld (GNU Binutils for Debian) 2.40) #1 SMP PREEMPT_DYNAMIC Wed Sep 27 15:01:33 CEST 2023
[    0.000000] Command line: BOOT_IMAGE=/vmlinuz-6.1.52-lweglarz root=UUID=09b362a9-007e-4af4-96ab-59a7da7566f1 ro quiet
[    0.000000] BIOS-provided physical RAM map:
[    0.000000] BIOS-e820: [mem 0x0000000000000000-0x000000000009fbff] usable
[    0.000000] BIOS-e820: [mem 0x000000000009fc00-0x000000000009ffff] reserved
[    0.000000] BIOS-e820: [mem 0x00000000000f0000-0x00000000000fffff] reserved
[    0.000000] BIOS-e820: [mem 0x0000000000100000-0x00000000dffeffff] usable
[    0.000000] BIOS-e820: [mem 0x00000000dfff0000-0x00000000dfffffff] ACPI data
[    0.000000] BIOS-e820: [mem 0x00000000fec00000-0x00000000fec00fff] reserved
[    0.000000] BIOS-e820: [mem 0x00000000fee00000-0x00000000fee00fff] reserved
[    0.000000] BIOS-e820: [mem 0x00000000fffc0000-0x00000000ffffffff] reserved
[    0.000000] BIOS-e820: [mem 0x0000000100000000-0x000000011fffffff] usable
[    0.000000] NX (Execute Disable) protection: active
[    0.000000] SMBIOS 2.5 present.
[    0.000000] DMI: innotek GmbH VirtualBox/VirtualBox, BIOS VirtualBox 12/01/2006
[    0.000000] Hypervisor detected: KVM
[    0.000000] kvm-clock: Using msrs 4b564d01 and 4b564d00
[    0.000001] kvm-clock: using sched offset of 8959184392 cycles
[    0.000003] clocksource: kvm-clock: mask: 0xffffffffffffffff max_cycles: 0x1cd42e4dffb, max_idle_ns: 881590591483 ns
[    0.000005] tsc: Detected 3695.994 MHz processor
[    0.001937] e820: update [mem 0x00000000-0x00000fff] usable ==> reserved
[    0.001940] e820: remove [mem 0x000a0000-0x000fffff] usable
[    0.001943] last_pfn = 0x120000 max_arch_pfn = 0x400000000
[    0.001950] Disabled
[    0.001951] x86/PAT: MTRRs disabled, skipping PAT initialization too.
[    0.001953] CPU MTRRs all blank - virtualized system.
[    0.001954] x86/PAT: Configuration [0-7]: WB  WT  UC- UC  WB  WT  UC- UC  
[    0.001957] last_pfn = 0xdfff0 max_arch_pfn = 0x400000000
[    0.001999] found SMP MP-table at [mem 0x0009fff0-0x0009ffff]
[    0.004187] RAMDISK: [mem 0x36385000-0x371b9fff]
[    0.004192] ACPI: Early table checksum verification disabled
[    0.004195] ACPI: RSDP 0x00000000000E0000 000024 (v02 VBOX  )
[    0.004199] ACPI: XSDT 0x00000000DFFF0030 00003C (v01 VBOX   VBOXXSDT 00000001 ASL  00000061)
[    0.004203] ACPI: FACP 0x00000000DFFF00F0 0000F4 (v04 VBOX   VBOXFACP 00000001 ASL  00000061)
[    0.004207] ACPI: DSDT 0x00000000DFFF0630 002353 (v02 VBOX   VBOXBIOS 00000002 INTL 20100528)
[    0.004210] ACPI: FACS 0x00000000DFFF0200 000040
[    0.004212] ACPI: FACS 0x00000000DFFF0200 000040
[    0.004214] ACPI: APIC 0x00000000DFFF0240 00007C (v02 VBOX   VBOXAPIC 00000001 ASL  00000061)
[    0.004217] ACPI: SSDT 0x00000000DFFF02C0 00036C (v01 VBOX   VBOXCPUT 00000002 INTL 20100528)
[    0.004219] ACPI: Reserving FACP table memory at [mem 0xdfff00f0-0xdfff01e3]
[    0.004220] ACPI: Reserving DSDT table memory at [mem 0xdfff0630-0xdfff2982]
[    0.004220] ACPI: Reserving FACS table memory at [mem 0xdfff0200-0xdfff023f]
[    0.004221] ACPI: Reserving FACS table memory at [mem 0xdfff0200-0xdfff023f]
[    0.004221] ACPI: Reserving APIC table memory at [mem 0xdfff0240-0xdfff02bb]
[    0.004222] ACPI: Reserving SSDT table memory at [mem 0xdfff02c0-0xdfff062b]
[    0.004381] No NUMA configuration found
[    0.004382] Faking a node at [mem 0x0000000000000000-0x000000011fffffff]
[    0.004384] NODE_DATA(0) allocated [mem 0x11fff8000-0x11fffbfff]
[    0.004396] Zone ranges:
[    0.004396]   DMA      [mem 0x0000000000001000-0x0000000000ffffff]
[    0.004398]   DMA32    [mem 0x0000000001000000-0x00000000ffffffff]
[    0.004399]   Normal   [mem 0x0000000100000000-0x000000011fffffff]
[    0.004400] Movable zone start for each node
[    0.004400] Early memory node ranges
[    0.004400]   node   0: [mem 0x0000000000001000-0x000000000009efff]
[    0.004402]   node   0: [mem 0x0000000000100000-0x00000000dffeffff]
[    0.004403]   node   0: [mem 0x0000000100000000-0x000000011fffffff]
[    0.004404] Initmem setup node 0 [mem 0x0000000000001000-0x000000011fffffff]
[    0.006443] On node 0, zone DMA: 1 pages in unavailable ranges
[    0.006459] On node 0, zone DMA: 97 pages in unavailable ranges
[    0.074843] On node 0, zone Normal: 16 pages in unavailable ranges
[    0.075148] ACPI: PM-Timer IO Port: 0x4008
[    0.075193] IOAPIC[0]: apic_id 6, version 32, address 0xfec00000, GSI 0-23
[    0.075196] ACPI: INT_SRC_OVR (bus 0 bus_irq 0 global_irq 2 dfl dfl)
[    0.075198] ACPI: INT_SRC_OVR (bus 0 bus_irq 9 global_irq 9 low level)
[    0.075201] ACPI: Using ACPI (MADT) for SMP configuration information
[    0.075206] smpboot: Allowing 6 CPUs, 0 hotplug CPUs
[    0.075221] PM: hibernation: Registered nosave memory: [mem 0x00000000-0x00000fff]
[    0.075223] PM: hibernation: Registered nosave memory: [mem 0x0009f000-0x0009ffff]
[    0.075223] PM: hibernation: Registered nosave memory: [mem 0x000a0000-0x000effff]
[    0.075224] PM: hibernation: Registered nosave memory: [mem 0x000f0000-0x000fffff]
[    0.075225] PM: hibernation: Registered nosave memory: [mem 0xdfff0000-0xdfffffff]
[    0.075225] PM: hibernation: Registered nosave memory: [mem 0xe0000000-0xfebfffff]
[    0.075226] PM: hibernation: Registered nosave memory: [mem 0xfec00000-0xfec00fff]
[    0.075226] PM: hibernation: Registered nosave memory: [mem 0xfec01000-0xfedfffff]
[    0.075227] PM: hibernation: Registered nosave memory: [mem 0xfee00000-0xfee00fff]
[    0.075227] PM: hibernation: Registered nosave memory: [mem 0xfee01000-0xfffbffff]
[    0.075228] PM: hibernation: Registered nosave memory: [mem 0xfffc0000-0xffffffff]
[    0.075229] [mem 0xe0000000-0xfebfffff] available for PCI devices
[    0.075229] Booting paravirtualized kernel on KVM
[    0.075231] clocksource: refined-jiffies: mask: 0xffffffff max_cycles: 0xffffffff, max_idle_ns: 1910969940391419 ns
[    0.079140] setup_percpu: NR_CPUS:64 nr_cpumask_bits:6 nr_cpu_ids:6 nr_node_ids:1
[    0.081247] percpu: Embedded 53 pages/cpu s176296 r8192 d32600 u262144
[    0.081252] pcpu-alloc: s176296 r8192 d32600 u262144 alloc=1*2097152
[    0.081254] pcpu-alloc: [0] 0 1 2 3 4 5 - - 
[    0.081270] Fallback order for Node 0: 0 
[    0.081272] Built 1 zonelists, mobility grouping on.  Total pages: 1031920
[    0.081273] Policy zone: Normal
[    0.081273] Kernel command line: BOOT_IMAGE=/vmlinuz-6.1.52-lweglarz root=UUID=09b362a9-007e-4af4-96ab-59a7da7566f1 ro quiet
[    0.081297] Unknown kernel command line parameters "BOOT_IMAGE=/vmlinuz-6.1.52-lweglarz", will be passed to user space.
[    0.081312] random: crng init done
[    0.085576] Dentry cache hash table entries: 524288 (order: 10, 4194304 bytes, linear)
[    0.087594] Inode-cache hash table entries: 262144 (order: 9, 2097152 bytes, linear)
[    0.087675] mem auto-init: stack:all(zero), heap alloc:off, heap free:off
[    0.087678] software IO TLB: area num 8.
[    0.148569] Memory: 3998044K/4193848K available (16397K kernel code, 2733K rwdata, 9112K rodata, 1504K init, 2864K bss, 195544K reserved, 0K cma-reserved)
[    0.148599] SLUB: HWalign=64, Order=0-3, MinObjects=0, CPUs=6, Nodes=1
[    0.149368] Dynamic Preempt: voluntary
[    0.151377] rcu: Preemptible hierarchical RCU implementation.
[    0.151378] rcu: 	RCU event tracing is enabled.
[    0.151378] rcu: 	RCU restricting CPUs from NR_CPUS=64 to nr_cpu_ids=6.
[    0.151379] 	Trampoline variant of Tasks RCU enabled.
[    0.151380] rcu: RCU calculated value of scheduler-enlistment delay is 100 jiffies.
[    0.151381] rcu: Adjusting geometry for rcu_fanout_leaf=16, nr_cpu_ids=6
[    0.152382] NR_IRQS: 4352, nr_irqs: 472, preallocated irqs: 16
[    0.152539] rcu: srcu_init: Setting srcu_struct sizes based on contention.
[    0.158527] Console: colour VGA+ 80x25
[    0.158749] printk: console [tty0] enabled
[    0.158821] ACPI: Core revision 20220331
[    0.158899] APIC: Switch to symmetric I/O mode setup
[    0.160589] ..TIMER: vector=0x30 apic1=0 pin1=2 apic2=-1 pin2=-1
[    0.160610] clocksource: tsc-early: mask: 0xffffffffffffffff max_cycles: 0x6a8d1a33fd6, max_idle_ns: 881590710935 ns
[    0.160616] Calibrating delay loop (skipped) preset value.. 7391.98 BogoMIPS (lpj=3695994)
[    0.160704] Last level iTLB entries: 4KB 128, 2MB 8, 4MB 8
[    0.160705] Last level dTLB entries: 4KB 64, 2MB 0, 4MB 0, 1GB 4
[    0.160709] Spectre V1 : Mitigation: usercopy/swapgs barriers and __user pointer sanitization
[    0.160710] Spectre V2 : Mitigation: Retpolines
[    0.160711] Spectre V2 : Spectre v2 / SpectreRSB mitigation: Filling RSB on context switch
[    0.160712] Spectre V2 : Spectre v2 / SpectreRSB : Filling RSB on VMEXIT
[    0.160712] RETBleed: WARNING: Spectre v2 mitigation leaves CPU vulnerable to RETBleed attacks, data leaks possible!
[    0.161616] RETBleed: Vulnerable
[    0.161617] Speculative Store Bypass: Vulnerable
[    0.161624] MDS: Mitigation: Clear CPU buffers
[    0.161625] MMIO Stale Data: Mitigation: Clear CPU buffers
[    0.161626] SRBDS: Unknown: Dependent on hypervisor status
[    0.161627] GDS: Unknown: Dependent on hypervisor status
[    0.161637] x86/fpu: Supporting XSAVE feature 0x001: 'x87 floating point registers'
[    0.161638] x86/fpu: Supporting XSAVE feature 0x002: 'SSE registers'
[    0.161639] x86/fpu: Supporting XSAVE feature 0x004: 'AVX registers'
[    0.161640] x86/fpu: xstate_offset[2]:  576, xstate_sizes[2]:  256
[    0.161641] x86/fpu: Enabled xstate features 0x7, context size is 832 bytes, using 'standard' format.
[    0.173287] Freeing SMP alternatives memory: 48K
[    0.173290] pid_max: default: 32768 minimum: 301
[    0.173303] LSM: Security Framework initializing
[    0.173316] AppArmor: AppArmor initialized
[    0.173332] Mount-cache hash table entries: 8192 (order: 4, 65536 bytes, linear)
[    0.173336] Mountpoint-cache hash table entries: 8192 (order: 4, 65536 bytes, linear)
[    0.275096] smpboot: CPU0: Intel(R) Core(TM) i5-9600K CPU @ 3.70GHz (family: 0x6, model: 0x9e, stepping: 0xc)
[    0.275193] cblist_init_generic: Setting adjustable number of callback queues.
[    0.275194] cblist_init_generic: Setting shift to 3 and lim to 1.
[    0.275203] Performance Events: unsupported p6 CPU model 158 no PMU driver, software events only.
[    0.275215] signal: max sigframe size: 1776
[    0.275229] rcu: Hierarchical SRCU implementation.
[    0.275230] rcu: 	Max phase no-delay instances is 400.
[    0.276644] smp: Bringing up secondary CPUs ...
[    0.276695] x86: Booting SMP configuration:
[    0.276696] .... node  #0, CPUs:      #1 #2 #3 #4 #5
[    0.286768] smp: Brought up 1 node, 6 CPUs
[    0.286771] smpboot: Max logical packages: 1
[    0.286772] smpboot: Total of 6 processors activated (44351.92 BogoMIPS)
[    0.287616] devtmpfs: initialized
[    0.287818] clocksource: jiffies: mask: 0xffffffff max_cycles: 0xffffffff, max_idle_ns: 1911260446275000 ns
[    0.287818] futex hash table entries: 2048 (order: 5, 131072 bytes, linear)
[    0.287823] PM: RTC time: 11:35:13, date: 2023-10-03
[    0.287980] NET: Registered PF_NETLINK/PF_ROUTE protocol family
[    0.288038] audit: initializing netlink subsys (disabled)
[    0.288061] audit: type=2000 audit(1696332923.543:1): state=initialized audit_enabled=0 res=1
[    0.288061] thermal_sys: Registered thermal governor 'step_wise'
[    0.288061] thermal_sys: Registered thermal governor 'user_space'
[    0.288061] cpuidle: using governor menu
[    0.288061] PCI: Using configuration type 1 for base access
[    0.289613] kprobes: kprobe jump-optimization is enabled. All kprobes are optimized if possible.
[    0.295682] HugeTLB: registered 2.00 MiB page size, pre-allocated 0 pages
[    0.295684] HugeTLB: 28 KiB vmemmap can be freed for a 2.00 MiB page
[    0.296707] ACPI: Added _OSI(Module Device)
[    0.296707] ACPI: Added _OSI(Processor Device)
[    0.296707] ACPI: Added _OSI(3.0 _SCP Extensions)
[    0.296707] ACPI: Added _OSI(Processor Aggregator Device)
[    0.297842] ACPI: 2 ACPI AML tables successfully acquired and loaded
[    0.375443] ACPI: Interpreter enabled
[    0.375443] ACPI: PM: (supports S0 S5)
[    0.375443] ACPI: Using IOAPIC for interrupt routing
[    0.375645] PCI: Using host bridge windows from ACPI; if necessary, use "pci=nocrs" and report a bug
[    0.375646] PCI: Using E820 reservations for host bridge windows
[    0.375735] ACPI: Enabled 2 GPEs in block 00 to 07
[    0.379921] ACPI: PCI Root Bridge [PCI0] (domain 0000 [bus 00-ff])
[    0.379926] acpi PNP0A03:00: _OSC: OS supports [ASPM ClockPM Segments MSI HPX-Type3]
[    0.379928] acpi PNP0A03:00: _OSC: not requesting OS control; OS requires [ExtendedConfig ASPM ClockPM MSI]
[    0.380188] acpi PNP0A03:00: fail to add MMCONFIG information, can't access extended PCI configuration space under this bridge.
[    0.380293] PCI host bridge to bus 0000:00
[    0.380295] pci_bus 0000:00: root bus resource [io  0x0000-0x0cf7 window]
[    0.380297] pci_bus 0000:00: root bus resource [io  0x0d00-0xffff window]
[    0.380298] pci_bus 0000:00: root bus resource [mem 0x000a0000-0x000bffff window]
[    0.380299] pci_bus 0000:00: root bus resource [mem 0xe0000000-0xfdffffff window]
[    0.380300] pci_bus 0000:00: root bus resource [bus 00-ff]
[    0.380459] pci 0000:00:00.0: [8086:1237] type 00 class 0x060000
[    0.380926] pci 0000:00:01.0: [8086:7000] type 00 class 0x060100
[    0.381517] pci 0000:00:02.0: [15ad:0405] type 00 class 0x030000
[    0.382646] pci 0000:00:02.0: reg 0x10: [io  0xd000-0xd00f]
[    0.383638] pci 0000:00:02.0: reg 0x14: [mem 0xe0000000-0xe0ffffff pref]
[    0.384844] pci 0000:00:02.0: reg 0x18: [mem 0xf0000000-0xf01fffff]
[    0.393632] pci 0000:00:02.0: Video device with shadowed ROM at [mem 0x000c0000-0x000dffff]
[    0.393914] pci 0000:00:03.0: [8086:100e] type 00 class 0x020000
[    0.394716] pci 0000:00:03.0: reg 0x10: [mem 0xf0200000-0xf021ffff]
[    0.397613] pci 0000:00:03.0: reg 0x18: [io  0xd010-0xd017]
[    0.402920] pci 0000:00:04.0: [80ee:cafe] type 00 class 0x088000
[    0.403613] pci 0000:00:04.0: reg 0x10: [io  0xd020-0xd03f]
[    0.406656] pci 0000:00:04.0: reg 0x14: [mem 0xf0400000-0xf07fffff]
[    0.407613] pci 0000:00:04.0: reg 0x18: [mem 0xf0800000-0xf0803fff pref]
[    0.412887] pci 0000:00:06.0: [106b:003f] type 00 class 0x0c0310
[    0.413722] pci 0000:00:06.0: reg 0x10: [mem 0xf0804000-0xf0804fff]
[    0.421860] pci 0000:00:07.0: [8086:7113] type 00 class 0x068000
[    0.422791] pci 0000:00:07.0: quirk: [io  0x4000-0x403f] claimed by PIIX4 ACPI
[    0.422802] pci 0000:00:07.0: quirk: [io  0x4100-0x410f] claimed by PIIX4 SMB
[    0.422998] pci 0000:00:0b.0: [8086:265c] type 00 class 0x0c0320
[    0.423715] pci 0000:00:0b.0: reg 0x10: [mem 0xf0805000-0xf0805fff]
[    0.431987] pci 0000:00:0d.0: [8086:2829] type 00 class 0x010601
[    0.431987] pci 0000:00:0d.0: reg 0x10: [io  0xd040-0xd047]
[    0.434629] pci 0000:00:0d.0: reg 0x14: [io  0xd048-0xd04b]
[    0.435613] pci 0000:00:0d.0: reg 0x18: [io  0xd050-0xd057]
[    0.436635] pci 0000:00:0d.0: reg 0x1c: [io  0xd058-0xd05b]
[    0.438631] pci 0000:00:0d.0: reg 0x20: [io  0xd060-0xd06f]
[    0.439613] pci 0000:00:0d.0: reg 0x24: [mem 0xf0806000-0xf0807fff]
[    0.442299] ACPI: PCI: Interrupt link LNKA configured for IRQ 11
[    0.442468] ACPI: PCI: Interrupt link LNKB configured for IRQ 10
[    0.442535] ACPI: PCI: Interrupt link LNKC configured for IRQ 9
[    0.442645] ACPI: PCI: Interrupt link LNKD configured for IRQ 11
[    0.442792] iommu: Default domain type: Translated 
[    0.442794] iommu: DMA domain TLB invalidation policy: lazy mode 
[    0.442861] SCSI subsystem initialized
[    0.442905] libata version 3.00 loaded.
[    0.442905] ACPI: bus type USB registered
[    0.442905] usbcore: registered new interface driver usbfs
[    0.442905] usbcore: registered new interface driver hub
[    0.442905] usbcore: registered new device driver usb
[    0.442905] pps_core: LinuxPPS API ver. 1 registered
[    0.442905] pps_core: Software ver. 5.3.6 - Copyright 2005-2007 Rodolfo Giometti <giometti@linux.it>
[    0.442905] PTP clock support registered
[    0.442905] Advanced Linux Sound Architecture Driver Initialized.
[    0.442905] NetLabel: Initializing
[    0.442905] NetLabel:  domain hash size = 128
[    0.442905] NetLabel:  protocols = UNLABELED CIPSOv4 CALIPSO
[    0.442905] NetLabel:  unlabeled traffic allowed by default
[    0.443641] PCI: Using ACPI for IRQ routing
[    0.443641] PCI: pci_cache_line_size set to 64 bytes
[    0.443647] e820: reserve RAM buffer [mem 0x0009fc00-0x0009ffff]
[    0.443651] e820: reserve RAM buffer [mem 0xdfff0000-0xdfffffff]
[    0.443674] pci 0000:00:02.0: vgaarb: setting as boot VGA device
[    0.443674] pci 0000:00:02.0: vgaarb: bridge control possible
[    0.443674] pci 0000:00:02.0: vgaarb: VGA device added: decodes=io+mem,owns=io+mem,locks=none
[    0.443674] vgaarb: loaded
[    0.444835] clocksource: Switched to clocksource kvm-clock
[    0.444913] VFS: Disk quotas dquot_6.6.0
[    0.444922] VFS: Dquot-cache hash table entries: 512 (order 0, 4096 bytes)
[    0.445007] AppArmor: AppArmor Filesystem Enabled
[    0.445014] pnp: PnP ACPI init
[    0.445471] pnp: PnP ACPI: found 2 devices
[    0.464846] clocksource: acpi_pm: mask: 0xffffff max_cycles: 0xffffff, max_idle_ns: 2085701024 ns
[    0.464872] NET: Registered PF_INET protocol family
[    0.467017] IP idents hash table entries: 65536 (order: 7, 524288 bytes, linear)
[    0.467539] tcp_listen_portaddr_hash hash table entries: 2048 (order: 3, 32768 bytes, linear)
[    0.467545] Table-perturb hash table entries: 65536 (order: 6, 262144 bytes, linear)
[    0.467548] TCP established hash table entries: 32768 (order: 6, 262144 bytes, linear)
[    0.467567] TCP bind hash table entries: 32768 (order: 8, 1048576 bytes, linear)
[    0.467653] TCP: Hash tables configured (established 32768 bind 32768)
[    0.467672] UDP hash table entries: 2048 (order: 4, 65536 bytes, linear)
[    0.467680] UDP-Lite hash table entries: 2048 (order: 4, 65536 bytes, linear)
[    0.467705] NET: Registered PF_UNIX/PF_LOCAL protocol family
[    0.468118] RPC: Registered named UNIX socket transport module.
[    0.468120] RPC: Registered udp transport module.
[    0.468120] RPC: Registered tcp transport module.
[    0.468120] RPC: Registered tcp NFSv4.1 backchannel transport module.
[    0.468412] pci_bus 0000:00: resource 4 [io  0x0000-0x0cf7 window]
[    0.468415] pci_bus 0000:00: resource 5 [io  0x0d00-0xffff window]
[    0.468416] pci_bus 0000:00: resource 6 [mem 0x000a0000-0x000bffff window]
[    0.468417] pci_bus 0000:00: resource 7 [mem 0xe0000000-0xfdffffff window]
[    0.468444] pci 0000:00:00.0: Limiting direct PCI/PCI transfers
[    0.472364] PCI: CLS 0 bytes, default 64
[    0.472394] PCI-DMA: Using software bounce buffering for IO (SWIOTLB)
[    0.472394] software IO TLB: mapped [mem 0x00000000dbff0000-0x00000000dfff0000] (64MB)
[    0.472475] Unpacking initramfs...
[    0.474992] RAPL PMU: API unit is 2^-32 Joules, 0 fixed counters, 10737418240 ms ovfl timer
[    0.475001] clocksource: tsc: mask: 0xffffffffffffffff max_cycles: 0x6a8d1a33fd6, max_idle_ns: 881590710935 ns
[    0.475107] clocksource: Switched to clocksource tsc
[    0.475126] platform rtc_cmos: registered platform RTC device (no PNP device found)
[    0.490289] Initialise system trusted keyrings
[    0.490366] workingset: timestamp_bits=56 max_order=20 bucket_order=0
[    0.494666] NFS: Registering the id_resolver key type
[    0.494670] Key type id_resolver registered
[    0.494670] Key type id_legacy registered
[    0.497750] fuse: init (API version 7.37)
[    0.498694] 9p: Installing v9fs 9p2000 file system support
[    0.510629] Key type asymmetric registered
[    0.510631] Asymmetric key parser 'x509' registered
[    0.510648] Block layer SCSI generic (bsg) driver version 0.4 loaded (major 251)
[    0.510656] io scheduler mq-deadline registered
[    0.510657] io scheduler kyber registered
[    0.511390] ACPI: AC: AC Adapter [AC] (on-line)
[    0.511424] input: Power Button as /devices/LNXSYSTM:00/LNXPWRBN:00/input/input0
[    0.511579] ACPI: button: Power Button [PWRF]
[    0.511632] input: Sleep Button as /devices/LNXSYSTM:00/LNXSLPBN:00/input/input1
[    0.511646] ACPI: button: Sleep Button [SLPF]
[    0.511706] ACPI: video: Video Device [GFX0] (multi-head: yes  rom: no  post: no)
[    0.511745] input: Video Bus as /devices/LNXSYSTM:00/LNXSYBUS:00/PNP0A03:00/LNXVIDEO:00/input/input2
[    0.515146] Serial: 8250/16550 driver, 4 ports, IRQ sharing enabled
[    0.515938] Non-volatile memory driver v1.3
[    0.515940] Linux agpgart interface v0.103
[    0.515998] ACPI: bus type drm_connector registered
[    0.520260] loop: module loaded
[    0.520307] ahci 0000:00:0d.0: version 3.0
[    0.522778] ahci 0000:00:0d.0: SSS flag set, parallel bus scan disabled
[    0.522936] ahci 0000:00:0d.0: AHCI 0001.0100 32 slots 2 ports 3 Gbps 0x3 impl SATA mode
[    0.522939] ahci 0000:00:0d.0: flags: 64bit ncq stag only ccc 
[    0.523434] scsi host0: ahci
[    0.523758] scsi host1: ahci
[    0.523788] ata1: SATA max UDMA/133 abar m8192@0xf0806000 port 0xf0806100 irq 21
[    0.523792] ata2: SATA max UDMA/133 abar m8192@0xf0806000 port 0xf0806180 irq 21
[    0.524005] e100: Intel(R) PRO/100 Network Driver
[    0.524006] e100: Copyright(c) 1999-2006 Intel Corporation
[    0.524011] e1000: Intel(R) PRO/1000 Network Driver
[    0.524012] e1000: Copyright (c) 1999-2006 Intel Corporation.
[    0.553802] Freeing initrd memory: 14548K
[    0.839520] ata1: SATA link up 3.0 Gbps (SStatus 123 SControl 300)
[    0.839693] ata1.00: ATA-6: VBOX HARDDISK, 1.0, max UDMA/133
[    0.839695] ata1.00: 52428800 sectors, multi 128: LBA48 NCQ (depth 32)
[    0.840023] ata1.00: configured for UDMA/133
[    0.840137] scsi 0:0:0:0: Direct-Access     ATA      VBOX HARDDISK    1.0  PQ: 0 ANSI: 5
[    0.840311] sd 0:0:0:0: [sda] 52428800 512-byte logical blocks: (26.8 GB/25.0 GiB)
[    0.840316] sd 0:0:0:0: [sda] Write Protect is off
[    0.840318] sd 0:0:0:0: [sda] Mode Sense: 00 3a 00 00
[    0.840323] sd 0:0:0:0: [sda] Write cache: enabled, read cache: enabled, doesn't support DPO or FUA
[    0.840329] sd 0:0:0:0: [sda] Preferred minimum I/O size 512 bytes
[    0.840383] sd 0:0:0:0: Attached scsi generic sg0 type 0
[    0.841328]  sda: sda1 sda2 sda3
[    0.841709] sd 0:0:0:0: [sda] Attached SCSI disk
[    0.878126] e1000 0000:00:03.0 eth0: (PCI:33MHz:32-bit) 08:00:27:ab:76:b3
[    0.878132] e1000 0000:00:03.0 eth0: Intel(R) PRO/1000 Network Connection
[    0.878151] e1000e: Intel(R) PRO/1000 Network Driver
[    0.878151] e1000e: Copyright(c) 1999 - 2015 Intel Corporation.
[    0.878161] sky2: driver version 1.30
[    0.878722] ehci-pci 0000:00:0b.0: EHCI Host Controller
[    0.878858] ehci-pci 0000:00:0b.0: new USB bus registered, assigned bus number 1
[    0.879059] ehci-pci 0000:00:0b.0: irq 19, io mem 0xf0805000
[    0.886646] ehci-pci 0000:00:0b.0: USB 2.0 started, EHCI 1.00
[    0.886674] usb usb1: New USB device found, idVendor=1d6b, idProduct=0002, bcdDevice= 6.01
[    0.886676] usb usb1: New USB device strings: Mfr=3, Product=2, SerialNumber=1
[    0.886677] usb usb1: Product: EHCI Host Controller
[    0.886678] usb usb1: Manufacturer: Linux 6.1.52-lweglarz ehci_hcd
[    0.886679] usb usb1: SerialNumber: 0000:00:0b.0
[    0.886836] hub 1-0:1.0: USB hub found
[    0.886839] hub 1-0:1.0: 12 ports detected
[    0.887395] ohci-pci 0000:00:06.0: OHCI PCI host controller
[    0.887464] ohci-pci 0000:00:06.0: new USB bus registered, assigned bus number 2
[    0.887514] ohci-pci 0000:00:06.0: irq 22, io mem 0xf0804000
[    0.941048] usb usb2: New USB device found, idVendor=1d6b, idProduct=0001, bcdDevice= 6.01
[    0.941053] usb usb2: New USB device strings: Mfr=3, Product=2, SerialNumber=1
[    0.941056] usb usb2: Product: OHCI PCI host controller
[    0.941058] usb usb2: Manufacturer: Linux 6.1.52-lweglarz ohci_hcd
[    0.941060] usb usb2: SerialNumber: 0000:00:06.0
[    0.941385] hub 2-0:1.0: USB hub found
[    0.941403] hub 2-0:1.0: 12 ports detected
[    0.942254] usbcore: registered new interface driver usblp
[    0.942272] usbcore: registered new interface driver usb-storage
[    0.942322] i8042: PNP: PS/2 Controller [PNP0303:PS2K,PNP0f03:PS2M] at 0x60,0x64 irq 1,12
[    0.942912] serio: i8042 KBD port at 0x60,0x64 irq 1
[    0.942919] serio: i8042 AUX port at 0x60,0x64 irq 12
[    0.944724] input: AT Translated Set 2 keyboard as /devices/platform/i8042/serio0/input/input3
[    0.944864] rtc_cmos rtc_cmos: registered as rtc0
[    0.945066] rtc_cmos rtc_cmos: alarms up to one day, 114 bytes nvram
[    0.945953] fail to initialize ptp_kvm
[    0.946954] device-mapper: ioctl: 4.47.0-ioctl (2022-07-28) initialised: dm-devel@redhat.com
[    0.947324] intel_pstate: CPU model not supported
[    0.947350] hid: raw HID events driver (C) Jiri Kosina
[    0.947592] usbcore: registered new interface driver usbhid
[    0.947594] usbhid: USB HID core driver
[    0.948593] Initializing XFRM netlink socket
[    0.949463] NET: Registered PF_INET6 protocol family
[    0.951334] Segment Routing with IPv6
[    0.951346] In-situ OAM (IOAM) with IPv6
[    0.951394] sit: IPv6, IPv4 and MPLS over IPv4 tunneling driver
[    0.951566] NET: Registered PF_PACKET protocol family
[    0.951614] 9pnet: Installing 9P2000 support
[    0.951630] Key type dns_resolver registered
[    0.953036] IPI shorthand broadcast: enabled
[    0.953071] sched_clock: Marking stable (945088459, 7896232)->(957281707, -4297016)
[    0.953579] registered taskstats version 1
[    0.953582] Loading compiled-in X.509 certificates
[    0.954108] cryptomgr_test (72) used greatest stack depth: 15736 bytes left
[    0.954155] AppArmor: AppArmor sha1 policy hashing enabled
[    0.956653] cryptomgr_test (77) used greatest stack depth: 15528 bytes left
[    0.957943] cryptomgr_test (80) used greatest stack depth: 15520 bytes left
[    0.963157] PM:   Magic number: 11:444:579
[    0.963179] pci_bus 0000:00: hash matches
[    0.963189] printk: console [netcon0] enabled
[    0.963190] netconsole: network logging started
[    0.963393] cfg80211: Loading compiled-in X.509 certificates for regulatory database
[    0.964793] modprobe (95) used greatest stack depth: 13480 bytes left
[    0.968649] cfg80211: Loaded X.509 cert 'sforshee: 00b28ddf47aef9cea7'
[    0.969000] cfg80211: loaded regulatory.db is malformed or signature is missing/invalid
[    0.969012] ALSA device list:
[    0.969015]   No soundcards found.
[    1.151016] ata2: SATA link up 3.0 Gbps (SStatus 123 SControl 300)
[    1.151185] ata2.00: ATAPI: VBOX CD-ROM, 1.0, max UDMA/133
[    1.151189] ata2.00: applying bridge limits
[    1.151456] ata2.00: configured for UDMA/100
[    1.151823] scsi 1:0:0:0: CD-ROM            VBOX     CD-ROM           1.0  PQ: 0 ANSI: 5
[    1.153380] input: ImExPS/2 Generic Explorer Mouse as /devices/platform/i8042/serio1/input/input5
[    1.268036] sr 1:0:0:0: [sr0] scsi-1 drive
[    1.268048] cdrom: Uniform CD-ROM driver Revision: 3.20
[    1.268104] usb 2-1: new full-speed USB device number 2 using ohci-pci
[    1.298740] sr 1:0:0:0: Attached scsi CD-ROM sr0
[    1.298921] sr 1:0:0:0: Attached scsi generic sg1 type 5
[    1.299571] Freeing unused kernel image (initmem) memory: 1504K
[    1.299574] Write protecting the kernel read-only data: 28672k
[    1.300682] Freeing unused kernel image (text/rodata gap) memory: 2032K
[    1.301118] Freeing unused kernel image (rodata/data gap) memory: 1128K
[    1.343053] x86/mm: Checked W+X mappings: passed, no W+X pages found.
[    1.343133] Run /init as init process
[    1.343134]   with arguments:
[    1.343135]     /init
[    1.343135]   with environment:
[    1.343136]     HOME=/
[    1.343136]     TERM=linux
[    1.343137]     BOOT_IMAGE=/vmlinuz-6.1.52-lweglarz
[    1.363161] systemd-udevd (126) used greatest stack depth: 13384 bytes left
[    1.426620] e1000 0000:00:03.0 enp0s3: renamed from eth0
[    1.571351] usb 2-1: New USB device found, idVendor=80ee, idProduct=0021, bcdDevice= 1.00
[    1.571358] usb 2-1: New USB device strings: Mfr=1, Product=3, SerialNumber=0
[    1.571361] usb 2-1: Product: USB Tablet
[    1.571363] usb 2-1: Manufacturer: VirtualBox
[    1.590277] input: VirtualBox USB Tablet as /devices/pci0000:00/0000:00:06.0/usb2/2-1/2-1:1.0/0003:80EE:0021.0001/input/input6
[    1.590916] hid-generic 0003:80EE:0021.0001: input,hidraw0: USB HID v1.10 Mouse [VirtualBox USB Tablet] on usb-0000:00:06.0-1/input0
[    2.020840] usb 2-2: new full-speed USB device number 3 using ohci-pci
[    2.531320] usb 2-2: New USB device found, idVendor=046d, idProduct=c34a, bcdDevice=64.00
[    2.531328] usb 2-2: New USB device strings: Mfr=1, Product=2, SerialNumber=0
[    2.531331] usb 2-2: Product: LogiG TKL MKeyboard
[    2.531333] usb 2-2: Manufacturer: Logitech
[    2.555085] input: Logitech LogiG TKL MKeyboard as /devices/pci0000:00/0000:00:06.0/usb2/2-2/2-2:1.0/0003:046D:C34A.0002/input/input7
[    2.607655] hid-generic 0003:046D:C34A.0002: input,hidraw1: USB HID v1.11 Keyboard [Logitech LogiG TKL MKeyboard] on usb-0000:00:06.0-2/input0
[    2.621399] input: Logitech LogiG TKL MKeyboard as /devices/pci0000:00/0000:00:06.0/usb2/2-2/2-2:1.1/0003:046D:C34A.0003/input/input8
[    2.674986] hid-generic 0003:046D:C34A.0003: input,hidraw2: USB HID v1.11 Keyboard [Logitech LogiG TKL MKeyboard] on usb-0000:00:06.0-2/input1
[    2.686203] hid-generic 0003:046D:C34A.0004: hiddev96,hidraw3: USB HID v1.11 Device [Logitech LogiG TKL MKeyboard] on usb-0000:00:06.0-2/input2
[    2.944662] EXT4-fs (sda3): mounted filesystem with ordered data mode. Quota mode: none.
[    2.949468] (udev-worker) (147) used greatest stack depth: 13264 bytes left
[    2.949532] (udev-worker) (131) used greatest stack depth: 13224 bytes left
[    3.085765] systemd[1]: systemd 252.12-1~deb12u1 running in system mode (+PAM +AUDIT +SELINUX +APPARMOR +IMA +SMACK +SECCOMP +GCRYPT -GNUTLS +OPENSSL +ACL +BLKID +CURL +ELFUTILS +FIDO2 +IDN2 -IDN +IPTC +KMOD +LIBCRYPTSETUP +LIBFDISK +PCRE2 -PWQUALITY +P11KIT +QRENCODE +TPM2 +BZIP2 +LZ4 +XZ +ZLIB +ZSTD -BPF_FRAMEWORK -XKBCOMMON +UTMP +SYSVINIT default-hierarchy=unified)
[    3.085768] systemd[1]: Detected virtualization oracle.
[    3.085771] systemd[1]: Detected architecture x86-64.
[    3.195866] systemd-fstab-g (198) used greatest stack depth: 13000 bytes left
[    3.319676] systemd[1]: Queued start job for default target graphical.target.
[    3.338377] systemd[1]: Created slice system-getty.slice - Slice /system/getty.
[    3.338572] systemd[1]: Created slice system-modprobe.slice - Slice /system/modprobe.
[    3.338781] systemd[1]: Created slice system-systemd\x2dfsck.slice - Slice /system/systemd-fsck.
[    3.338887] systemd[1]: Created slice user.slice - User and Session Slice.
[    3.338933] systemd[1]: Started systemd-ask-password-console.path - Dispatch Password Requests to Console Directory Watch.
[    3.338974] systemd[1]: Started systemd-ask-password-wall.path - Forward Password Requests to Wall Directory Watch.
[    3.339087] systemd[1]: Set up automount proc-sys-fs-binfmt_misc.automount - Arbitrary Executable File Formats File System Automount Point.
[    3.339124] systemd[1]: Reached target cryptsetup.target - Local Encrypted Volumes.
[    3.339150] systemd[1]: Reached target integritysetup.target - Local Integrity Protected Volumes.
[    3.339180] systemd[1]: Reached target paths.target - Path Units.
[    3.339200] systemd[1]: Reached target remote-fs.target - Remote File Systems.
[    3.339216] systemd[1]: Reached target slices.target - Slice Units.
[    3.339247] systemd[1]: Reached target time-set.target - System Time Set.
[    3.339284] systemd[1]: Reached target veritysetup.target - Local Verity Protected Volumes.
[    3.339363] systemd[1]: Listening on systemd-fsckd.socket - fsck to fsckd communication Socket.
[    3.339403] systemd[1]: Listening on systemd-initctl.socket - initctl Compatibility Named Pipe.
[    3.339892] systemd[1]: Listening on systemd-journald-audit.socket - Journal Audit Socket.
[    3.339976] systemd[1]: Listening on systemd-journald-dev-log.socket - Journal Socket (/dev/log).
[    3.340054] systemd[1]: Listening on systemd-journald.socket - Journal Socket.
[    3.341795] systemd[1]: Listening on systemd-udevd-control.socket - udev Control Socket.
[    3.341874] systemd[1]: Listening on systemd-udevd-kernel.socket - udev Kernel Socket.
[    3.342444] systemd[1]: Mounting dev-hugepages.mount - Huge Pages File System...
[    3.343067] systemd[1]: Mounting dev-mqueue.mount - POSIX Message Queue File System...
[    3.343656] systemd[1]: Mounting sys-kernel-debug.mount - Kernel Debug File System...
[    3.344227] systemd[1]: Mounting sys-kernel-tracing.mount - Kernel Trace File System...
[    3.345447] systemd[1]: Starting keyboard-setup.service - Set the console keyboard layout...
[    3.345493] systemd[1]: kmod-static-nodes.service - Create List of Static Device Nodes was skipped because of an unmet condition check (ConditionFileNotEmpty=/lib/modules/6.1.52-lweglarz/modules.devname).
[    3.346241] systemd[1]: Starting modprobe@configfs.service - Load Kernel Module configfs...
[    3.347097] systemd[1]: Starting modprobe@dm_mod.service - Load Kernel Module dm_mod...
[    3.347879] systemd[1]: Starting modprobe@drm.service - Load Kernel Module drm...
[    3.348695] systemd[1]: Starting modprobe@efi_pstore.service - Load Kernel Module efi_pstore...
[    3.349564] systemd[1]: Starting modprobe@fuse.service - Load Kernel Module fuse...
[    3.350367] systemd[1]: Starting modprobe@loop.service - Load Kernel Module loop...
[    3.350442] systemd[1]: systemd-fsck-root.service - File System Check on Root Device was skipped because of an unmet condition check (ConditionPathExists=!/run/initramfs/fsck-root).
[    3.350622] systemd[1]: systemd-journald.service: unit configures an IP firewall, but the local system does not support BPF/cgroup firewalling.
[    3.350624] systemd[1]: (This warning is only shown for the first unit using IP firewalling.)
[    3.351191] systemd[1]: Starting systemd-journald.service - Journal Service...
[    3.353858] systemd[1]: Starting systemd-modules-load.service - Load Kernel Modules...
[    3.355175] systemd[1]: Starting systemd-remount-fs.service - Remount Root and Kernel File Systems...
[    3.356426] systemd[1]: Starting systemd-udev-trigger.service - Coldplug All udev Devices...
[    3.357945] systemd[1]: modprobe@configfs.service: Deactivated successfully.
[    3.358037] systemd[1]: Finished modprobe@configfs.service - Load Kernel Module configfs.
[    3.358527] systemd[1]: modprobe@dm_mod.service: Deactivated successfully.
[    3.358612] systemd[1]: Finished modprobe@dm_mod.service - Load Kernel Module dm_mod.
[    3.358790] systemd[1]: modprobe@drm.service: Deactivated successfully.
[    3.358873] systemd[1]: Finished modprobe@drm.service - Load Kernel Module drm.
[    3.359048] systemd[1]: modprobe@efi_pstore.service: Deactivated successfully.
[    3.359288] systemd[1]: Finished modprobe@efi_pstore.service - Load Kernel Module efi_pstore.
[    3.359474] systemd[1]: modprobe@fuse.service: Deactivated successfully.
[    3.359555] systemd[1]: Finished modprobe@fuse.service - Load Kernel Module fuse.
[    3.359712] systemd[1]: modprobe@loop.service: Deactivated successfully.
[    3.359788] systemd[1]: Finished modprobe@loop.service - Load Kernel Module loop.
[    3.360631] systemd[1]: Mounting sys-fs-fuse-connections.mount - FUSE Control File System...
[    3.360749] systemd[1]: sys-kernel-config.mount - Kernel Configuration File System was skipped because of an unmet condition check (ConditionPathExists=/sys/kernel/config).
[    3.360837] systemd[1]: systemd-repart.service - Repartition Root Disk was skipped because no trigger condition checks were met.
[    3.361675] systemd[1]: Finished systemd-modules-load.service - Load Kernel Modules.
[    3.362511] systemd[1]: Starting systemd-sysctl.service - Apply Kernel Variables...
[    3.372866] systemd[1]: Finished systemd-sysctl.service - Apply Kernel Variables.
[    3.384320] mount (209) used greatest stack depth: 12880 bytes left
[    3.385411] EXT4-fs (sda3): re-mounted. Quota mode: none.
[    3.386331] systemd[1]: Mounted dev-hugepages.mount - Huge Pages File System.
[    3.386533] systemd[1]: Mounted dev-mqueue.mount - POSIX Message Queue File System.
[    3.386594] systemd[1]: Mounted sys-kernel-debug.mount - Kernel Debug File System.
[    3.386659] systemd[1]: Mounted sys-kernel-tracing.mount - Kernel Trace File System.
[    3.386781] systemd[1]: Finished systemd-remount-fs.service - Remount Root and Kernel File Systems.
[    3.386863] systemd[1]: Mounted sys-fs-fuse-connections.mount - FUSE Control File System.
[    3.387050] systemd[1]: systemd-firstboot.service - First Boot Wizard was skipped because of an unmet condition check (ConditionFirstBoot=yes).
[    3.387094] systemd[1]: systemd-pstore.service - Platform Persistent Storage Archival was skipped because of an unmet condition check (ConditionDirectoryNotEmpty=/sys/fs/pstore).
[    3.393143] systemd[1]: Starting systemd-random-seed.service - Load/Save Random Seed...
[    3.393898] systemd[1]: Starting systemd-sysusers.service - Create System Users...
[    3.417255] systemd[1]: Started systemd-journald.service - Journal Service.
[    3.439806] systemd-journald[220]: Received client request to flush runtime journal.
[    3.442586] systemd-journald[220]: File /var/log/journal/17701383bee7452fadb2564b4547ed78/system.journal corrupted or uncleanly shut down, renaming and replacing.
[    3.624189] vboxguest: loading out-of-tree module taints kernel.
[    3.636940] vgdrvHeartbeatInit: Setting up heartbeat to trigger every 2000 milliseconds
[    3.637116] Host supports full mouse state reporting, switching to extended mouse integration protocol
[    3.637540] input: VirtualBox mouse integration as /devices/pci0000:00/0000:00:04.0/input/input9
[    3.638080] vboxguest: Successfully loaded version 7.0.6 r155176
[    3.638102] vboxguest: misc device minor 125, IRQ 20, I/O port d020, MMIO at 00000000f0400000 (size 0x400000)
[    3.638103] vboxguest: Successfully loaded version 7.0.6 r155176 (interface 0x00010004)
[    3.671936] Adding 4395004k swap on /dev/sda2.  Priority:-2 extents:1 across:4395004k 
[    4.436256] EXT4-fs (sda1): mounted filesystem with ordered data mode. Quota mode: none.
[    4.481631] audit: type=1400 audit(1696332927.736:2): apparmor="STATUS" operation="profile_load" profile="unconfined" name="lsb_release" pid=339 comm="apparmor_parser"
[    4.483017] audit: type=1400 audit(1696332927.737:3): apparmor="STATUS" operation="profile_load" profile="unconfined" name="nvidia_modprobe" pid=340 comm="apparmor_parser"
[    4.483022] audit: type=1400 audit(1696332927.737:4): apparmor="STATUS" operation="profile_load" profile="unconfined" name="nvidia_modprobe//kmod" pid=340 comm="apparmor_parser"
[    4.483570] audit: type=1400 audit(1696332927.738:5): apparmor="STATUS" operation="profile_load" profile="unconfined" name="/usr/bin/man" pid=342 comm="apparmor_parser"
[    4.483572] audit: type=1400 audit(1696332927.738:6): apparmor="STATUS" operation="profile_load" profile="unconfined" name="man_filter" pid=342 comm="apparmor_parser"
[    4.483574] audit: type=1400 audit(1696332927.738:7): apparmor="STATUS" operation="profile_load" profile="unconfined" name="man_groff" pid=342 comm="apparmor_parser"
[    4.489926] audit: type=1400 audit(1696332927.744:8): apparmor="STATUS" operation="profile_load" profile="unconfined" name="/usr/lib/NetworkManager/nm-dhcp-client.action" pid=341 comm="apparmor_parser"
[    4.489929] audit: type=1400 audit(1696332927.744:9): apparmor="STATUS" operation="profile_load" profile="unconfined" name="/usr/lib/NetworkManager/nm-dhcp-helper" pid=341 comm="apparmor_parser"
[    4.489931] audit: type=1400 audit(1696332927.744:10): apparmor="STATUS" operation="profile_load" profile="unconfined" name="/usr/lib/connman/scripts/dhclient-script" pid=341 comm="apparmor_parser"
[    4.552575] e1000: enp0s3 NIC Link is Up 1000 Mbps Full Duplex, Flow Control: RX
[    4.552892] IPv6: ADDRCONF(NETDEV_CHANGE): enp0s3: link becomes ready
[    4.753449] 11:35:28.009763 main     VBoxService 7.0.6 r155176 (verbosity: 0) linux.amd64 (Jan 11 2023 15:34:33) release log
               11:35:28.009765 main     Log opened 2023-10-03T11:35:28.009760000Z
[    4.753485] 11:35:28.009824 main     OS Product: Linux
[    4.753508] 11:35:28.009850 main     OS Release: 6.1.52-lweglarz
[    4.753531] 11:35:28.009872 main     OS Version: #1 SMP PREEMPT_DYNAMIC Wed Sep 27 15:01:33 CEST 2023
[    4.753560] 11:35:28.009895 main     Executable: /opt/VBoxGuestAdditions-7.0.6/sbin/VBoxService
               11:35:28.009896 main     Process ID: 518
               11:35:28.009896 main     Package type: LINUX_64BITS_GENERIC
[    4.755241] 11:35:28.011571 main     7.0.6 r155176 started. Verbose level = 0
[    4.756109] 11:35:28.012440 main     vbglR3GuestCtrlDetectPeekGetCancelSupport: Supported (#1)
[    4.767043] vboxsf: g_fHostFeatures=0x8000000f g_fSfFeatures=0x1 g_uSfLastFunction=29
[    4.767087] vboxsf: Successfully loaded version 7.0.6 r155176
[    4.767169] vboxsf: Successfully loaded version 7.0.6 r155176 on 6.1.52-lweglarz (LINUX_VERSION_CODE=0x60134)
[    4.767741] 11:35:28.024069 automount vbsvcAutomounterMountIt: Successfully mounted 'linux_shared' on '/media/sf_linux_shared'
[   12.369066] systemd-journald[220]: File /var/log/journal/17701383bee7452fadb2564b4547ed78/user-1000.journal corrupted or uncleanly shut down, renaming and replacing.
[  598.322014] usb 2-2: USB disconnect, device number 3
[  602.381439] usb 2-2: new full-speed USB device number 4 using ohci-pci
[  602.796437] usb 2-2: New USB device found, idVendor=046d, idProduct=c34a, bcdDevice=64.00
[  602.796453] usb 2-2: New USB device strings: Mfr=1, Product=2, SerialNumber=0
[  602.796460] usb 2-2: Product: LogiG TKL MKeyboard
[  602.796465] usb 2-2: Manufacturer: Logitech
[  602.816943] input: Logitech LogiG TKL MKeyboard as /devices/pci0000:00/0000:00:06.0/usb2/2-2/2-2:1.0/0003:046D:C34A.0005/input/input10
[  602.883141] hid-generic 0003:046D:C34A.0005: input,hidraw1: USB HID v1.11 Keyboard [Logitech LogiG TKL MKeyboard] on usb-0000:00:06.0-2/input0
[  602.900981] input: Logitech LogiG TKL MKeyboard as /devices/pci0000:00/0000:00:06.0/usb2/2-2/2-2:1.1/0003:046D:C34A.0006/input/input11
[  602.961292] hid-generic 0003:046D:C34A.0006: input,hidraw2: USB HID v1.11 Keyboard [Logitech LogiG TKL MKeyboard] on usb-0000:00:06.0-2/input1
[  602.971239] hid-generic 0003:046D:C34A.0007: hiddev96,hidraw3: USB HID v1.11 Device [Logitech LogiG TKL MKeyboard] on usb-0000:00:06.0-2/input2
[  908.155426] usb 2-2: USB disconnect, device number 4
[  911.051102] usb 2-2: new full-speed USB device number 5 using ohci-pci
[  911.471819] usb 2-2: New USB device found, idVendor=046d, idProduct=c34a, bcdDevice=64.00
[  911.471833] usb 2-2: New USB device strings: Mfr=1, Product=2, SerialNumber=0
[  911.471838] usb 2-2: Product: LogiG TKL MKeyboard
[  911.471842] usb 2-2: Manufacturer: Logitech
[  911.497496] input: Logitech LogiG TKL MKeyboard as /devices/pci0000:00/0000:00:06.0/usb2/2-2/2-2:1.0/0003:046D:C34A.0008/input/input12
[  911.619973] hid-generic 0003:046D:C34A.0008: input,hidraw1: USB HID v1.11 Keyboard [Logitech LogiG TKL MKeyboard] on usb-0000:00:06.0-2/input0
[  911.640764] input: Logitech LogiG TKL MKeyboard as /devices/pci0000:00/0000:00:06.0/usb2/2-2/2-2:1.1/0003:046D:C34A.0009/input/input13
[  911.692638] hid-generic 0003:046D:C34A.0009: input,hidraw2: USB HID v1.11 Keyboard [Logitech LogiG TKL MKeyboard] on usb-0000:00:06.0-2/input1
[  911.710020] hid-generic 0003:046D:C34A.000A: hiddev96,hidraw3: USB HID v1.11 Device [Logitech LogiG TKL MKeyboard] on usb-0000:00:06.0-2/input2
[ 1779.692173] Hello World!
[ 1806.884730] usb 2-2: USB disconnect, device number 5
[ 1809.494541] usb 2-2: new full-speed USB device number 6 using ohci-pci
[ 1810.370013] usb 2-2: New USB device found, idVendor=046d, idProduct=c34a, bcdDevice=64.00
[ 1810.370018] usb 2-2: New USB device strings: Mfr=1, Product=2, SerialNumber=0
[ 1810.370019] usb 2-2: Product: LogiG TKL MKeyboard
[ 1810.370021] usb 2-2: Manufacturer: Logitech
[ 1810.395517] input: Logitech LogiG TKL MKeyboard as /devices/pci0000:00/0000:00:06.0/usb2/2-2/2-2:1.0/0003:046D:C34A.000B/input/input14
[ 1810.453235] hid-generic 0003:046D:C34A.000B: input,hidraw1: USB HID v1.11 Keyboard [Logitech LogiG TKL MKeyboard] on usb-0000:00:06.0-2/input0
[ 1810.466929] input: Logitech LogiG TKL MKeyboard as /devices/pci0000:00/0000:00:06.0/usb2/2-2/2-2:1.1/0003:046D:C34A.000C/input/input15
[ 1810.558813] hid-generic 0003:046D:C34A.000C: input,hidraw2: USB HID v1.11 Keyboard [Logitech LogiG TKL MKeyboard] on usb-0000:00:06.0-2/input1
[ 1810.567949] hid-generic 0003:046D:C34A.000D: hiddev96,hidraw3: USB HID v1.11 Device [Logitech LogiG TKL MKeyboard] on usb-0000:00:06.0-2/input2
[ 1895.286482] Cleaning up module.
[ 1897.849498] Hello World!
[ 1900.012184] Cleaning up module.
[ 1940.750575] usb 2-2: USB disconnect, device number 6
[ 1943.090060] usb 2-2: new full-speed USB device number 7 using ohci-pci
[ 1943.622508] usb 2-2: New USB device found, idVendor=046d, idProduct=c34a, bcdDevice=64.00
[ 1943.622527] usb 2-2: New USB device strings: Mfr=1, Product=2, SerialNumber=0
[ 1943.622535] usb 2-2: Product: LogiG TKL MKeyboard
[ 1943.622541] usb 2-2: Manufacturer: Logitech
[ 1943.646141] input: Logitech LogiG TKL MKeyboard as /devices/pci0000:00/0000:00:06.0/usb2/2-2/2-2:1.0/0003:046D:C34A.000E/input/input16
[ 1943.699699] hid-generic 0003:046D:C34A.000E: input,hidraw1: USB HID v1.11 Keyboard [Logitech LogiG TKL MKeyboard] on usb-0000:00:06.0-2/input0
[ 1943.712250] input: Logitech LogiG TKL MKeyboard as /devices/pci0000:00/0000:00:06.0/usb2/2-2/2-2:1.1/0003:046D:C34A.000F/input/input17
[ 1943.904098] hid-generic 0003:046D:C34A.000F: input,hidraw2: USB HID v1.11 Keyboard [Logitech LogiG TKL MKeyboard] on usb-0000:00:06.0-2/input1
[ 1943.929817] hid-generic 0003:046D:C34A.0010: hiddev96,hidraw3: USB HID v1.11 Device [Logitech LogiG TKL MKeyboard] on usb-0000:00:06.0-2/input2
[ 1970.510895] Hello World!
[ 1973.519408] Cleaning up module.
[ 2100.464604] usb 2-2: USB disconnect, device number 7
[ 2103.828114] usb 2-2: new full-speed USB device number 8 using ohci-pci
[ 2104.683588] usb 2-2: New USB device found, idVendor=046d, idProduct=c34a, bcdDevice=64.00
[ 2104.683592] usb 2-2: New USB device strings: Mfr=1, Product=2, SerialNumber=0
[ 2104.683594] usb 2-2: Product: LogiG TKL MKeyboard
[ 2104.683595] usb 2-2: Manufacturer: Logitech
[ 2104.711404] input: Logitech LogiG TKL MKeyboard as /devices/pci0000:00/0000:00:06.0/usb2/2-2/2-2:1.0/0003:046D:C34A.0011/input/input18
[ 2104.868388] hid-generic 0003:046D:C34A.0011: input,hidraw1: USB HID v1.11 Keyboard [Logitech LogiG TKL MKeyboard] on usb-0000:00:06.0-2/input0
[ 2104.893103] input: Logitech LogiG TKL MKeyboard as /devices/pci0000:00/0000:00:06.0/usb2/2-2/2-2:1.1/0003:046D:C34A.0012/input/input19
[ 2104.958540] hid-generic 0003:046D:C34A.0012: input,hidraw2: USB HID v1.11 Keyboard [Logitech LogiG TKL MKeyboard] on usb-0000:00:06.0-2/input1
[ 2104.969850] hid-generic 0003:046D:C34A.0013: hiddev96,hidraw3: USB HID v1.11 Device [Logitech LogiG TKL MKeyboard] on usb-0000:00:06.0-2/input2
[ 2104.980910] Hello World!
