[    0.000000] Linux version 6.6.0-rc5-next-20231010 (root@lweglarz) (gcc (Debian 12.2.0-14) 12.2.0, GNU ld (GNU Binutils for Debian) 2.40) #1 SMP PREEMPT_DYNAMIC Tue Oct 10 12:49:03 CEST 2023
[    0.000000] Command line: BOOT_IMAGE=/vmlinuz-6.6.0-rc5-next-20231010 root=UUID=09b362a9-007e-4af4-96ab-59a7da7566f1 ro quiet
[    0.000000] BIOS-provided physical RAM map:
[    0.000000] BIOS-e820: [mem 0x0000000000000000-0x000000000009fbff] usable
[    0.000000] BIOS-e820: [mem 0x000000000009fc00-0x000000000009ffff] reserved
[    0.000000] BIOS-e820: [mem 0x00000000000f0000-0x00000000000fffff] reserved
[    0.000000] BIOS-e820: [mem 0x0000000000100000-0x00000000dffeffff] usable
[    0.000000] BIOS-e820: [mem 0x00000000dfff0000-0x00000000dfffffff] ACPI data
[    0.000000] BIOS-e820: [mem 0x00000000fec00000-0x00000000fec00fff] reserved
[    0.000000] BIOS-e820: [mem 0x00000000fee00000-0x00000000fee00fff] reserved
[    0.000000] BIOS-e820: [mem 0x00000000fffc0000-0x00000000ffffffff] reserved
[    0.000000] BIOS-e820: [mem 0x0000000100000000-0x000000011fffffff] usable
[    0.000000] NX (Execute Disable) protection: active
[    0.000000] APIC: Static calls initialized
[    0.000000] SMBIOS 2.5 present.
[    0.000000] DMI: innotek GmbH VirtualBox/VirtualBox, BIOS VirtualBox 12/01/2006
[    0.000000] Hypervisor detected: KVM
[    0.000000] kvm-clock: Using msrs 4b564d01 and 4b564d00
[    0.000001] kvm-clock: using sched offset of 11369884609 cycles
[    0.000002] clocksource: kvm-clock: mask: 0xffffffffffffffff max_cycles: 0x1cd42e4dffb, max_idle_ns: 881590591483 ns
[    0.000004] tsc: Detected 2111.998 MHz processor
[    0.000426] e820: update [mem 0x00000000-0x00000fff] usable ==> reserved
[    0.000428] e820: remove [mem 0x000a0000-0x000fffff] usable
[    0.000431] last_pfn = 0x120000 max_arch_pfn = 0x400000000
[    0.000437] MTRRs disabled by BIOS
[    0.000439] x86/PAT: Configuration [0-7]: WB  WC  UC- UC  WB  WP  UC- WT  
[    0.000456] last_pfn = 0xdfff0 max_arch_pfn = 0x400000000
[    0.000474] found SMP MP-table at [mem 0x0009fff0-0x0009ffff]
[    0.000483] Incomplete global flushes, disabling PCID
[    0.001450] RAMDISK: [mem 0x360f9000-0x37073fff]
[    0.001454] ACPI: Early table checksum verification disabled
[    0.001456] ACPI: RSDP 0x00000000000E0000 000024 (v02 VBOX  )
[    0.001458] ACPI: XSDT 0x00000000DFFF0030 00003C (v01 VBOX   VBOXXSDT 00000001 ASL  00000061)
[    0.001461] ACPI: FACP 0x00000000DFFF00F0 0000F4 (v04 VBOX   VBOXFACP 00000001 ASL  00000061)
[    0.001464] ACPI: DSDT 0x00000000DFFF0490 002325 (v02 VBOX   VBOXBIOS 00000002 INTL 20200925)
[    0.001465] ACPI: FACS 0x00000000DFFF0200 000040
[    0.001466] ACPI: FACS 0x00000000DFFF0200 000040
[    0.001467] ACPI: APIC 0x00000000DFFF0240 00007C (v02 VBOX   VBOXAPIC 00000001 ASL  00000061)
[    0.001468] ACPI: SSDT 0x00000000DFFF02C0 0001CC (v01 VBOX   VBOXCPUT 00000002 INTL 20200925)
[    0.001469] ACPI: Reserving FACP table memory at [mem 0xdfff00f0-0xdfff01e3]
[    0.001470] ACPI: Reserving DSDT table memory at [mem 0xdfff0490-0xdfff27b4]
[    0.001470] ACPI: Reserving FACS table memory at [mem 0xdfff0200-0xdfff023f]
[    0.001471] ACPI: Reserving FACS table memory at [mem 0xdfff0200-0xdfff023f]
[    0.001471] ACPI: Reserving APIC table memory at [mem 0xdfff0240-0xdfff02bb]
[    0.001472] ACPI: Reserving SSDT table memory at [mem 0xdfff02c0-0xdfff048b]
[    0.001593] No NUMA configuration found
[    0.001594] Faking a node at [mem 0x0000000000000000-0x000000011fffffff]
[    0.001596] NODE_DATA(0) allocated [mem 0x11fff8000-0x11fffbfff]
[    0.001618] Zone ranges:
[    0.001619]   DMA      [mem 0x0000000000001000-0x0000000000ffffff]
[    0.001620]   DMA32    [mem 0x0000000001000000-0x00000000ffffffff]
[    0.001621]   Normal   [mem 0x0000000100000000-0x000000011fffffff]
[    0.001621] Movable zone start for each node
[    0.001622] Early memory node ranges
[    0.001622]   node   0: [mem 0x0000000000001000-0x000000000009efff]
[    0.001623]   node   0: [mem 0x0000000000100000-0x00000000dffeffff]
[    0.001623]   node   0: [mem 0x0000000100000000-0x000000011fffffff]
[    0.001624] Initmem setup node 0 [mem 0x0000000000001000-0x000000011fffffff]
[    0.002097] On node 0, zone DMA: 1 pages in unavailable ranges
[    0.002104] On node 0, zone DMA: 97 pages in unavailable ranges
[    0.016465] On node 0, zone Normal: 16 pages in unavailable ranges
[    0.016682] ACPI: PM-Timer IO Port: 0x4008
[    0.016715] IOAPIC[0]: apic_id 6, version 32, address 0xfec00000, GSI 0-23
[    0.016717] ACPI: INT_SRC_OVR (bus 0 bus_irq 0 global_irq 2 dfl dfl)
[    0.016718] ACPI: INT_SRC_OVR (bus 0 bus_irq 9 global_irq 9 low level)
[    0.016720] ACPI: Using ACPI (MADT) for SMP configuration information
[    0.016721] smpboot: Allowing 6 CPUs, 0 hotplug CPUs
[    0.016732] PM: hibernation: Registered nosave memory: [mem 0x00000000-0x00000fff]
[    0.016733] PM: hibernation: Registered nosave memory: [mem 0x0009f000-0x0009ffff]
[    0.016734] PM: hibernation: Registered nosave memory: [mem 0x000a0000-0x000effff]
[    0.016734] PM: hibernation: Registered nosave memory: [mem 0x000f0000-0x000fffff]
[    0.016734] PM: hibernation: Registered nosave memory: [mem 0xdfff0000-0xdfffffff]
[    0.016735] PM: hibernation: Registered nosave memory: [mem 0xe0000000-0xfebfffff]
[    0.016735] PM: hibernation: Registered nosave memory: [mem 0xfec00000-0xfec00fff]
[    0.016736] PM: hibernation: Registered nosave memory: [mem 0xfec01000-0xfedfffff]
[    0.016736] PM: hibernation: Registered nosave memory: [mem 0xfee00000-0xfee00fff]
[    0.016736] PM: hibernation: Registered nosave memory: [mem 0xfee01000-0xfffbffff]
[    0.016736] PM: hibernation: Registered nosave memory: [mem 0xfffc0000-0xffffffff]
[    0.016737] [mem 0xe0000000-0xfebfffff] available for PCI devices
[    0.016738] Booting paravirtualized kernel on KVM
[    0.016739] clocksource: refined-jiffies: mask: 0xffffffff max_cycles: 0xffffffff, max_idle_ns: 1910969940391419 ns
[    0.020570] setup_percpu: NR_CPUS:64 nr_cpumask_bits:6 nr_cpu_ids:6 nr_node_ids:1
[    0.021084] percpu: Embedded 54 pages/cpu s183016 r8192 d29976 u262144
[    0.021087] pcpu-alloc: s183016 r8192 d29976 u262144 alloc=1*2097152
[    0.021088] pcpu-alloc: [0] 0 1 2 3 4 5 - - 
[    0.021098] Kernel command line: BOOT_IMAGE=/vmlinuz-6.6.0-rc5-next-20231010 root=UUID=09b362a9-007e-4af4-96ab-59a7da7566f1 ro quiet
[    0.021116] Unknown kernel command line parameters "BOOT_IMAGE=/vmlinuz-6.6.0-rc5-next-20231010", will be passed to user space.
[    0.021133] random: crng init done
[    0.021991] Dentry cache hash table entries: 524288 (order: 10, 4194304 bytes, linear)
[    0.022427] Inode-cache hash table entries: 262144 (order: 9, 2097152 bytes, linear)
[    0.022463] Fallback order for Node 0: 0 
[    0.022464] Built 1 zonelists, mobility grouping on.  Total pages: 1031920
[    0.022465] Policy zone: Normal
[    0.022466] mem auto-init: stack:all(zero), heap alloc:off, heap free:off
[    0.022468] software IO TLB: area num 8.
[    0.048357] Memory: 3998716K/4193848K available (18432K kernel code, 2739K rwdata, 6528K rodata, 2632K init, 1532K bss, 194872K reserved, 0K cma-reserved)
[    0.048375] SLUB: HWalign=64, Order=0-3, MinObjects=0, CPUs=6, Nodes=1
[    0.048380] Kernel/User page tables isolation: enabled
[    0.049236] Dynamic Preempt: voluntary
[    0.049632] rcu: Preemptible hierarchical RCU implementation.
[    0.049633] rcu: 	RCU event tracing is enabled.
[    0.049633] rcu: 	RCU restricting CPUs from NR_CPUS=64 to nr_cpu_ids=6.
[    0.049634] 	Trampoline variant of Tasks RCU enabled.
[    0.049634] rcu: RCU calculated value of scheduler-enlistment delay is 100 jiffies.
[    0.049635] rcu: Adjusting geometry for rcu_fanout_leaf=16, nr_cpu_ids=6
[    0.050365] NR_IRQS: 4352, nr_irqs: 472, preallocated irqs: 16
[    0.050520] rcu: srcu_init: Setting srcu_struct sizes based on contention.
[    0.054543] Console: colour VGA+ 80x25
[    0.054545] printk: legacy console [tty0] enabled
[    0.054557] ACPI: Core revision 20230628
[    0.054607] APIC: Switch to symmetric I/O mode setup
[    0.055397] ..TIMER: vector=0x30 apic1=0 pin1=2 apic2=-1 pin2=-1
[    0.055412] clocksource: tsc-early: mask: 0xffffffffffffffff max_cycles: 0x1e71768ef8b, max_idle_ns: 440795218977 ns
[    0.055417] Calibrating delay loop (skipped) preset value.. 4223.99 BogoMIPS (lpj=2111998)
[    0.055503] Last level iTLB entries: 4KB 0, 2MB 0, 4MB 0
[    0.055504] Last level dTLB entries: 4KB 0, 2MB 0, 4MB 0, 1GB 0
[    0.055506] Spectre V1 : Mitigation: usercopy/swapgs barriers and __user pointer sanitization
[    0.055507] Spectre V2 : Mitigation: Retpolines
[    0.055507] Spectre V2 : Spectre v2 / SpectreRSB mitigation: Filling RSB on context switch
[    0.055508] Spectre V2 : Spectre v2 / SpectreRSB : Filling RSB on VMEXIT
[    0.055508] Speculative Store Bypass: Vulnerable
[    0.055510] MDS: Mitigation: Clear CPU buffers
[    0.055521] x86/fpu: Supporting XSAVE feature 0x001: 'x87 floating point registers'
[    0.055521] x86/fpu: Supporting XSAVE feature 0x002: 'SSE registers'
[    0.055522] x86/fpu: Supporting XSAVE feature 0x004: 'AVX registers'
[    0.055522] x86/fpu: xstate_offset[2]:  576, xstate_sizes[2]:  256
[    0.055523] x86/fpu: Enabled xstate features 0x7, context size is 832 bytes, using 'standard' format.
[    0.067153] Freeing SMP alternatives memory: 48K
[    0.067156] pid_max: default: 32768 minimum: 301
[    0.067164] LSM: initializing lsm=capability,selinux,integrity
[    0.067167] SELinux:  Initializing.
[    0.067181] Mount-cache hash table entries: 8192 (order: 4, 65536 bytes, linear)
[    0.067185] Mountpoint-cache hash table entries: 8192 (order: 4, 65536 bytes, linear)
[    0.169553] smpboot: CPU0: 12th Gen Intel(R) Core(TM) i7-12700 (family: 0x6, model: 0x97, stepping: 0x2)
[    0.169618] RCU Tasks: Setting shift to 3 and lim to 1 rcu_task_cb_adjust=1.
[    0.169622] Performance Events: unsupported p6 CPU model 151 no PMU driver, software events only.
[    0.169633] signal: max sigframe size: 1776
[    0.170066] rcu: Hierarchical SRCU implementation.
[    0.170066] rcu: 	Max phase no-delay instances is 400.
[    0.170146] smp: Bringing up secondary CPUs ...
[    0.170174] smpboot: x86: Booting SMP configuration:
[    0.170174] .... node  #0, CPUs:      #1 #2 #3 #4 #5
[    0.177769] smp: Brought up 1 node, 6 CPUs
[    0.177771] smpboot: Max logical packages: 1
[    0.177772] smpboot: Total of 6 processors activated (25343.97 BogoMIPS)
[    0.178488] devtmpfs: initialized
[    0.178488] clocksource: jiffies: mask: 0xffffffff max_cycles: 0xffffffff, max_idle_ns: 1911260446275000 ns
[    0.178488] futex hash table entries: 2048 (order: 5, 131072 bytes, linear)
[    0.179415] PM: RTC time: 09:51:53, date: 2023-10-23
[    0.179632] NET: Registered PF_NETLINK/PF_ROUTE protocol family
[    0.179668] audit: initializing netlink subsys (disabled)
[    0.179683] audit: type=2000 audit(1698054726.921:1): state=initialized audit_enabled=0 res=1
[    0.179683] thermal_sys: Registered thermal governor 'step_wise'
[    0.179683] thermal_sys: Registered thermal governor 'user_space'
[    0.179683] cpuidle: using governor menu
[    0.179683] PCI: Using configuration type 1 for base access
[    0.179683] kprobes: kprobe jump-optimization is enabled. All kprobes are optimized if possible.
[    0.182616] HugeTLB: registered 2.00 MiB page size, pre-allocated 0 pages
[    0.182617] HugeTLB: 28 KiB vmemmap can be freed for a 2.00 MiB page
[    0.182748] ACPI: Added _OSI(Module Device)
[    0.182748] ACPI: Added _OSI(Processor Device)
[    0.182749] ACPI: Added _OSI(3.0 _SCP Extensions)
[    0.182749] ACPI: Added _OSI(Processor Aggregator Device)
[    0.183207] ACPI: 2 ACPI AML tables successfully acquired and loaded
[    0.183833] ACPI: _OSC evaluation for CPUs failed, trying _PDC
[    0.183872] ACPI: Interpreter enabled
[    0.183877] ACPI: PM: (supports S0 S5)
[    0.183877] ACPI: Using IOAPIC for interrupt routing
[    0.183931] PCI: Using host bridge windows from ACPI; if necessary, use "pci=nocrs" and report a bug
[    0.183932] PCI: Using E820 reservations for host bridge windows
[    0.183968] ACPI: Enabled 2 GPEs in block 00 to 07
[    0.185636] ACPI: PCI Root Bridge [PCI0] (domain 0000 [bus 00-ff])
[    0.185639] acpi PNP0A03:00: _OSC: OS supports [ASPM ClockPM Segments MSI HPX-Type3]
[    0.185640] acpi PNP0A03:00: _OSC: not requesting OS control; OS requires [ExtendedConfig ASPM ClockPM MSI]
[    0.185749] acpi PNP0A03:00: fail to add MMCONFIG information, can't access extended configuration space under this bridge
[    0.185796] PCI host bridge to bus 0000:00
[    0.185797] pci_bus 0000:00: root bus resource [io  0x0000-0x0cf7 window]
[    0.185798] pci_bus 0000:00: root bus resource [io  0x0d00-0xffff window]
[    0.185799] pci_bus 0000:00: root bus resource [mem 0x000a0000-0x000bffff window]
[    0.185799] pci_bus 0000:00: root bus resource [mem 0xe0000000-0xfdffffff window]
[    0.185800] pci_bus 0000:00: root bus resource [bus 00-ff]
[    0.185887] pci 0000:00:00.0: [8086:1237] type 00 class 0x060000
[    0.186148] pci 0000:00:01.0: [8086:7000] type 00 class 0x060100
[    0.189968] pci 0000:00:02.0: [15ad:0405] type 00 class 0x030000
[    0.191510] pci 0000:00:02.0: reg 0x10: [io  0xd000-0xd00f]
[    0.192646] pci 0000:00:02.0: reg 0x14: [mem 0xe0000000-0xe0ffffff pref]
[    0.194415] pci 0000:00:02.0: reg 0x18: [mem 0xf0000000-0xf01fffff]
[    0.206528] pci 0000:00:02.0: Video device with shadowed ROM at [mem 0x000c0000-0x000dffff]
[    0.206691] pci 0000:00:03.0: [8086:100e] type 00 class 0x020000
[    0.207413] pci 0000:00:03.0: reg 0x10: [mem 0xf0200000-0xf021ffff]
[    0.208414] pci 0000:00:03.0: reg 0x18: [io  0xd010-0xd017]
[    0.211676] pci 0000:00:04.0: [80ee:cafe] type 00 class 0x088000
[    0.212413] pci 0000:00:04.0: reg 0x10: [io  0xd020-0xd03f]
[    0.212464] pci 0000:00:04.0: reg 0x14: [mem 0xf0400000-0xf07fffff]
[    0.213478] pci 0000:00:04.0: reg 0x18: [mem 0xf0800000-0xf0803fff pref]
[    0.218433] pci 0000:00:06.0: [106b:003f] type 00 class 0x0c0310
[    0.219413] pci 0000:00:06.0: reg 0x10: [mem 0xf0804000-0xf0804fff]
[    0.227859] pci 0000:00:07.0: [8086:7113] type 00 class 0x068000
[    0.229217] pci 0000:00:07.0: quirk: [io  0x4000-0x403f] claimed by PIIX4 ACPI
[    0.229236] pci 0000:00:07.0: quirk: [io  0x4100-0x410f] claimed by PIIX4 SMB
[    0.229705] pci 0000:00:0b.0: [8086:265c] type 00 class 0x0c0320
[    0.231420] pci 0000:00:0b.0: reg 0x10: [mem 0xf0805000-0xf0805fff]
[    0.244860] pci 0000:00:0d.0: [8086:2829] type 00 class 0x010601
[    0.246472] pci 0000:00:0d.0: reg 0x10: [io  0xd040-0xd047]
[    0.248599] pci 0000:00:0d.0: reg 0x14: [io  0xd048-0xd04b]
[    0.251592] pci 0000:00:0d.0: reg 0x18: [io  0xd050-0xd057]
[    0.253520] pci 0000:00:0d.0: reg 0x1c: [io  0xd058-0xd05b]
[    0.257458] pci 0000:00:0d.0: reg 0x20: [io  0xd060-0xd06f]
[    0.260487] pci 0000:00:0d.0: reg 0x24: [mem 0xf0806000-0xf0807fff]
[    0.268238] ACPI: PCI: Interrupt link LNKA configured for IRQ 11
[    0.268650] ACPI: PCI: Interrupt link LNKB configured for IRQ 10
[    0.268861] ACPI: PCI: Interrupt link LNKC configured for IRQ 9
[    0.269096] ACPI: PCI: Interrupt link LNKD configured for IRQ 11
[    0.269346] iommu: Default domain type: Translated
[    0.269349] iommu: DMA domain TLB invalidation policy: lazy mode
[    0.269473] SCSI subsystem initialized
[    0.269544] libata version 3.00 loaded.
[    0.269544] ACPI: bus type USB registered
[    0.269554] usbcore: registered new interface driver usbfs
[    0.269566] usbcore: registered new interface driver hub
[    0.269577] usbcore: registered new device driver usb
[    0.269601] pps_core: LinuxPPS API ver. 1 registered
[    0.269603] pps_core: Software ver. 5.3.6 - Copyright 2005-2007 Rodolfo Giometti <giometti@linux.it>
[    0.269610] PTP clock support registered
[    0.270505] Advanced Linux Sound Architecture Driver Initialized.
[    0.270871] NetLabel: Initializing
[    0.270873] NetLabel:  domain hash size = 128
[    0.270876] NetLabel:  protocols = UNLABELED CIPSOv4 CALIPSO
[    0.270911] NetLabel:  unlabeled traffic allowed by default
[    0.270967] PCI: Using ACPI for IRQ routing
[    0.270967] PCI: pci_cache_line_size set to 64 bytes
[    0.271953] e820: reserve RAM buffer [mem 0x0009fc00-0x0009ffff]
[    0.271958] e820: reserve RAM buffer [mem 0xdfff0000-0xdfffffff]
[    0.272011] pci 0000:00:02.0: vgaarb: setting as boot VGA device
[    0.272011] pci 0000:00:02.0: vgaarb: bridge control possible
[    0.272011] pci 0000:00:02.0: vgaarb: VGA device added: decodes=io+mem,owns=io+mem,locks=none
[    0.272011] vgaarb: loaded
[    0.275636] clocksource: Switched to clocksource kvm-clock
[    0.275756] VFS: Disk quotas dquot_6.6.0
[    0.275769] VFS: Dquot-cache hash table entries: 512 (order 0, 4096 bytes)
[    0.275825] pnp: PnP ACPI init
[    0.276866] pnp: PnP ACPI: found 2 devices
[    0.288485] clocksource: acpi_pm: mask: 0xffffff max_cycles: 0xffffff, max_idle_ns: 2085701024 ns
[    0.288498] NET: Registered PF_INET protocol family
[    0.288577] IP idents hash table entries: 65536 (order: 7, 524288 bytes, linear)
[    0.288577] tcp_listen_portaddr_hash hash table entries: 2048 (order: 3, 32768 bytes, linear)
[    0.288577] Table-perturb hash table entries: 65536 (order: 6, 262144 bytes, linear)
[    0.288577] TCP established hash table entries: 32768 (order: 6, 262144 bytes, linear)
[    0.288577] TCP bind hash table entries: 32768 (order: 8, 1048576 bytes, linear)
[    0.288577] TCP: Hash tables configured (established 32768 bind 32768)
[    0.288577] UDP hash table entries: 2048 (order: 4, 65536 bytes, linear)
[    0.288577] UDP-Lite hash table entries: 2048 (order: 4, 65536 bytes, linear)
[    0.288577] NET: Registered PF_UNIX/PF_LOCAL protocol family
[    0.290203] RPC: Registered named UNIX socket transport module.
[    0.290204] RPC: Registered udp transport module.
[    0.290204] RPC: Registered tcp transport module.
[    0.290204] RPC: Registered tcp-with-tls transport module.
[    0.290205] RPC: Registered tcp NFSv4.1 backchannel transport module.
[    0.290455] pci_bus 0000:00: resource 4 [io  0x0000-0x0cf7 window]
[    0.290456] pci_bus 0000:00: resource 5 [io  0x0d00-0xffff window]
[    0.290457] pci_bus 0000:00: resource 6 [mem 0x000a0000-0x000bffff window]
[    0.290458] pci_bus 0000:00: resource 7 [mem 0xe0000000-0xfdffffff window]
[    0.290473] pci 0000:00:00.0: Limiting direct PCI/PCI transfers
[    0.291408] PCI: CLS 0 bytes, default 64
[    0.291411] PCI-DMA: Using software bounce buffering for IO (SWIOTLB)
[    0.291412] software IO TLB: mapped [mem 0x00000000dbff0000-0x00000000dfff0000] (64MB)
[    0.291636] Unpacking initramfs...
[    0.297363] RAPL PMU: API unit is 2^-32 Joules, 0 fixed counters, 10737418240 ms ovfl timer
[    0.297374] clocksource: tsc: mask: 0xffffffffffffffff max_cycles: 0x1e71768ef8b, max_idle_ns: 440795218977 ns
[    0.297540] clocksource: Switched to clocksource tsc
[    0.297554] platform rtc_cmos: registered platform RTC device (no PNP device found)
[    0.327301] Initialise system trusted keyrings
[    0.327581] workingset: timestamp_bits=56 max_order=20 bucket_order=0
[    0.328557] NFS: Registering the id_resolver key type
[    0.328562] Key type id_resolver registered
[    0.328563] Key type id_legacy registered
[    0.328644] 9p: Installing v9fs 9p2000 file system support
[    0.329741] Freeing initrd memory: 15852K
[    0.334878] Key type asymmetric registered
[    0.334879] Asymmetric key parser 'x509' registered
[    0.334888] Block layer SCSI generic (bsg) driver version 0.4 loaded (major 251)
[    0.334893] io scheduler mq-deadline registered
[    0.334894] io scheduler kyber registered
[    0.335545] ACPI: AC: AC Adapter [AC] (on-line)
[    0.335590] input: Power Button as /devices/LNXSYSTM:00/LNXPWRBN:00/input/input0
[    0.335661] ACPI: button: Power Button [PWRF]
[    0.335671] input: Sleep Button as /devices/LNXSYSTM:00/LNXSLPBN:00/input/input1
[    0.335693] ACPI: button: Sleep Button [SLPF]
[    0.335712] ACPI: video: Video Device [GFX0] (multi-head: yes  rom: no  post: no)
[    0.335734] input: Video Bus as /devices/LNXSYSTM:00/LNXSYBUS:00/PNP0A03:00/LNXVIDEO:00/input/input2
[    0.335954] Serial: 8250/16550 driver, 4 ports, IRQ sharing enabled
[    0.336401] Non-volatile memory driver v1.3
[    0.336401] Linux agpgart interface v0.103
[    0.336433] ACPI: bus type drm_connector registered
[    0.338727] loop: module loaded
[    0.338752] ahci 0000:00:0d.0: version 3.0
[    0.338976] ahci 0000:00:0d.0: SSS flag set, parallel bus scan disabled
[    0.339065] ahci 0000:00:0d.0: AHCI 0001.0100 32 slots 2 ports 3 Gbps 0x3 impl SATA mode
[    0.339066] ahci 0000:00:0d.0: flags: 64bit ncq stag only ccc 
[    0.339462] scsi host0: ahci
[    0.339689] scsi host1: ahci
[    0.339705] ata1: SATA max UDMA/133 abar m8192@0xf0806000 port 0xf0806100 irq 21 lpm-pol 0
[    0.339708] ata2: SATA max UDMA/133 abar m8192@0xf0806000 port 0xf0806180 irq 21 lpm-pol 0
[    0.339821] e100: Intel(R) PRO/100 Network Driver
[    0.339821] e100: Copyright(c) 1999-2006 Intel Corporation
[    0.339824] e1000: Intel(R) PRO/1000 Network Driver
[    0.339824] e1000: Copyright (c) 1999-2006 Intel Corporation.
[    0.646361] ata1: SATA link up 3.0 Gbps (SStatus 123 SControl 300)
[    0.646643] ata1.00: ATA-6: VBOX HARDDISK, 1.0, max UDMA/133
[    0.646645] ata1.00: 52428800 sectors, multi 128: LBA48 NCQ (depth 32)
[    0.646982] ata1.00: configured for UDMA/133
[    0.647869] scsi 0:0:0:0: Direct-Access     ATA      VBOX HARDDISK    1.0  PQ: 0 ANSI: 5
[    0.648141] sd 0:0:0:0: Attached scsi generic sg0 type 0
[    0.648163] sd 0:0:0:0: [sda] 52428800 512-byte logical blocks: (26.8 GB/25.0 GiB)
[    0.648166] sd 0:0:0:0: [sda] Write Protect is off
[    0.648167] sd 0:0:0:0: [sda] Mode Sense: 00 3a 00 00
[    0.648171] sd 0:0:0:0: [sda] Write cache: enabled, read cache: enabled, doesn't support DPO or FUA
[    0.648175] sd 0:0:0:0: [sda] Preferred minimum I/O size 512 bytes
[    0.649566]  sda: sda1 sda2 sda3
[    0.649908] sd 0:0:0:0: [sda] Attached SCSI disk
[    0.864366] e1000 0000:00:03.0 eth0: (PCI:33MHz:32-bit) 08:00:27:ab:76:b3
[    0.864371] e1000 0000:00:03.0 eth0: Intel(R) PRO/1000 Network Connection
[    0.864382] e1000e: Intel(R) PRO/1000 Network Driver
[    0.864383] e1000e: Copyright(c) 1999 - 2015 Intel Corporation.
[    0.864389] sky2: driver version 1.30
[    0.864804] ohci-pci 0000:00:06.0: OHCI PCI host controller
[    0.865051] ohci-pci 0000:00:06.0: new USB bus registered, assigned bus number 1
[    0.865093] ohci-pci 0000:00:06.0: irq 22, io mem 0xf0804000
[    1.098030] ata2: SATA link up 3.0 Gbps (SStatus 123 SControl 300)
[    1.098629] ata2.00: ATAPI: VBOX CD-ROM, 1.0, max UDMA/133
[    1.098642] ata2.00: applying bridge limits
[    1.099859] usb usb1: New USB device found, idVendor=1d6b, idProduct=0001, bcdDevice= 6.06
[    1.099871] usb usb1: New USB device strings: Mfr=3, Product=2, SerialNumber=1
[    1.099876] usb usb1: Product: OHCI PCI host controller
[    1.099879] usb usb1: Manufacturer: Linux 6.6.0-rc5-next-20231010 ohci_hcd
[    1.099882] usb usb1: SerialNumber: 0000:00:06.0
[    1.099930] ata2.00: configured for UDMA/100
[    1.100799] hub 1-0:1.0: USB hub found
[    1.100854] hub 1-0:1.0: 12 ports detected
[    1.101385] scsi 1:0:0:0: CD-ROM            VBOX     CD-ROM           1.0  PQ: 0 ANSI: 5
[    1.102158] usbcore: registered new interface driver usblp
[    1.102182] usbcore: registered new interface driver usb-storage
[    1.102255] i8042: PNP: PS/2 Controller [PNP0303:PS2K,PNP0f03:PS2M] at 0x60,0x64 irq 1,12
[    1.102330] ehci-pci 0000:00:0b.0: EHCI Host Controller
[    1.102865] ehci-pci 0000:00:0b.0: new USB bus registered, assigned bus number 2
[    1.103760] ehci-pci 0000:00:0b.0: irq 19, io mem 0xf0805000
[    1.104187] serio: i8042 KBD port at 0x60,0x64 irq 1
[    1.104196] serio: i8042 AUX port at 0x60,0x64 irq 12
[    1.104524] sr 1:0:0:0: [sr0] scsi3-mmc drive: 32x/32x xa/form2 tray
[    1.104533] cdrom: Uniform CD-ROM driver Revision: 3.20
[    1.109758] rtc_cmos rtc_cmos: registered as rtc0
[    1.110021] rtc_cmos rtc_cmos: alarms up to one day, 114 bytes nvram
[    1.110095] input: AT Translated Set 2 keyboard as /devices/platform/i8042/serio0/input/input3
[    1.110302] fail to initialize ptp_kvm
[    1.111063] ehci-pci 0000:00:0b.0: USB 2.0 started, EHCI 1.00
[    1.112257] device-mapper: ioctl: 4.48.0-ioctl (2023-03-01) initialised: dm-devel@redhat.com
[    1.112279] intel_pstate: CPU model not supported
[    1.112319] hid: raw HID events driver (C) Jiri Kosina
[    1.112470] usb usb2: New USB device found, idVendor=1d6b, idProduct=0002, bcdDevice= 6.06
[    1.112477] usb usb2: New USB device strings: Mfr=3, Product=2, SerialNumber=1
[    1.112482] usb usb2: Product: EHCI Host Controller
[    1.112485] usb usb2: Manufacturer: Linux 6.6.0-rc5-next-20231010 ehci_hcd
[    1.112488] usb usb2: SerialNumber: 0000:00:0b.0
[    1.113204] usbcore: registered new interface driver usbhid
[    1.113209] usbhid: USB HID core driver
[    1.113541] sr 1:0:0:0: Attached scsi CD-ROM sr0
[    1.113796] hub 2-0:1.0: USB hub found
[    1.113809] hub 2-0:1.0: 12 ports detected
[    1.114423] sr 1:0:0:0: Attached scsi generic sg1 type 5
[    1.115742] Initializing XFRM netlink socket
[    1.115777] NET: Registered PF_INET6 protocol family
[    1.117588] Segment Routing with IPv6
[    1.117605] In-situ OAM (IOAM) with IPv6
[    1.117683] sit: IPv6, IPv4 and MPLS over IPv4 tunneling driver
[    1.118122] NET: Registered PF_PACKET protocol family
[    1.118170] 9pnet: Installing 9P2000 support
[    1.118197] Key type dns_resolver registered
[    1.121473] IPI shorthand broadcast: enabled
[    1.123688] sched_clock: Marking stable (1118134208, 4553875)->(1130703395, -8015312)
[    1.126860] registered taskstats version 1
[    1.126862] Loading compiled-in X.509 certificates
[    1.129483] PM:   Magic number: 11:47:880
[    1.129525] printk: legacy console [netcon0] enabled
[    1.129528] netconsole: network logging started
[    1.129575] cfg80211: Loading compiled-in X.509 certificates for regulatory database
[    1.131764] modprobe (86) used greatest stack depth: 13608 bytes left
[    1.135560] Loaded X.509 cert 'sforshee: 00b28ddf47aef9cea7'
[    1.136222] cfg80211: loaded regulatory.db is malformed or signature is missing/invalid
[    1.136273] ALSA device list:
[    1.136275]   No soundcards found.
[    1.136990] Freeing unused kernel image (initmem) memory: 2632K
[    1.327055] input: ImExPS/2 Generic Explorer Mouse as /devices/platform/i8042/serio1/input/input5
[    1.557568] Write protecting the kernel read-only data: 26624k
[    1.558221] Freeing unused kernel image (rodata/data gap) memory: 1664K
[    1.590034] x86/mm: Checked W+X mappings: passed, no W+X pages found.
[    1.590039] x86/mm: Checking user space page tables
[    1.618272] x86/mm: Checked W+X mappings: passed, no W+X pages found.
[    1.618275] Run /init as init process
[    1.618276]   with arguments:
[    1.618276]     /init
[    1.618276]   with environment:
[    1.618277]     HOME=/
[    1.618277]     TERM=linux
[    1.618277]     BOOT_IMAGE=/vmlinuz-6.6.0-rc5-next-20231010
[    1.634472] systemd-udevd (112) used greatest stack depth: 13408 bytes left
[    1.644543] udevadm (114) used greatest stack depth: 13400 bytes left
[    1.664285] e1000 0000:00:03.0 enp0s3: renamed from eth0
[    1.723257] usb 1-1: new full-speed USB device number 2 using ohci-pci
[    2.212760] usb 1-1: New USB device found, idVendor=80ee, idProduct=0021, bcdDevice= 1.00
[    2.212775] usb 1-1: New USB device strings: Mfr=1, Product=3, SerialNumber=0
[    2.212780] usb 1-1: Product: USB Tablet
[    2.212784] usb 1-1: Manufacturer: VirtualBox
[    2.224886] input: VirtualBox USB Tablet as /devices/pci0000:00/0000:00:06.0/usb1/1-1/1-1:1.0/0003:80EE:0021.0001/input/input6
[    2.225606] hid-generic 0003:80EE:0021.0001: input,hidraw0: USB HID v1.10 Mouse [VirtualBox USB Tablet] on usb-0000:00:06.0-1/input0
[    2.866641] usb 1-2: new full-speed USB device number 3 using ohci-pci
[    3.590727] usb 1-2: New USB device found, idVendor=413c, idProduct=2113, bcdDevice= 1.10
[    3.590741] usb 1-2: New USB device strings: Mfr=0, Product=2, SerialNumber=0
[    3.590746] usb 1-2: Product: Dell KB216 Wired Keyboard
[    3.606409] input: Dell KB216 Wired Keyboard as /devices/pci0000:00/0000:00:06.0/usb1/1-2/1-2:1.0/0003:413C:2113.0002/input/input7
[    3.660162] hid-generic 0003:413C:2113.0002: input,hidraw1: USB HID v1.11 Keyboard [Dell KB216 Wired Keyboard] on usb-0000:00:06.0-2/input0
[    3.674233] input: Dell KB216 Wired Keyboard Consumer Control as /devices/pci0000:00/0000:00:06.0/usb1/1-2/1-2:1.1/0003:413C:2113.0003/input/input8
[    4.061823] input: Dell KB216 Wired Keyboard System Control as /devices/pci0000:00/0000:00:06.0/usb1/1-2/1-2:1.1/0003:413C:2113.0003/input/input9
[    4.063101] hid-generic 0003:413C:2113.0003: input,hidraw2: USB HID v1.11 Device [Dell KB216 Wired Keyboard] on usb-0000:00:06.0-2/input1
[    4.611041] EXT4-fs (sda3): mounted filesystem 09b362a9-007e-4af4-96ab-59a7da7566f1 ro with ordered data mode. Quota mode: none.
[    4.699560] (udev-worker) (118) used greatest stack depth: 12824 bytes left
[    8.366578] systemd[1]: systemd 252.12-1~deb12u1 running in system mode (+PAM +AUDIT +SELINUX +APPARMOR +IMA +SMACK +SECCOMP +GCRYPT -GNUTLS +OPENSSL +ACL +BLKID +CURL +ELFUTILS +FIDO2 +IDN2 -IDN +IPTC +KMOD +LIBCRYPTSETUP +LIBFDISK +PCRE2 -PWQUALITY +P11KIT +QRENCODE +TPM2 +BZIP2 +LZ4 +XZ +ZLIB +ZSTD -BPF_FRAMEWORK -XKBCOMMON +UTMP +SYSVINIT default-hierarchy=unified)
[    8.366593] systemd[1]: Detected virtualization oracle.
[    8.366604] systemd[1]: Detected architecture x86-64.
[    8.442896] systemd[1]: Hostname set to <lweglarz>.
[   11.523987] systemd[1]: Queued start job for default target graphical.target.
[   11.595449] systemd[1]: Created slice system-getty.slice - Slice /system/getty.
[   11.595956] systemd[1]: Created slice system-modprobe.slice - Slice /system/modprobe.
[   11.596333] systemd[1]: Created slice system-systemd\x2dfsck.slice - Slice /system/systemd-fsck.
[   11.596629] systemd[1]: Created slice user.slice - User and Session Slice.
[   11.596839] systemd[1]: Started systemd-ask-password-console.path - Dispatch Password Requests to Console Directory Watch.
[   11.596980] systemd[1]: Started systemd-ask-password-wall.path - Forward Password Requests to Wall Directory Watch.
[   11.597348] systemd[1]: Set up automount proc-sys-fs-binfmt_misc.automount - Arbitrary Executable File Formats File System Automount Point.
[   11.597426] systemd[1]: Reached target cryptsetup.target - Local Encrypted Volumes.
[   11.597470] systemd[1]: Reached target integritysetup.target - Local Integrity Protected Volumes.
[   11.597529] systemd[1]: Reached target paths.target - Path Units.
[   11.597573] systemd[1]: Reached target remote-fs.target - Remote File Systems.
[   11.597617] systemd[1]: Reached target slices.target - Slice Units.
[   11.597669] systemd[1]: Reached target time-set.target - System Time Set.
[   11.597740] systemd[1]: Reached target veritysetup.target - Local Verity Protected Volumes.
[   11.597978] systemd[1]: Listening on systemd-fsckd.socket - fsck to fsckd communication Socket.
[   11.598096] systemd[1]: Listening on systemd-initctl.socket - initctl Compatibility Named Pipe.
[   11.599533] systemd[1]: Listening on systemd-journald-audit.socket - Journal Audit Socket.
[   11.599991] systemd[1]: Listening on systemd-journald-dev-log.socket - Journal Socket (/dev/log).
[   11.600259] systemd[1]: Listening on systemd-journald.socket - Journal Socket.
[   11.791658] systemd[1]: Listening on systemd-udevd-control.socket - udev Control Socket.
[   11.792025] systemd[1]: Listening on systemd-udevd-kernel.socket - udev Kernel Socket.
[   11.835141] systemd[1]: Mounting dev-hugepages.mount - Huge Pages File System...
[   11.837483] systemd[1]: Mounting dev-mqueue.mount - POSIX Message Queue File System...
[   11.839076] systemd[1]: Mounting sys-kernel-debug.mount - Kernel Debug File System...
[   11.839500] systemd[1]: Mounting sys-kernel-tracing.mount - Kernel Trace File System...
[   11.907310] systemd[1]: Starting keyboard-setup.service - Set the console keyboard layout...
[   11.907421] systemd[1]: kmod-static-nodes.service - Create List of Static Device Nodes was skipped because of an unmet condition check (ConditionFileNotEmpty=/lib/modules/6.6.0-rc5-next-20231010/modules.devname).
[   11.909869] systemd[1]: Starting modprobe@configfs.service - Load Kernel Module configfs...
[   11.910452] systemd[1]: Starting modprobe@dm_mod.service - Load Kernel Module dm_mod...
[   11.910863] systemd[1]: Starting modprobe@drm.service - Load Kernel Module drm...
[   11.911456] systemd[1]: Starting modprobe@efi_pstore.service - Load Kernel Module efi_pstore...
[   11.913247] systemd[1]: Starting modprobe@fuse.service - Load Kernel Module fuse...
[   11.915105] systemd[1]: Starting modprobe@loop.service - Load Kernel Module loop...
[   11.915223] systemd[1]: systemd-fsck-root.service - File System Check on Root Device was skipped because of an unmet condition check (ConditionPathExists=!/run/initramfs/fsck-root).
[   11.915473] systemd[1]: systemd-journald.service: unit configures an IP firewall, but the local system does not support BPF/cgroup firewalling.
[   11.915515] systemd[1]: (This warning is only shown for the first unit using IP firewalling.)
[   11.916587] systemd[1]: Starting systemd-journald.service - Journal Service...
[   11.933668] systemd[1]: Starting systemd-modules-load.service - Load Kernel Modules...
[   11.934780] systemd[1]: Starting systemd-remount-fs.service - Remount Root and Kernel File Systems...
[   11.935821] systemd[1]: Starting systemd-udev-trigger.service - Coldplug All udev Devices...
[   12.060641] systemd[1]: Finished systemd-modules-load.service - Load Kernel Modules.
[   12.070367] systemd[1]: Starting systemd-sysctl.service - Apply Kernel Variables...
[   12.087781] systemd[1]: modprobe@configfs.service: Deactivated successfully.
[   12.088018] systemd[1]: Finished modprobe@configfs.service - Load Kernel Module configfs.
[   12.089046] systemd[1]: modprobe@dm_mod.service: Deactivated successfully.
[   12.089255] systemd[1]: Finished modprobe@dm_mod.service - Load Kernel Module dm_mod.
[   12.089910] systemd[1]: modprobe@drm.service: Deactivated successfully.
[   12.090159] systemd[1]: Finished modprobe@drm.service - Load Kernel Module drm.
[   12.090784] systemd[1]: modprobe@efi_pstore.service: Deactivated successfully.
[   12.091055] systemd[1]: Finished modprobe@efi_pstore.service - Load Kernel Module efi_pstore.
[   12.091619] systemd[1]: modprobe@fuse.service: Deactivated successfully.
[   12.091868] systemd[1]: Finished modprobe@fuse.service - Load Kernel Module fuse.
[   12.092382] systemd[1]: modprobe@loop.service: Deactivated successfully.
[   12.092699] systemd[1]: Finished modprobe@loop.service - Load Kernel Module loop.
[   12.093303] systemd[1]: sys-fs-fuse-connections.mount - FUSE Control File System was skipped because of an unmet condition check (ConditionPathExists=/sys/fs/fuse/connections).
[   12.093549] systemd[1]: sys-kernel-config.mount - Kernel Configuration File System was skipped because of an unmet condition check (ConditionPathExists=/sys/kernel/config).
[   12.093740] systemd[1]: systemd-repart.service - Repartition Root Disk was skipped because no trigger condition checks were met.
[   12.191764] systemd[1]: Started systemd-journald.service - Journal Service.
[   12.827718] EXT4-fs (sda3): re-mounted 09b362a9-007e-4af4-96ab-59a7da7566f1 r/w. Quota mode: none.
[   12.907283] systemd-journald[213]: Received client request to flush runtime journal.
[   12.915817] systemd-journald[213]: File /var/log/journal/17701383bee7452fadb2564b4547ed78/system.journal corrupted or uncleanly shut down, renaming and replacing.
[   14.733882] keyboard_load: loading out-of-tree module taints kernel.
[   14.735211] Hello World!
[   14.993590] Adding 4395004k swap on /dev/sda2.  Priority:-2 extents:1 across:4395004k 
[   15.498924] EXT4-fs (sda1): mounted filesystem fc13ecec-9a09-4d11-b7a9-77005ce04565 r/w with ordered data mode. Quota mode: none.
[   16.798300] e1000: enp0s3 NIC Link is Up 1000 Mbps Full Duplex, Flow Control: RX
[   89.641814] Cleaning up module.
[  110.300388] usb 1-2: USB disconnect, device number 3
[  116.131918] usb 1-2: new low-speed USB device number 4 using ohci-pci
[  117.111444] usb 1-2: New USB device found, idVendor=413c, idProduct=2113, bcdDevice= 1.10
[  117.111459] usb 1-2: New USB device strings: Mfr=0, Product=2, SerialNumber=0
[  117.111465] usb 1-2: Product: Dell KB216 Wired Keyboard
[  117.127818] input: Dell KB216 Wired Keyboard as /devices/pci0000:00/0000:00:06.0/usb1/1-2/1-2:1.0/0003:413C:2113.0004/input/input10
[  117.255046] hid-generic 0003:413C:2113.0004: input,hidraw1: USB HID v1.11 Keyboard [Dell KB216 Wired Keyboard] on usb-0000:00:06.0-2/input0
[  117.276116] input: Dell KB216 Wired Keyboard Consumer Control as /devices/pci0000:00/0000:00:06.0/usb1/1-2/1-2:1.1/0003:413C:2113.0005/input/input11
[  117.337440] input: Dell KB216 Wired Keyboard System Control as /devices/pci0000:00/0000:00:06.0/usb1/1-2/1-2:1.1/0003:413C:2113.0005/input/input12
[  117.338161] hid-generic 0003:413C:2113.0005: input,hidraw2: USB HID v1.11 Device [Dell KB216 Wired Keyboard] on usb-0000:00:06.0-2/input1
[  117.353413] Hello World!
